172.20.0.3 - - [08/Feb/2026 09:19:03] "[33mGET /static/image.jpg HTTP/1.1[0m" 404 -
198.51.100.50 - - [08/Feb/2026:09:19:03 +0000] "POST /login HTTP/1.1" 401 545 "-" "BadBot/1.0"
172.20.0.3 - - [08/Feb/2026 09:19:03] "[31m[1mPOST /login HTTP/1.1[0m" 401 -
10.0.0.51 - - [08/Feb/2026:09:19:04 +0000] "POST /checkout HTTP/1.1" 200 2137 "-" "Mozilla/5.0 (Macintosh; Intel Mac OS X 10_15_7) AppleWebKit/537.36"
172.20.0.3 - - [08/Feb/2026 09:19:04] "POST /checkout HTTP/1.1" 200 -
198.51.100.50 - - [08/Feb/2026:09:19:07 +0000] "GET / HTTP/1.1" 200 1887 "-" "Mozilla/5.0 (Macintosh; Intel Mac OS X 10_15_7) AppleWebKit/537.36"
172.20.0.3 - - [08/Feb/2026 09:19:07] "GET / HTTP/1.1" 200 -
203.0.113.42 - - [08/Feb/2026:09:19:07 +0000] "GET /api/search HTTP/1.1" 200 2255 "-" "Mozilla/5.0 (Windows NT 10.0; Win64; x64) AppleWebKit/537.36"
172.20.0.3 - - [08/Feb/2026 09:19:07] "GET /api/search?q=test HTTP/1.1" 200 -
192.168.1.101 - - [08/Feb/2026:09:19:07 +0000] "GET /admin HTTP/1.1" 200 1671 "-" "Googlebot/2.1"
172.20.0.3 - - [08/Feb/2026 09:19:07] "GET /admin HTTP/1.1" 200 -
10.0.0.50 - - [08/Feb/2026:09:19:08 +0000] "GET /api/users HTTP/1.1" 200 4495 "-" "BadBot/1.0"
172.20.0.3 - - [08/Feb/2026 09:19:08] "GET /api/users HTTP/1.1" 200 -
192.168.1.102 - - [08/Feb/2026:09:19:10 +0000] "GET /api/users HTTP/1.1" 200 3997 "-" "Mozilla/5.0 (Windows NT 10.0; Win64; x64) AppleWebKit/537.36"
172.20.0.3 - - [08/Feb/2026 09:19:10] "GET /api/users HTTP/1.1" 200 -
10.0.0.50 - - [08/Feb/2026:09:19:10 +0000] "GET /static/image.jpg HTTP/1.1" 404 503 "-" "curl/7.68.0"
172.20.0.3 - - [08/Feb/2026 09:19:10] "[33mGET /static/image.jpg HTTP/1.1[0m" 404 -
198.51.100.50 - - [08/Feb/2026:09:19:11 +0000] "GET /static/image.jpg HTTP/1.1" 404 409 "-" "Scanner/1.0"
172.20.0.3 - - [08/Feb/2026 09:19:11] "[33mGET /static/image.jpg HTTP/1.1[0m" 404 -
203.0.113.42 - - [08/Feb/2026:09:19:11 +0000] "GET /api/products HTTP/1.1" 200 8070 "-" "BadBot/1.0"
172.20.0.3 - - [08/Feb/2026 09:19:11] "GET /api/products HTTP/1.1" 200 -
192.168.1.101 - - [08/Feb/2026:09:19:12 +0000] "GET /checkout HTTP/1.1" 200 7437 "-" "BadBot/1.0"
172.20.0.3 - - [08/Feb/2026 09:19:12] "GET /checkout HTTP/1.1" 200 -
203.0.113.42 - - [08/Feb/2026:09:19:13 +0000] "GET /login HTTP/1.1" 401 629 "-" "BadBot/1.0"
172.20.0.3 - - [08/Feb/2026 09:19:13] "[31m[1mGET /login HTTP/1.1[0m" 401 -
10.0.0.51 - - [08/Feb/2026:09:19:13 +0000] "GET /api/search HTTP/1.1" 400 278 "-" "Mozilla/5.0 (Macintosh; Intel Mac OS X 10_15_7) AppleWebKit/537.36"
172.20.0.3 - - [08/Feb/2026 09:19:13] "[31m[1mGET /api/search HTTP/1.1[0m" 400 -
192.168.1.100 - - [08/Feb/2026:09:19:15 +0000] "GET /login HTTP/1.1" 401 670 "-" "BadBot/1.0"
172.20.0.3 - - [08/Feb/2026 09:19:15] "[31m[1mGET /login HTTP/1.1[0m" 401 -
203.0.113.42 - - [08/Feb/2026:09:19:17 +0000] "POST /login HTTP/1.1" 200 1477 "-" "Mozilla/5.0 (Windows NT 10.0; Win64; x64) AppleWebKit/537.36"
172.20.0.3 - - [08/Feb/2026 09:19:17] "POST /login HTTP/1.1" 200 -
10.0.0.50 - - [08/Feb/2026:09:19:17 +0000] "GET /api/users HTTP/1.1" 200 4265 "-" "python-requests/2.28.0"
172.20.0.3 - - [08/Feb/2026 09:19:17] "GET /api/users HTTP/1.1" 200 -
198.51.100.50 - - [08/Feb/2026:09:19:19 +0000] "GET /api/products HTTP/1.1" 200 3061 "-" "Mozilla/5.0 (Windows NT 10.0; Win64; x64) AppleWebKit/537.36"
172.20.0.3 - - [08/Feb/2026 09:19:19] "GET /api/products HTTP/1.1" 200 -
192.168.1.101 - - [08/Feb/2026:09:19:19 +0000] "GET / HTTP/1.1" 200 1644 "-" "Mozilla/5.0 (Windows NT 10.0; Win64; x64) AppleWebKit/537.36"
172.20.0.3 - - [08/Feb/2026 09:19:19] "GET / HTTP/1.1" 200 -
192.168.1.100 - - [08/Feb/2026:09:19:21 +0000] "POST /checkout HTTP/1.1" 200 4208 "-" "BadBot/1.0"
172.20.0.3 - - [08/Feb/2026 09:19:21] "POST /checkout HTTP/1.1" 200 -
172.16.0.11 - - [08/Feb/2026:09:19:22 +0000] "GET /api/orders HTTP/1.1" 200 6196 "-" "curl/7.68.0"
172.20.0.3 - - [08/Feb/2026 09:19:22] "GET /api/orders HTTP/1.1" 200 -
10.0.0.50 - - [08/Feb/2026:09:19:23 +0000] "GET /api/products HTTP/1.1" 200 2763 "-" "Mozilla/5.0 (Windows NT 10.0; Win64; x64) AppleWebKit/537.36"
172.20.0.3 - - [08/Feb/2026 09:19:23] "GET /api/products HTTP/1.1" 200 -
192.168.1.102 - - [08/Feb/2026:09:19:25 +0000] "GET /api/users HTTP/1.1" 200 4162 "-" "python-requests/2.28.0"
172.20.0.3 - - [08/Feb/2026 09:19:25] "GET /api/users HTTP/1.1" 200 -
172.16.0.11 - - [08/Feb/2026:09:19:26 +0000] "GET /logout HTTP/1.1" 200 395 "-" "Scanner/1.0"
172.20.0.3 - - [08/Feb/2026 09:19:26] "GET /logout HTTP/1.1" 200 -
10.0.0.51 - - [08/Feb/2026:09:19:27 +0000] "GET /logout HTTP/1.1" 200 240 "-" "python-requests/2.28.0"
172.20.0.3 - - [08/Feb/2026 09:19:27] "GET /logout HTTP/1.1" 200 -
172.16.0.11 - - [08/Feb/2026:09:19:29 +0000] "POST /checkout HTTP/1.1" 200 4410 "-" "Scanner/1.0"
172.20.0.3 - - [08/Feb/2026 09:19:29] "POST /checkout HTTP/1.1" 200 -
172.16.0.11 - - [08/Feb/2026:09:19:30 +0000] "GET /api/search HTTP/1.1" 200 4669 "-" "Googlebot/2.1"
172.20.0.3 - - [08/Feb/2026 09:19:30] "GET /api/search?q=test HTTP/1.1" 200 -
192.168.1.101 - - [08/Feb/2026:09:19:31 +0000] "GET /api/orders HTTP/1.1" 200 7746 "-" "python-requests/2.28.0"
172.20.0.3 - - [08/Feb/2026 09:19:31] "GET /api/orders HTTP/1.1" 200 -
172.16.0.10 - - [08/Feb/2026:09:19:33 +0000] "GET /logout HTTP/1.1" 200 349 "-" "Scanner/1.0"
172.20.0.3 - - [08/Feb/2026 09:19:33] "GET /logout HTTP/1.1" 200 -
203.0.113.42 - - [08/Feb/2026:09:19:33 +0000] "GET / HTTP/1.1" 200 1963 "-" "Scanner/1.0"
172.20.0.3 - - [08/Feb/2026 09:19:33] "GET / HTTP/1.1" 200 -
10.0.0.51 - - [08/Feb/2026:09:19:34 +0000] "GET /api/orders HTTP/1.1" 200 5457 "-" "BadBot/1.0"
172.20.0.3 - - [08/Feb/2026 09:19:34] "GET /api/orders HTTP/1.1" 200 -
198.51.100.50 - - [08/Feb/2026:09:19:37 +0000] "GET /api/products HTTP/1.1" 200 7250 "-" "Mozilla/5.0 (Macintosh; Intel Mac OS X 10_15_7) AppleWebKit/537.36"
172.20.0.3 - - [08/Feb/2026 09:19:37] "GET /api/products HTTP/1.1" 200 -
203.0.113.42 - - [08/Feb/2026:09:19:37 +0000] "POST /login HTTP/1.1" 401 621 "-" "BadBot/1.0"
172.20.0.3 - - [08/Feb/2026 09:19:37] "[31m[1mPOST /login HTTP/1.1[0m" 401 -
10.0.0.51 - - [08/Feb/2026:09:19:37 +0000] "GET /login HTTP/1.1" 200 701 "-" "python-requests/2.28.0"
172.20.0.3 - - [08/Feb/2026 09:19:37] "GET /login HTTP/1.1" 200 -
192.168.1.100 - - [08/Feb/2026:09:19:40 +0000] "GET / HTTP/1.1" 200 1938 "-" "Googlebot/2.1"
172.20.0.3 - - [08/Feb/2026 09:19:40] "GET / HTTP/1.1" 200 -
192.168.1.101 - - [08/Feb/2026:09:19:40 +0000] "GET / HTTP/1.1" 200 1843 "-" "Mozilla/5.0 (Macintosh; Intel Mac OS X 10_15_7) AppleWebKit/537.36"
172.20.0.3 - - [08/Feb/2026 09:19:40] "GET / HTTP/1.1" 200 -
198.51.100.50 - - [08/Feb/2026:09:19:43 +0000] "GET /api/products HTTP/1.1" 200 2840 "-" "Mozilla/5.0 (Windows NT 10.0; Win64; x64) AppleWebKit/537.36"
172.20.0.3 - - [08/Feb/2026 09:19:43] "GET /api/products HTTP/1.1" 200 -
10.0.0.51 - - [08/Feb/2026:09:19:43 +0000] "GET / HTTP/1.1" 200 826 "-" "Mozilla/5.0 (Macintosh; Intel Mac OS X 10_15_7) AppleWebKit/537.36"
172.20.0.3 - - [08/Feb/2026 09:19:43] "GET / HTTP/1.1" 200 -
198.51.100.50 - - [08/Feb/2026:09:19:44 +0000] "GET / HTTP/1.1" 200 570 "-" "BadBot/1.0"
172.20.0.3 - - [08/Feb/2026 09:19:44] "GET / HTTP/1.1" 200 -
198.51.100.50 - - [08/Feb/2026:09:19:44 +0000] "GET /checkout HTTP/1.1" 200 5738 "-" "Googlebot/2.1"
172.20.0.3 - - [08/Feb/2026 09:19:44] "GET /checkout HTTP/1.1" 200 -
172.16.0.10 - - [08/Feb/2026:09:19:45 +0000] "GET /api/orders HTTP/1.1" 200 3453 "-" "curl/7.68.0"
172.20.0.3 - - [08/Feb/2026 09:19:45] "GET /api/orders HTTP/1.1" 200 -
192.168.1.101 - - [08/Feb/2026:09:19:47 +0000] "GET /api/products HTTP/1.1" 200 4938 "-" "Mozilla/5.0 (Macintosh; Intel Mac OS X 10_15_7) AppleWebKit/537.36"
172.20.0.3 - - [08/Feb/2026 09:19:47] "GET /api/products HTTP/1.1" 200 -
192.168.1.102 - - [08/Feb/2026:09:19:49 +0000] "GET /api/search HTTP/1.1" 400 274 "-" "curl/7.68.0"
172.20.0.3 - - [08/Feb/2026 09:19:49] "[31m[1mGET /api/search HTTP/1.1[0m" 400 -
192.168.1.100 - - [08/Feb/2026:09:19:51 +0000] "GET /api/products HTTP/1.1" 200 8273 "-" "Mozilla/5.0 (Macintosh; Intel Mac OS X 10_15_7) AppleWebKit/537.36"
172.20.0.3 - - [08/Feb/2026 09:19:51] "GET /api/products HTTP/1.1" 200 -
172.16.0.10 - - [08/Feb/2026:09:19:54 +0000] "GET / HTTP/1.1" 200 1473 "-" "Mozilla/5.0 (Macintosh; Intel Mac OS X 10_15_7) AppleWebKit/537.36"
172.20.0.3 - - [08/Feb/2026 09:19:54] "GET / HTTP/1.1" 200 -
10.0.0.50 - - [08/Feb/2026:09:19:56 +0000] "GET /login HTTP/1.1" 200 516 "-" "BadBot/1.0"
172.20.0.3 - - [08/Feb/2026 09:19:56] "GET /login HTTP/1.1" 200 -
203.0.113.42 - - [08/Feb/2026:09:19:59 +0000] "GET /nonexistent HTTP/1.1" 404 538 "-" "Googlebot/2.1"
172.20.0.3 - - [08/Feb/2026 09:19:59] "[33mGET /nonexistent HTTP/1.1[0m" 404 -
192.168.1.101 - - [08/Feb/2026:09:19:59 +0000] "POST /login HTTP/1.1" 200 1278 "-" "BadBot/1.0"
172.20.0.3 - - [08/Feb/2026 09:19:59] "POST /login HTTP/1.1" 200 -
198.51.100.50 - - [08/Feb/2026:09:20:00 +0000] "GET /api/products HTTP/1.1" 200 8749 "-" "Mozilla/5.0 (Windows NT 10.0; Win64; x64) AppleWebKit/537.36"
172.20.0.3 - - [08/Feb/2026 09:20:00] "GET /api/products HTTP/1.1" 200 -
203.0.113.42 - - [08/Feb/2026:09:20:00 +0000] "GET /api/users HTTP/1.1" 200 3191 "-" "BadBot/1.0"
172.20.0.3 - - [08/Feb/2026 09:20:00] "GET /api/users HTTP/1.1" 200 -
198.51.100.50 - - [08/Feb/2026:09:20:00 +0000] "GET /api/orders HTTP/1.1" 200 3670 "-" "Mozilla/5.0 (Windows NT 10.0; Win64; x64) AppleWebKit/537.36"
172.20.0.3 - - [08/Feb/2026 09:20:00] "GET /api/orders HTTP/1.1" 200 -
203.0.113.42 - - [08/Feb/2026:09:20:01 +0000] "GET /api/users HTTP/1.1" 200 3937 "-" "python-requests/2.28.0"
172.20.0.3 - - [08/Feb/2026 09:20:01] "GET /api/users HTTP/1.1" 200 -
192.168.1.102 - - [08/Feb/2026:09:20:01 +0000] "GET /api/search HTTP/1.1" 200 4972 "-" "Scanner/1.0"
172.20.0.3 - - [08/Feb/2026 09:20:01] "GET /api/search?q=test HTTP/1.1" 200 -
172.16.0.11 - - [08/Feb/2026:09:20:03 +0000] "GET /api/users HTTP/1.1" 200 2753 "-" "Googlebot/2.1"
172.20.0.3 - - [08/Feb/2026 09:20:03] "GET /api/users HTTP/1.1" 200 -
192.168.1.102 - - [08/Feb/2026:09:20:06 +0000] "GET /api/users HTTP/1.1" 200 4411 "-" "Mozilla/5.0 (Macintosh; Intel Mac OS X 10_15_7) AppleWebKit/537.36"
172.20.0.3 - - [08/Feb/2026 09:20:06] "GET /api/users HTTP/1.1" 200 -
192.168.1.101 - - [08/Feb/2026:09:20:08 +0000] "GET /api/products HTTP/1.1" 200 9856 "-" "Mozilla/5.0 (Macintosh; Intel Mac OS X 10_15_7) AppleWebKit/537.36"
172.20.0.3 - - [08/Feb/2026 09:20:08] "GET /api/products HTTP/1.1" 200 -
192.168.1.102 - - [08/Feb/2026:09:20:09 +0000] "GET /nonexistent HTTP/1.1" 404 375 "-" "Mozilla/5.0 (Windows NT 10.0; Win64; x64) AppleWebKit/537.36"
172.20.0.3 - - [08/Feb/2026 09:20:09] "[33mGET /nonexistent HTTP/1.1[0m" 404 -
192.168.1.102 - - [08/Feb/2026:09:20:11 +0000] "GET /api/orders HTTP/1.1" 200 4519 "-" "Mozilla/5.0 (Windows NT 10.0; Win64; x64) AppleWebKit/537.36"
172.20.0.3 - - [08/Feb/2026 09:20:11] "GET /api/orders HTTP/1.1" 200 -
172.16.0.11 - - [08/Feb/2026:09:20:13 +0000] "GET / HTTP/1.1" 200 860 "-" "python-requests/2.28.0"
172.20.0.3 - - [08/Feb/2026 09:20:13] "GET / HTTP/1.1" 200 -
10.0.0.50 - - [08/Feb/2026:09:20:13 +0000] "GET /login HTTP/1.1" 200 1078 "-" "Mozilla/5.0 (Windows NT 10.0; Win64; x64) AppleWebKit/537.36"
172.20.0.3 - - [08/Feb/2026 09:20:13] "GET /login HTTP/1.1" 200 -
10.0.0.50 - - [08/Feb/2026:09:20:14 +0000] "GET / HTTP/1.1" 200 1110 "-" "Mozilla/5.0 (Macintosh; Intel Mac OS X 10_15_7) AppleWebKit/537.36"
172.20.0.3 - - [08/Feb/2026 09:20:14] "GET / HTTP/1.1" 200 -
172.16.0.11 - - [08/Feb/2026:09:20:16 +0000] "GET / HTTP/1.1" 200 1363 "-" "Mozilla/5.0 (Windows NT 10.0; Win64; x64) AppleWebKit/537.36"
172.20.0.3 - - [08/Feb/2026 09:20:16] "GET / HTTP/1.1" 200 -
192.168.1.102 - - [08/Feb/2026:09:20:18 +0000] "GET /api/products HTTP/1.1" 200 3178 "-" "BadBot/1.0"
172.20.0.3 - - [08/Feb/2026 09:20:18] "GET /api/products HTTP/1.1" 200 -
192.168.1.102 - - [08/Feb/2026:09:20:19 +0000] "GET /api/orders HTTP/1.1" 200 5349 "-" "Googlebot/2.1"
172.20.0.3 - - [08/Feb/2026 09:20:19] "GET /api/orders HTTP/1.1" 200 -
192.168.1.102 - - [08/Feb/2026:09:20:20 +0000] "GET /nonexistent HTTP/1.1" 404 441 "-" "BadBot/1.0"
172.20.0.3 - - [08/Feb/2026 09:20:20] "[33mGET /nonexistent HTTP/1.1[0m" 404 -
198.51.100.50 - - [08/Feb/2026:09:20:21 +0000] "GET /api/users HTTP/1.1" 200 1210 "-" "curl/7.68.0"
172.20.0.3 - - [08/Feb/2026 09:20:21] "GET /api/users HTTP/1.1" 200 -
203.0.113.42 - - [08/Feb/2026:09:20:22 +0000] "POST /login HTTP/1.1" 200 1148 "-" "Googlebot/2.1"
172.20.0.3 - - [08/Feb/2026 09:20:22] "POST /login HTTP/1.1" 200 -
10.0.0.50 - - [08/Feb/2026:09:20:22 +0000] "GET /api/orders HTTP/1.1" 200 7976 "-" "python-requests/2.28.0"
172.20.0.3 - - [08/Feb/2026 09:20:22] "GET /api/orders HTTP/1.1" 200 -
198.51.100.50 - - [08/Feb/2026:09:20:24 +0000] "GET /admin HTTP/1.1" 200 2125 "-" "BadBot/1.0"
172.20.0.3 - - [08/Feb/2026 09:20:24] "GET /admin HTTP/1.1" 200 -
172.16.0.11 - - [08/Feb/2026:09:20:24 +0000] "GET /api/users HTTP/1.1" 200 4539 "-" "Mozilla/5.0 (Macintosh; Intel Mac OS X 10_15_7) AppleWebKit/537.36"
172.20.0.3 - - [08/Feb/2026 09:20:24] "GET /api/users HTTP/1.1" 200 -
172.16.0.10 - - [08/Feb/2026:09:20:27 +0000] "GET /api/users HTTP/1.1" 200 3075 "-" "python-requests/2.28.0"
172.20.0.3 - - [08/Feb/2026 09:20:27] "GET /api/users HTTP/1.1" 200 -
198.51.100.50 - - [08/Feb/2026:09:20:30 +0000] "GET /static/image.jpg HTTP/1.1" 404 330 "-" "curl/7.68.0"
172.20.0.3 - - [08/Feb/2026 09:20:30] "[33mGET /static/image.jpg HTTP/1.1[0m" 404 -
203.0.113.42 - - [08/Feb/2026:09:20:30 +0000] "GET /api/orders HTTP/1.1" 200 3682 "-" "BadBot/1.0"
172.20.0.3 - - [08/Feb/2026 09:20:30] "GET /api/orders HTTP/1.1" 200 -
203.0.113.42 - - [08/Feb/2026:09:20:31 +0000] "GET / HTTP/1.1" 200 1830 "-" "Mozilla/5.0 (Macintosh; Intel Mac OS X 10_15_7) AppleWebKit/537.36"
172.20.0.3 - - [08/Feb/2026 09:20:31] "GET / HTTP/1.1" 200 -
192.168.1.102 - - [08/Feb/2026:09:20:31 +0000] "GET /api/users HTTP/1.1" 200 4987 "-" "Mozilla/5.0 (Macintosh; Intel Mac OS X 10_15_7) AppleWebKit/537.36"
172.20.0.3 - - [08/Feb/2026 09:20:31] "GET /api/users HTTP/1.1" 200 -
203.0.113.42 - - [08/Feb/2026:09:20:34 +0000] "GET /api/search HTTP/1.1" 400 353 "-" "curl/7.68.0"
172.20.0.3 - - [08/Feb/2026 09:20:34] "[31m[1mGET /api/search HTTP/1.1[0m" 400 -
198.51.100.50 - - [08/Feb/2026:09:20:34 +0000] "GET /admin HTTP/1.1" 200 1234 "-" "curl/7.68.0"
172.20.0.3 - - [08/Feb/2026 09:20:34] "GET /admin HTTP/1.1" 200 -
203.0.113.42 - - [08/Feb/2026:09:20:34 +0000] "GET /login HTTP/1.1" 200 963 "-" "python-requests/2.28.0"
172.20.0.3 - - [08/Feb/2026 09:20:34] "GET /login HTTP/1.1" 200 -
192.168.1.102 - - [08/Feb/2026:09:20:35 +0000] "GET /static/image.jpg HTTP/1.1" 404 401 "-" "curl/7.68.0"
172.20.0.3 - - [08/Feb/2026 09:20:35] "[33mGET /static/image.jpg HTTP/1.1[0m" 404 -
172.16.0.10 - - [08/Feb/2026:09:20:37 +0000] "GET / HTTP/1.1" 200 1365 "-" "Scanner/1.0"
172.20.0.3 - - [08/Feb/2026 09:20:37] "GET / HTTP/1.1" 200 -
203.0.113.42 - - [08/Feb/2026:09:20:39 +0000] "GET /api/products HTTP/1.1" 200 8837 "-" "python-requests/2.28.0"
172.20.0.3 - - [08/Feb/2026 09:20:39] "GET /api/products HTTP/1.1" 200 -
203.0.113.42 - - [08/Feb/2026:09:20:40 +0000] "GET /login HTTP/1.1" 200 530 "-" "Googlebot/2.1"
172.20.0.3 - - [08/Feb/2026 09:20:40] "GET /login HTTP/1.1" 200 -
10.0.0.50 - - [08/Feb/2026:09:20:40 +0000] "GET / HTTP/1.1" 200 638 "-" "Mozilla/5.0 (Macintosh; Intel Mac OS X 10_15_7) AppleWebKit/537.36"
172.20.0.3 - - [08/Feb/2026 09:20:40] "GET / HTTP/1.1" 200 -
192.168.1.102 - - [08/Feb/2026:09:20:42 +0000] "GET /static/image.jpg HTTP/1.1" 404 417 "-" "BadBot/1.0"
172.20.0.3 - - [08/Feb/2026 09:20:42] "[33mGET /static/image.jpg HTTP/1.1[0m" 404 -
192.168.1.101 - - [08/Feb/2026:09:20:43 +0000] "GET /static/image.jpg HTTP/1.1" 404 540 "-" "python-requests/2.28.0"
172.20.0.3 - - [08/Feb/2026 09:20:43] "[33mGET /static/image.jpg HTTP/1.1[0m" 404 -
192.168.1.101 - - [08/Feb/2026:09:20:43 +0000] "GET /api/orders HTTP/1.1" 200 1595 "-" "curl/7.68.0"
172.20.0.3 - - [08/Feb/2026 09:20:43] "GET /api/orders HTTP/1.1" 200 -
10.0.0.51 - - [08/Feb/2026:09:20:45 +0000] "GET /api/orders HTTP/1.1" 200 5837 "-" "Scanner/1.0"
172.20.0.3 - - [08/Feb/2026 09:20:45] "GET /api/orders HTTP/1.1" 200 -
203.0.113.42 - - [08/Feb/2026:09:20:47 +0000] "GET /api/search HTTP/1.1" 200 2185 "-" "python-requests/2.28.0"
172.20.0.3 - - [08/Feb/2026 09:20:47] "GET /api/search?q=test HTTP/1.1" 200 -
172.16.0.10 - - [08/Feb/2026:09:20:48 +0000] "GET / HTTP/1.1" 200 516 "-" "Mozilla/5.0 (Windows NT 10.0; Win64; x64) AppleWebKit/537.36"
172.20.0.3 - - [08/Feb/2026 09:20:48] "GET / HTTP/1.1" 200 -
172.16.0.10 - - [08/Feb/2026:09:20:49 +0000] "GET /api/users HTTP/1.1" 200 4421 "-" "python-requests/2.28.0"
172.20.0.3 - - [08/Feb/2026 09:20:49] "GET /api/users HTTP/1.1" 200 -
192.168.1.101 - - [08/Feb/2026:09:20:50 +0000] "GET /api/users HTTP/1.1" 200 3423 "-" "Mozilla/5.0 (Windows NT 10.0; Win64; x64) AppleWebKit/537.36"
172.20.0.3 - - [08/Feb/2026 09:20:50] "GET /api/users HTTP/1.1" 200 -
203.0.113.42 - - [08/Feb/2026:09:20:53 +0000] "GET /api/orders HTTP/1.1" 200 6351 "-" "Scanner/1.0"
172.20.0.3 - - [08/Feb/2026 09:20:53] "GET /api/orders HTTP/1.1" 200 -
198.51.100.50 - - [08/Feb/2026:09:20:53 +0000] "GET / HTTP/1.1" 200 621 "-" "Mozilla/5.0 (Macintosh; Intel Mac OS X 10_15_7) AppleWebKit/537.36"
172.20.0.3 - - [08/Feb/2026 09:20:53] "GET / HTTP/1.1" 200 -
192.168.1.100 - - [08/Feb/2026:09:20:53 +0000] "GET /login HTTP/1.1" 200 748 "-" "BadBot/1.0"
172.20.0.3 - - [08/Feb/2026 09:20:53] "GET /login HTTP/1.1" 200 -
192.168.1.102 - - [08/Feb/2026:09:20:55 +0000] "GET /api/orders HTTP/1.1" 200 4188 "-" "Googlebot/2.1"
172.20.0.3 - - [08/Feb/2026 09:20:55] "GET /api/orders HTTP/1.1" 200 -
203.0.113.42 - - [08/Feb/2026:09:20:56 +0000] "GET /api/orders HTTP/1.1" 200 3898 "-" "Scanner/1.0"
172.20.0.3 - - [08/Feb/2026 09:20:56] "GET /api/orders HTTP/1.1" 200 -
198.51.100.50 - - [08/Feb/2026:09:20:56 +0000] "GET / HTTP/1.1" 200 1107 "-" "Scanner/1.0"
172.20.0.3 - - [08/Feb/2026 09:20:56] "GET / HTTP/1.1" 200 -
192.168.1.102 - - [08/Feb/2026:09:20:56 +0000] "GET / HTTP/1.1" 200 997 "-" "curl/7.68.0"
172.20.0.3 - - [08/Feb/2026 09:20:56] "GET / HTTP/1.1" 200 -
172.16.0.10 - - [08/Feb/2026:09:20:58 +0000] "GET /api/products HTTP/1.1" 200 3887 "-" "curl/7.68.0"
172.20.0.3 - - [08/Feb/2026 09:20:58] "GET /api/products HTTP/1.1" 200 -
203.0.113.42 - - [08/Feb/2026:09:21:01 +0000] "GET /api/users HTTP/1.1" 200 2794 "-" "curl/7.68.0"
172.20.0.3 - - [08/Feb/2026 09:21:01] "GET /api/users HTTP/1.1" 200 -
172.16.0.10 - - [08/Feb/2026:09:21:01 +0000] "POST /login HTTP/1.1" 200 1402 "-" "python-requests/2.28.0"
172.20.0.3 - - [08/Feb/2026 09:21:01] "POST /login HTTP/1.1" 200 -
203.0.113.42 - - [08/Feb/2026:09:21:03 +0000] "GET / HTTP/1.1" 200 553 "-" "Scanner/1.0"
172.20.0.3 - - [08/Feb/2026 09:21:03] "GET / HTTP/1.1" 200 -
203.0.113.42 - - [08/Feb/2026:09:21:04 +0000] "GET /api/products HTTP/1.1" 200 5625 "-" "curl/7.68.0"
172.20.0.3 - - [08/Feb/2026 09:21:04] "GET /api/products HTTP/1.1" 200 -
198.51.100.50 - - [08/Feb/2026:09:21:04 +0000] "GET /api/products HTTP/1.1" 200 3248 "-" "Mozilla/5.0 (Macintosh; Intel Mac OS X 10_15_7) AppleWebKit/537.36"
172.20.0.3 - - [08/Feb/2026 09:21:04] "GET /api/products HTTP/1.1" 200 -
192.168.1.102 - - [08/Feb/2026:09:21:04 +0000] "GET /nonexistent HTTP/1.1" 404 550 "-" "Mozilla/5.0 (Windows NT 10.0; Win64; x64) AppleWebKit/537.36"
172.20.0.3 - - [08/Feb/2026 09:21:04] "[33mGET /nonexistent HTTP/1.1[0m" 404 -
10.0.0.51 - - [08/Feb/2026:09:21:05 +0000] "GET /checkout HTTP/1.1" 500 745 "-" "python-requests/2.28.0"
172.20.0.3 - - [08/Feb/2026 09:21:05] "[35m[1mGET /checkout HTTP/1.1[0m" 500 -
172.16.0.11 - - [08/Feb/2026:09:21:08 +0000] "GET /login HTTP/1.1" 200 1172 "-" "Googlebot/2.1"
172.20.0.3 - - [08/Feb/2026 09:21:08] "GET /login HTTP/1.1" 200 -
203.0.113.42 - - [08/Feb/2026:09:21:10 +0000] "GET /api/orders HTTP/1.1" 200 1899 "-" "Scanner/1.0"
172.20.0.3 - - [08/Feb/2026 09:21:10] "GET /api/orders HTTP/1.1" 200 -
10.0.0.51 - - [08/Feb/2026:09:21:10 +0000] "GET /api/products HTTP/1.1" 200 3932 "-" "Scanner/1.0"
172.20.0.3 - - [08/Feb/2026 09:21:10] "GET /api/products HTTP/1.1" 200 -
10.0.0.51 - - [08/Feb/2026:09:21:12 +0000] "GET /api/search HTTP/1.1" 400 355 "-" "Scanner/1.0"
172.20.0.3 - - [08/Feb/2026 09:21:12] "[31m[1mGET /api/search HTTP/1.1[0m" 400 -
192.168.1.102 - - [08/Feb/2026:09:21:14 +0000] "GET / HTTP/1.1" 200 1523 "-" "BadBot/1.0"
172.20.0.3 - - [08/Feb/2026 09:21:14] "GET / HTTP/1.1" 200 -
192.168.1.101 - - [08/Feb/2026:09:21:16 +0000] "GET /api/products HTTP/1.1" 200 5296 "-" "Mozilla/5.0 (Windows NT 10.0; Win64; x64) AppleWebKit/537.36"
172.20.0.3 - - [08/Feb/2026 09:21:16] "GET /api/products HTTP/1.1" 200 -
198.51.100.50 - - [08/Feb/2026:09:21:18 +0000] "GET /login HTTP/1.1" 200 1264 "-" "Mozilla/5.0 (Windows NT 10.0; Win64; x64) AppleWebKit/537.36"
172.20.0.3 - - [08/Feb/2026 09:21:18] "GET /login HTTP/1.1" 200 -
203.0.113.42 - - [08/Feb/2026:09:21:19 +0000] "GET /nonexistent HTTP/1.1" 404 302 "-" "Mozilla/5.0 (Macintosh; Intel Mac OS X 10_15_7) AppleWebKit/537.36"
172.20.0.3 - - [08/Feb/2026 09:21:19] "[33mGET /nonexistent HTTP/1.1[0m" 404 -
192.168.1.101 - - [08/Feb/2026:09:21:19 +0000] "GET / HTTP/1.1" 200 843 "-" "Googlebot/2.1"
172.20.0.3 - - [08/Feb/2026 09:21:19] "GET / HTTP/1.1" 200 -
10.0.0.51 - - [08/Feb/2026:09:21:21 +0000] "GET /logout HTTP/1.1" 200 488 "-" "Googlebot/2.1"
172.20.0.3 - - [08/Feb/2026 09:21:21] "GET /logout HTTP/1.1" 200 -
10.0.0.51 - - [08/Feb/2026:09:21:23 +0000] "GET /api/orders HTTP/1.1" 200 2216 "-" "Scanner/1.0"
172.20.0.3 - - [08/Feb/2026 09:21:23] "GET /api/orders HTTP/1.1" 200 -
192.168.1.102 - - [08/Feb/2026:09:21:24 +0000] "GET /api/orders HTTP/1.1" 200 1594 "-" "Googlebot/2.1"
172.20.0.3 - - [08/Feb/2026 09:21:24] "GET /api/orders HTTP/1.1" 200 -
172.16.0.11 - - [08/Feb/2026:09:21:26 +0000] "GET / HTTP/1.1" 200 1094 "-" "Scanner/1.0"
172.20.0.3 - - [08/Feb/2026 09:21:26] "GET / HTTP/1.1" 200 -
203.0.113.42 - - [08/Feb/2026:09:21:29 +0000] "GET /logout HTTP/1.1" 200 250 "-" "Googlebot/2.1"
172.20.0.3 - - [08/Feb/2026 09:21:29] "GET /logout HTTP/1.1" 200 -
203.0.113.42 - - [08/Feb/2026:09:21:29 +0000] "GET / HTTP/1.1" 200 1546 "-" "Mozilla/5.0 (Macintosh; Intel Mac OS X 10_15_7) AppleWebKit/537.36"
172.20.0.3 - - [08/Feb/2026 09:21:29] "GET / HTTP/1.1" 200 -
172.16.0.11 - - [08/Feb/2026:09:21:30 +0000] "GET /api/orders HTTP/1.1" 200 4197 "-" "python-requests/2.28.0"
172.20.0.3 - - [08/Feb/2026 09:21:30] "GET /api/orders HTTP/1.1" 200 -
198.51.100.50 - - [08/Feb/2026:09:21:32 +0000] "GET /api/products HTTP/1.1" 200 2393 "-" "Scanner/1.0"
172.20.0.3 - - [08/Feb/2026 09:21:32] "GET /api/products HTTP/1.1" 200 -
203.0.113.42 - - [08/Feb/2026:09:21:33 +0000] "GET / HTTP/1.1" 200 684 "-" "Googlebot/2.1"
172.20.0.3 - - [08/Feb/2026 09:21:33] "GET / HTTP/1.1" 200 -
192.168.1.101 - - [08/Feb/2026:09:21:33 +0000] "GET /api/orders HTTP/1.1" 200 3146 "-" "python-requests/2.28.0"
172.20.0.3 - - [08/Feb/2026 09:21:33] "GET /api/orders HTTP/1.1" 200 -
172.16.0.11 - - [08/Feb/2026:09:21:34 +0000] "POST /checkout HTTP/1.1" 200 2317 "-" "Scanner/1.0"
172.20.0.3 - - [08/Feb/2026 09:21:34] "POST /checkout HTTP/1.1" 200 -
172.16.0.10 - - [08/Feb/2026:09:21:34 +0000] "GET / HTTP/1.1" 200 1467 "-" "python-requests/2.28.0"
172.20.0.3 - - [08/Feb/2026 09:21:34] "GET / HTTP/1.1" 200 -
192.168.1.102 - - [08/Feb/2026:09:21:36 +0000] "GET / HTTP/1.1" 200 1473 "-" "curl/7.68.0"
172.20.0.3 - - [08/Feb/2026 09:21:36] "GET / HTTP/1.1" 200 -
203.0.113.42 - - [08/Feb/2026:09:21:37 +0000] "GET /api/orders HTTP/1.1" 200 4153 "-" "python-requests/2.28.0"
172.20.0.3 - - [08/Feb/2026 09:21:37] "GET /api/orders HTTP/1.1" 200 -
192.168.1.102 - - [08/Feb/2026:09:21:38 +0000] "GET /static/image.jpg HTTP/1.1" 404 373 "-" "BadBot/1.0"
172.20.0.3 - - [08/Feb/2026 09:21:38] "[33mGET /static/image.jpg HTTP/1.1[0m" 404 -
198.51.100.50 - - [08/Feb/2026:09:21:39 +0000] "GET /api/products HTTP/1.1" 200 9399 "-" "Googlebot/2.1"
172.20.0.3 - - [08/Feb/2026 09:21:39] "GET /api/products HTTP/1.1" 200 -
192.168.1.102 - - [08/Feb/2026:09:21:39 +0000] "GET / HTTP/1.1" 200 1775 "-" "Googlebot/2.1"
172.20.0.3 - - [08/Feb/2026 09:21:39] "GET / HTTP/1.1" 200 -
10.0.0.51 - - [08/Feb/2026:09:21:42 +0000] "GET /checkout HTTP/1.1" 200 2154 "-" "Mozilla/5.0 (Macintosh; Intel Mac OS X 10_15_7) AppleWebKit/537.36"
172.20.0.3 - - [08/Feb/2026 09:21:42] "GET /checkout HTTP/1.1" 200 -
192.168.1.101 - - [08/Feb/2026:09:21:44 +0000] "GET /api/orders HTTP/1.1" 200 6415 "-" "Mozilla/5.0 (Windows NT 10.0; Win64; x64) AppleWebKit/537.36"
172.20.0.3 - - [08/Feb/2026 09:21:44] "GET /api/orders HTTP/1.1" 200 -
198.51.100.50 - - [08/Feb/2026:09:21:46 +0000] "GET /logout HTTP/1.1" 200 491 "-" "curl/7.68.0"
172.20.0.3 - - [08/Feb/2026 09:21:46] "GET /logout HTTP/1.1" 200 -
192.168.1.102 - - [08/Feb/2026:09:21:46 +0000] "GET /api/orders HTTP/1.1" 200 3168 "-" "python-requests/2.28.0"
172.20.0.3 - - [08/Feb/2026 09:21:46] "GET /api/orders HTTP/1.1" 200 -
192.168.1.100 - - [08/Feb/2026:09:21:48 +0000] "GET / HTTP/1.1" 200 973 "-" "Scanner/1.0"
172.20.0.3 - - [08/Feb/2026 09:21:48] "GET / HTTP/1.1" 200 -
192.168.1.100 - - [08/Feb/2026:09:21:50 +0000] "GET /api/products HTTP/1.1" 200 8364 "-" "curl/7.68.0"
172.20.0.3 - - [08/Feb/2026 09:21:50] "GET /api/products HTTP/1.1" 200 -
203.0.113.42 - - [08/Feb/2026:09:21:53 +0000] "GET / HTTP/1.1" 200 1338 "-" "curl/7.68.0"
172.20.0.3 - - [08/Feb/2026 09:21:53] "GET / HTTP/1.1" 200 -
198.51.100.50 - - [08/Feb/2026:09:21:53 +0000] "GET /nonexistent HTTP/1.1" 404 475 "-" "curl/7.68.0"
172.20.0.3 - - [08/Feb/2026 09:21:53] "[33mGET /nonexistent HTTP/1.1[0m" 404 -
198.51.100.50 - - [08/Feb/2026:09:21:54 +0000] "GET /static/image.jpg HTTP/1.1" 404 338 "-" "curl/7.68.0"
172.20.0.3 - - [08/Feb/2026 09:21:54] "[33mGET /static/image.jpg HTTP/1.1[0m" 404 -
172.16.0.10 - - [08/Feb/2026:09:21:54 +0000] "GET /api/orders HTTP/1.1" 200 7833 "-" "Scanner/1.0"
172.20.0.3 - - [08/Feb/2026 09:21:54] "GET /api/orders HTTP/1.1" 200 -
10.0.0.50 - - [08/Feb/2026:09:21:55 +0000] "GET /api/products HTTP/1.1" 200 2704 "-" "Mozilla/5.0 (Macintosh; Intel Mac OS X 10_15_7) AppleWebKit/537.36"
172.20.0.3 - - [08/Feb/2026 09:21:55] "GET /api/products HTTP/1.1" 200 -
10.0.0.50 - - [08/Feb/2026:09:21:56 +0000] "GET /api/users HTTP/1.1" 200 4352 "-" "Googlebot/2.1"
172.20.0.3 - - [08/Feb/2026 09:21:56] "GET /api/users HTTP/1.1" 200 -
198.51.100.50 - - [08/Feb/2026:09:21:57 +0000] "GET /login HTTP/1.1" 200 1319 "-" "Scanner/1.0"
172.20.0.3 - - [08/Feb/2026 09:21:57] "GET /login HTTP/1.1" 200 -
172.16.0.10 - - [08/Feb/2026:09:21:57 +0000] "GET / HTTP/1.1" 200 1112 "-" "Mozilla/5.0 (Macintosh; Intel Mac OS X 10_15_7) AppleWebKit/537.36"
172.20.0.3 - - [08/Feb/2026 09:21:57] "GET / HTTP/1.1" 200 -
203.0.113.42 - - [08/Feb/2026:09:21:59 +0000] "POST /checkout HTTP/1.1" 200 5695 "-" "curl/7.68.0"
172.20.0.3 - - [08/Feb/2026 09:21:59] "POST /checkout HTTP/1.1" 200 -
10.0.0.51 - - [08/Feb/2026:09:21:59 +0000] "GET /api/orders HTTP/1.1" 200 4682 "-" "Googlebot/2.1"
172.20.0.3 - - [08/Feb/2026 09:21:59] "GET /api/orders HTTP/1.1" 200 -
192.168.1.100 - - [08/Feb/2026:09:22:01 +0000] "GET /static/image.jpg HTTP/1.1" 404 466 "-" "Googlebot/2.1"
172.20.0.3 - - [08/Feb/2026 09:22:01] "[33mGET /static/image.jpg HTTP/1.1[0m" 404 -
10.0.0.51 - - [08/Feb/2026:09:22:03 +0000] "GET /api/orders HTTP/1.1" 200 2105 "-" "Mozilla/5.0 (Macintosh; Intel Mac OS X 10_15_7) AppleWebKit/537.36"
172.20.0.3 - - [08/Feb/2026 09:22:03] "GET /api/orders HTTP/1.1" 200 -
198.51.100.50 - - [08/Feb/2026:09:22:06 +0000] "GET /admin HTTP/1.1" 200 1084 "-" "curl/7.68.0"
172.20.0.3 - - [08/Feb/2026 09:22:06] "GET /admin HTTP/1.1" 200 -
10.0.0.51 - - [08/Feb/2026:09:22:06 +0000] "GET /nonexistent HTTP/1.1" 404 521 "-" "Mozilla/5.0 (Macintosh; Intel Mac OS X 10_15_7) AppleWebKit/537.36"
172.20.0.3 - - [08/Feb/2026 09:22:06] "[33mGET /nonexistent HTTP/1.1[0m" 404 -
192.168.1.100 - - [08/Feb/2026:09:22:07 +0000] "GET /api/users HTTP/1.1" 200 3962 "-" "curl/7.68.0"
172.20.0.3 - - [08/Feb/2026 09:22:07] "GET /api/users HTTP/1.1" 200 -
172.16.0.10 - - [08/Feb/2026:09:22:10 +0000] "GET /api/users HTTP/1.1" 200 4414 "-" "Scanner/1.0"
172.20.0.3 - - [08/Feb/2026 09:22:10] "GET /api/users HTTP/1.1" 200 -
172.16.0.11 - - [08/Feb/2026:09:22:10 +0000] "GET /api/orders HTTP/1.1" 200 2171 "-" "Mozilla/5.0 (Windows NT 10.0; Win64; x64) AppleWebKit/537.36"
172.20.0.3 - - [08/Feb/2026 09:22:10] "GET /api/orders HTTP/1.1" 200 -
203.0.113.42 - - [08/Feb/2026:09:22:12 +0000] "GET /api/products HTTP/1.1" 200 6894 "-" "Mozilla/5.0 (Windows NT 10.0; Win64; x64) AppleWebKit/537.36"
172.20.0.3 - - [08/Feb/2026 09:22:12] "GET /api/products HTTP/1.1" 200 -
192.168.1.100 - - [08/Feb/2026:09:22:12 +0000] "GET /api/products HTTP/1.1" 200 5455 "-" "Scanner/1.0"
172.20.0.3 - - [08/Feb/2026 09:22:12] "GET /api/products HTTP/1.1" 200 -
172.16.0.11 - - [08/Feb/2026:09:22:15 +0000] "GET /api/orders HTTP/1.1" 200 6298 "-" "BadBot/1.0"
172.20.0.3 - - [08/Feb/2026 09:22:15] "GET /api/orders HTTP/1.1" 200 -
172.16.0.11 - - [08/Feb/2026:09:22:17 +0000] "GET /api/search HTTP/1.1" 200 4254 "-" "Mozilla/5.0 (Windows NT 10.0; Win64; x64) AppleWebKit/537.36"
172.20.0.3 - - [08/Feb/2026 09:22:17] "GET /api/search?q=test HTTP/1.1" 200 -
172.16.0.11 - - [08/Feb/2026:09:22:19 +0000] "GET / HTTP/1.1" 200 1249 "-" "curl/7.68.0"
172.20.0.3 - - [08/Feb/2026 09:22:19] "GET / HTTP/1.1" 200 -
172.16.0.10 - - [08/Feb/2026:09:22:21 +0000] "GET /api/orders HTTP/1.1" 200 3243 "-" "Scanner/1.0"
172.20.0.3 - - [08/Feb/2026 09:22:21] "GET /api/orders HTTP/1.1" 200 -
198.51.100.50 - - [08/Feb/2026:09:22:23 +0000] "GET /api/users HTTP/1.1" 200 4266 "-" "curl/7.68.0"
172.20.0.3 - - [08/Feb/2026 09:22:23] "GET /api/users HTTP/1.1" 200 -
10.0.0.51 - - [08/Feb/2026:09:22:23 +0000] "GET /api/orders HTTP/1.1" 200 3032 "-" "Scanner/1.0"
172.20.0.3 - - [08/Feb/2026 09:22:23] "GET /api/orders HTTP/1.1" 200 -
203.0.113.42 - - [08/Feb/2026:09:22:25 +0000] "GET /logout HTTP/1.1" 200 314 "-" "Googlebot/2.1"
172.20.0.3 - - [08/Feb/2026 09:22:25] "GET /logout HTTP/1.1" 200 -
172.16.0.10 - - [08/Feb/2026:09:22:26 +0000] "GET /api/orders HTTP/1.1" 200 4311 "-" "python-requests/2.28.0"
172.20.0.3 - - [08/Feb/2026 09:22:26] "GET /api/orders HTTP/1.1" 200 -
198.51.100.50 - - [08/Feb/2026:09:22:28 +0000] "GET /static/image.jpg HTTP/1.1" 404 359 "-" "curl/7.68.0"
172.20.0.3 - - [08/Feb/2026 09:22:28] "[33mGET /static/image.jpg HTTP/1.1[0m" 404 -
198.51.100.50 - - [08/Feb/2026:09:22:28 +0000] "GET /api/search HTTP/1.1" 200 1432 "-" "Scanner/1.0"
172.20.0.3 - - [08/Feb/2026 09:22:28] "GET /api/search?q=test HTTP/1.1" 200 -
203.0.113.42 - - [08/Feb/2026:09:22:28 +0000] "GET /api/orders HTTP/1.1" 200 5704 "-" "Mozilla/5.0 (Macintosh; Intel Mac OS X 10_15_7) AppleWebKit/537.36"
172.20.0.3 - - [08/Feb/2026 09:22:28] "GET /api/orders HTTP/1.1" 200 -
192.168.1.101 - - [08/Feb/2026:09:22:29 +0000] "GET /api/orders HTTP/1.1" 200 2114 "-" "Mozilla/5.0 (Windows NT 10.0; Win64; x64) AppleWebKit/537.36"
172.20.0.3 - - [08/Feb/2026 09:22:29] "GET /api/orders HTTP/1.1" 200 -
192.168.1.101 - - [08/Feb/2026:09:22:30 +0000] "GET /api/users HTTP/1.1" 200 1762 "-" "Scanner/1.0"
172.20.0.3 - - [08/Feb/2026 09:22:30] "GET /api/users HTTP/1.1" 200 -
198.51.100.50 - - [08/Feb/2026:09:22:33 +0000] "GET /api/users HTTP/1.1" 200 2552 "-" "Scanner/1.0"
172.20.0.3 - - [08/Feb/2026 09:22:33] "GET /api/users HTTP/1.1" 200 -
10.0.0.51 - - [08/Feb/2026:09:22:33 +0000] "GET /logout HTTP/1.1" 200 456 "-" "BadBot/1.0"
172.20.0.3 - - [08/Feb/2026 09:22:33] "GET /logout HTTP/1.1" 200 -
192.168.1.102 - - [08/Feb/2026:09:22:35 +0000] "GET /checkout HTTP/1.1" 200 4967 "-" "curl/7.68.0"
172.20.0.3 - - [08/Feb/2026 09:22:35] "GET /checkout HTTP/1.1" 200 -
192.168.1.102 - - [08/Feb/2026:09:22:37 +0000] "GET / HTTP/1.1" 200 1780 "-" "python-requests/2.28.0"
172.20.0.3 - - [08/Feb/2026 09:22:37] "GET / HTTP/1.1" 200 -
192.168.1.100 - - [08/Feb/2026:09:22:38 +0000] "GET /api/search HTTP/1.1" 200 1806 "-" "Googlebot/2.1"
172.20.0.3 - - [08/Feb/2026 09:22:38] "GET /api/search?q=test HTTP/1.1" 200 -
172.16.0.10 - - [08/Feb/2026:09:22:40 +0000] "GET /login HTTP/1.1" 200 776 "-" "curl/7.68.0"
172.20.0.3 - - [08/Feb/2026 09:22:40] "GET /login HTTP/1.1" 200 -
203.0.113.42 - - [08/Feb/2026:09:22:42 +0000] "GET /api/users HTTP/1.1" 200 3523 "-" "Scanner/1.0"
172.20.0.3 - - [08/Feb/2026 09:22:42] "GET /api/users HTTP/1.1" 200 -
192.168.1.100 - - [08/Feb/2026:09:22:43 +0000] "GET /api/products HTTP/1.1" 200 6043 "-" "Mozilla/5.0 (Macintosh; Intel Mac OS X 10_15_7) AppleWebKit/537.36"
172.20.0.3 - - [08/Feb/2026 09:22:43] "GET /api/products HTTP/1.1" 200 -
10.0.0.51 - - [08/Feb/2026:09:22:44 +0000] "GET /api/products HTTP/1.1" 200 3393 "-" "BadBot/1.0"
172.20.0.3 - - [08/Feb/2026 09:22:44] "GET /api/products HTTP/1.1" 200 -
10.0.0.51 - - [08/Feb/2026:09:22:45 +0000] "POST /login HTTP/1.1" 401 318 "-" "Mozilla/5.0 (Macintosh; Intel Mac OS X 10_15_7) AppleWebKit/537.36"
172.20.0.3 - - [08/Feb/2026 09:22:45] "[31m[1mPOST /login HTTP/1.1[0m" 401 -
172.16.0.10 - - [08/Feb/2026:09:22:47 +0000] "GET /nonexistent HTTP/1.1" 404 532 "-" "Mozilla/5.0 (Macintosh; Intel Mac OS X 10_15_7) AppleWebKit/537.36"
172.20.0.3 - - [08/Feb/2026 09:22:47] "[33mGET /nonexistent HTTP/1.1[0m" 404 -
10.0.0.51 - - [08/Feb/2026:09:22:49 +0000] "GET /api/users HTTP/1.1" 200 2380 "-" "python-requests/2.28.0"
172.20.0.3 - - [08/Feb/2026 09:22:49] "GET /api/users HTTP/1.1" 200 -
192.168.1.101 - - [08/Feb/2026:09:22:52 +0000] "GET /admin HTTP/1.1" 403 458 "-" "Mozilla/5.0 (Windows NT 10.0; Win64; x64) AppleWebKit/537.36"
172.20.0.3 - - [08/Feb/2026 09:22:52] "[31m[1mGET /admin HTTP/1.1[0m" 403 -
10.0.0.51 - - [08/Feb/2026:09:22:53 +0000] "GET / HTTP/1.1" 200 580 "-" "curl/7.68.0"
172.20.0.3 - - [08/Feb/2026 09:22:53] "GET / HTTP/1.1" 200 -
192.168.1.102 - - [08/Feb/2026:09:22:55 +0000] "GET /api/orders HTTP/1.1" 200 7997 "-" "Googlebot/2.1"
172.20.0.3 - - [08/Feb/2026 09:22:55] "GET /api/orders HTTP/1.1" 200 -
10.0.0.51 - - [08/Feb/2026:09:22:55 +0000] "GET / HTTP/1.1" 200 1552 "-" "python-requests/2.28.0"
172.20.0.3 - - [08/Feb/2026 09:22:55] "GET / HTTP/1.1" 200 -
203.0.113.42 - - [08/Feb/2026:09:22:57 +0000] "GET /api/search HTTP/1.1" 200 1752 "-" "Googlebot/2.1"
172.20.0.3 - - [08/Feb/2026 09:22:57] "GET /api/search?q=test HTTP/1.1" 200 -
172.16.0.11 - - [08/Feb/2026:09:22:57 +0000] "GET /api/orders HTTP/1.1" 200 6003 "-" "Googlebot/2.1"
172.20.0.3 - - [08/Feb/2026 09:22:57] "GET /api/orders HTTP/1.1" 200 -
10.0.0.51 - - [08/Feb/2026:09:23:00 +0000] "GET /logout HTTP/1.1" 200 223 "-" "Googlebot/2.1"
172.20.0.3 - - [08/Feb/2026 09:23:00] "GET /logout HTTP/1.1" 200 -
192.168.1.102 - - [08/Feb/2026:09:23:02 +0000] "POST /checkout HTTP/1.1" 500 845 "-" "Mozilla/5.0 (Windows NT 10.0; Win64; x64) AppleWebKit/537.36"
172.20.0.3 - - [08/Feb/2026 09:23:02] "[35m[1mPOST /checkout HTTP/1.1[0m" 500 -
192.168.1.101 - - [08/Feb/2026:09:23:05 +0000] "GET / HTTP/1.1" 200 1112 "-" "python-requests/2.28.0"
172.20.0.3 - - [08/Feb/2026 09:23:05] "GET / HTTP/1.1" 200 -
10.0.0.51 - - [08/Feb/2026:09:23:06 +0000] "GET /api/users HTTP/1.1" 200 3950 "-" "python-requests/2.28.0"
172.20.0.3 - - [08/Feb/2026 09:23:06] "GET /api/users HTTP/1.1" 200 -
198.51.100.50 - - [08/Feb/2026:09:23:07 +0000] "GET /checkout HTTP/1.1" 200 7175 "-" "Mozilla/5.0 (Windows NT 10.0; Win64; x64) AppleWebKit/537.36"
172.20.0.3 - - [08/Feb/2026 09:23:07] "GET /checkout HTTP/1.1" 200 -
192.168.1.100 - - [08/Feb/2026:09:23:07 +0000] "GET /api/products HTTP/1.1" 200 2364 "-" "curl/7.68.0"
172.20.0.3 - - [08/Feb/2026 09:23:07] "GET /api/products HTTP/1.1" 200 -
203.0.113.42 - - [08/Feb/2026:09:23:08 +0000] "GET /api/search HTTP/1.1" 200 2776 "-" "curl/7.68.0"
172.20.0.3 - - [08/Feb/2026 09:23:08] "GET /api/search?q=test HTTP/1.1" 200 -
192.168.1.102 - - [08/Feb/2026:09:23:09 +0000] "GET /api/users HTTP/1.1" 200 3411 "-" "Googlebot/2.1"
172.20.0.3 - - [08/Feb/2026 09:23:09] "GET /api/users HTTP/1.1" 200 -
10.0.0.51 - - [08/Feb/2026:09:23:10 +0000] "GET / HTTP/1.1" 200 1453 "-" "Mozilla/5.0 (Macintosh; Intel Mac OS X 10_15_7) AppleWebKit/537.36"
172.20.0.3 - - [08/Feb/2026 09:23:10] "GET / HTTP/1.1" 200 -
203.0.113.42 - - [08/Feb/2026:09:23:12 +0000] "GET /api/search HTTP/1.1" 200 3733 "-" "python-requests/2.28.0"
172.20.0.3 - - [08/Feb/2026 09:23:12] "GET /api/search?q=test HTTP/1.1" 200 -
203.0.113.42 - - [08/Feb/2026:09:23:13 +0000] "GET / HTTP/1.1" 200 1313 "-" "python-requests/2.28.0"
172.20.0.3 - - [08/Feb/2026 09:23:13] "GET / HTTP/1.1" 200 -
192.168.1.100 - - [08/Feb/2026:09:23:13 +0000] "GET /nonexistent HTTP/1.1" 404 420 "-" "Scanner/1.0"
172.20.0.3 - - [08/Feb/2026 09:23:13] "[33mGET /nonexistent HTTP/1.1[0m" 404 -
198.51.100.50 - - [08/Feb/2026:09:23:15 +0000] "GET / HTTP/1.1" 200 1703 "-" "Mozilla/5.0 (Windows NT 10.0; Win64; x64) AppleWebKit/537.36"
172.20.0.3 - - [08/Feb/2026 09:23:15] "GET / HTTP/1.1" 200 -
198.51.100.50 - - [08/Feb/2026:09:23:15 +0000] "GET / HTTP/1.1" 200 1162 "-" "Scanner/1.0"
172.20.0.3 - - [08/Feb/2026 09:23:15] "GET / HTTP/1.1" 200 -
172.16.0.11 - - [08/Feb/2026:09:23:15 +0000] "GET /api/orders HTTP/1.1" 200 4713 "-" "BadBot/1.0"
172.20.0.3 - - [08/Feb/2026 09:23:15] "GET /api/orders HTTP/1.1" 200 -
172.16.0.11 - - [08/Feb/2026:09:23:18 +0000] "GET /api/users HTTP/1.1" 200 3074 "-" "Googlebot/2.1"
172.20.0.3 - - [08/Feb/2026 09:23:18] "GET /api/users HTTP/1.1" 200 -
198.51.100.50 - - [08/Feb/2026:09:23:19 +0000] "GET /api/orders HTTP/1.1" 200 2033 "-" "BadBot/1.0"
172.20.0.3 - - [08/Feb/2026 09:23:19] "GET /api/orders HTTP/1.1" 200 -
10.0.0.51 - - [08/Feb/2026:09:23:19 +0000] "GET /api/products HTTP/1.1" 200 7513 "-" "Mozilla/5.0 (Macintosh; Intel Mac OS X 10_15_7) AppleWebKit/537.36"
172.20.0.3 - - [08/Feb/2026 09:23:19] "GET /api/products HTTP/1.1" 200 -
172.16.0.10 - - [08/Feb/2026:09:23:22 +0000] "GET / HTTP/1.1" 200 1997 "-" "Googlebot/2.1"
172.20.0.3 - - [08/Feb/2026 09:23:22] "GET / HTTP/1.1" 200 -
198.51.100.50 - - [08/Feb/2026:09:23:24 +0000] "GET /api/users HTTP/1.1" 200 2114 "-" "python-requests/2.28.0"
172.20.0.3 - - [08/Feb/2026 09:23:24] "GET /api/users HTTP/1.1" 200 -
192.168.1.101 - - [08/Feb/2026:09:23:24 +0000] "GET /api/users HTTP/1.1" 200 2588 "-" "Scanner/1.0"
172.20.0.3 - - [08/Feb/2026 09:23:24] "GET /api/users HTTP/1.1" 200 -
192.168.1.101 - - [08/Feb/2026:09:23:25 +0000] "GET /login HTTP/1.1" 401 624 "-" "Mozilla/5.0 (Macintosh; Intel Mac OS X 10_15_7) AppleWebKit/537.36"
172.20.0.3 - - [08/Feb/2026 09:23:25] "[31m[1mGET /login HTTP/1.1[0m" 401 -
10.0.0.50 - - [08/Feb/2026:09:23:26 +0000] "GET /api/orders HTTP/1.1" 200 4807 "-" "BadBot/1.0"
172.20.0.3 - - [08/Feb/2026 09:23:26] "GET /api/orders HTTP/1.1" 200 -
10.0.0.50 - - [08/Feb/2026:09:23:29 +0000] "GET / HTTP/1.1" 200 1269 "-" "Mozilla/5.0 (Macintosh; Intel Mac OS X 10_15_7) AppleWebKit/537.36"
172.20.0.3 - - [08/Feb/2026 09:23:29] "GET / HTTP/1.1" 200 -
192.168.1.100 - - [08/Feb/2026:09:23:30 +0000] "GET /static/image.jpg HTTP/1.1" 404 341 "-" "Mozilla/5.0 (Macintosh; Intel Mac OS X 10_15_7) AppleWebKit/537.36"
172.20.0.3 - - [08/Feb/2026 09:23:30] "[33mGET /static/image.jpg HTTP/1.1[0m" 404 -
192.168.1.100 - - [08/Feb/2026:09:23:32 +0000] "GET /api/products HTTP/1.1" 200 2287 "-" "Scanner/1.0"
172.20.0.3 - - [08/Feb/2026 09:23:32] "GET /api/products HTTP/1.1" 200 -
192.168.1.101 - - [08/Feb/2026:09:23:32 +0000] "GET /api/users HTTP/1.1" 200 1716 "-" "Mozilla/5.0 (Macintosh; Intel Mac OS X 10_15_7) AppleWebKit/537.36"
172.20.0.3 - - [08/Feb/2026 09:23:32] "GET /api/users HTTP/1.1" 200 -
10.0.0.50 - - [08/Feb/2026:09:23:34 +0000] "GET /login HTTP/1.1" 200 1311 "-" "Mozilla/5.0 (Macintosh; Intel Mac OS X 10_15_7) AppleWebKit/537.36"
172.20.0.3 - - [08/Feb/2026 09:23:34] "GET /login HTTP/1.1" 200 -
192.168.1.102 - - [08/Feb/2026:09:23:36 +0000] "GET / HTTP/1.1" 200 1354 "-" "Googlebot/2.1"
172.20.0.3 - - [08/Feb/2026 09:23:36] "GET / HTTP/1.1" 200 -
198.51.100.50 - - [08/Feb/2026:09:23:39 +0000] "GET /admin HTTP/1.1" 403 315 "-" "Scanner/1.0"
172.20.0.3 - - [08/Feb/2026 09:23:39] "[31m[1mGET /admin HTTP/1.1[0m" 403 -
203.0.113.42 - - [08/Feb/2026:09:23:39 +0000] "GET /api/products HTTP/1.1" 200 2076 "-" "Googlebot/2.1"
172.20.0.3 - - [08/Feb/2026 09:23:39] "GET /api/products HTTP/1.1" 200 -
192.168.1.100 - - [08/Feb/2026:09:23:40 +0000] "GET /api/search HTTP/1.1" 200 3069 "-" "Scanner/1.0"
172.20.0.3 - - [08/Feb/2026 09:23:40] "GET /api/search?q=test HTTP/1.1" 200 -
10.0.0.51 - - [08/Feb/2026:09:23:42 +0000] "GET /api/orders HTTP/1.1" 200 6659 "-" "curl/7.68.0"
172.20.0.3 - - [08/Feb/2026 09:23:42] "GET /api/orders HTTP/1.1" 200 -
192.168.1.101 - - [08/Feb/2026:09:23:43 +0000] "GET /api/orders HTTP/1.1" 200 2185 "-" "Scanner/1.0"
172.20.0.3 - - [08/Feb/2026 09:23:43] "GET /api/orders HTTP/1.1" 200 -
10.0.0.51 - - [08/Feb/2026:09:23:45 +0000] "GET / HTTP/1.1" 200 1130 "-" "python-requests/2.28.0"
172.20.0.3 - - [08/Feb/2026 09:23:45] "GET / HTTP/1.1" 200 -
192.168.1.102 - - [08/Feb/2026:09:23:47 +0000] "GET /login HTTP/1.1" 200 1383 "-" "BadBot/1.0"
172.20.0.3 - - [08/Feb/2026 09:23:47] "GET /login HTTP/1.1" 200 -
198.51.100.50 - - [08/Feb/2026:09:23:49 +0000] "GET /api/users HTTP/1.1" 200 3084 "-" "Mozilla/5.0 (Windows NT 10.0; Win64; x64) AppleWebKit/537.36"
172.20.0.3 - - [08/Feb/2026 09:23:49] "GET /api/users HTTP/1.1" 200 -
192.168.1.102 - - [08/Feb/2026:09:23:49 +0000] "GET /api/orders HTTP/1.1" 200 3690 "-" "curl/7.68.0"
172.20.0.3 - - [08/Feb/2026 09:23:49] "GET /api/orders HTTP/1.1" 200 -
198.51.100.50 - - [08/Feb/2026:09:23:51 +0000] "GET /static/image.jpg HTTP/1.1" 404 330 "-" "python-requests/2.28.0"
172.20.0.3 - - [08/Feb/2026 09:23:51] "[33mGET /static/image.jpg HTTP/1.1[0m" 404 -
172.16.0.11 - - [08/Feb/2026:09:23:51 +0000] "GET /api/users HTTP/1.1" 200 3046 "-" "Mozilla/5.0 (Macintosh; Intel Mac OS X 10_15_7) AppleWebKit/537.36"
172.20.0.3 - - [08/Feb/2026 09:23:51] "GET /api/users HTTP/1.1" 200 -
192.168.1.100 - - [08/Feb/2026:09:23:52 +0000] "GET /nonexistent HTTP/1.1" 404 532 "-" "curl/7.68.0"
172.20.0.3 - - [08/Feb/2026 09:23:52] "[33mGET /nonexistent HTTP/1.1[0m" 404 -
10.0.0.50 - - [08/Feb/2026:09:23:53 +0000] "GET /login HTTP/1.1" 401 308 "-" "Scanner/1.0"
172.20.0.3 - - [08/Feb/2026 09:23:53] "[31m[1mGET /login HTTP/1.1[0m" 401 -
192.168.1.101 - - [08/Feb/2026:09:23:54 +0000] "GET /admin HTTP/1.1" 200 1202 "-" "Mozilla/5.0 (Windows NT 10.0; Win64; x64) AppleWebKit/537.36"
172.20.0.3 - - [08/Feb/2026 09:23:54] "GET /admin HTTP/1.1" 200 -
203.0.113.42 - - [08/Feb/2026:09:23:55 +0000] "GET / HTTP/1.1" 200 1411 "-" "Mozilla/5.0 (Macintosh; Intel Mac OS X 10_15_7) AppleWebKit/537.36"
172.20.0.3 - - [08/Feb/2026 09:23:55] "GET / HTTP/1.1" 200 -
198.51.100.50 - - [08/Feb/2026:09:23:55 +0000] "GET / HTTP/1.1" 200 1436 "-" "curl/7.68.0"
172.20.0.3 - - [08/Feb/2026 09:23:55] "GET / HTTP/1.1" 200 -
10.0.0.51 - - [08/Feb/2026:09:23:55 +0000] "GET /api/products HTTP/1.1" 200 2781 "-" "Scanner/1.0"
172.20.0.3 - - [08/Feb/2026 09:23:55] "GET /api/products HTTP/1.1" 200 -
192.168.1.101 - - [08/Feb/2026:09:23:58 +0000] "GET / HTTP/1.1" 200 526 "-" "Mozilla/5.0 (Macintosh; Intel Mac OS X 10_15_7) AppleWebKit/537.36"
172.20.0.3 - - [08/Feb/2026 09:23:58] "GET / HTTP/1.1" 200 -
192.168.1.102 - - [08/Feb/2026:09:23:59 +0000] "GET /api/orders HTTP/1.1" 200 4916 "-" "BadBot/1.0"
172.20.0.3 - - [08/Feb/2026 09:23:59] "GET /api/orders HTTP/1.1" 200 -
172.16.0.10 - - [08/Feb/2026:09:24:01 +0000] "GET /api/users HTTP/1.1" 200 1849 "-" "Scanner/1.0"
172.20.0.3 - - [08/Feb/2026 09:24:01] "GET /api/users HTTP/1.1" 200 -
172.16.0.11 - - [08/Feb/2026:09:24:04 +0000] "GET /api/products HTTP/1.1" 200 2046 "-" "Mozilla/5.0 (Windows NT 10.0; Win64; x64) AppleWebKit/537.36"
172.20.0.3 - - [08/Feb/2026 09:24:04] "GET /api/products HTTP/1.1" 200 -
203.0.113.42 - - [08/Feb/2026:09:24:06 +0000] "GET /api/orders HTTP/1.1" 200 1949 "-" "Googlebot/2.1"
172.20.0.3 - - [08/Feb/2026 09:24:06] "GET /api/orders HTTP/1.1" 200 -
192.168.1.102 - - [08/Feb/2026:09:24:06 +0000] "GET /api/products HTTP/1.1" 200 2715 "-" "python-requests/2.28.0"
172.20.0.3 - - [08/Feb/2026 09:24:06] "GET /api/products HTTP/1.1" 200 -
10.0.0.50 - - [08/Feb/2026:09:24:09 +0000] "GET /login HTTP/1.1" 401 328 "-" "python-requests/2.28.0"
172.20.0.3 - - [08/Feb/2026 09:24:09] "[31m[1mGET /login HTTP/1.1[0m" 401 -
198.51.100.50 - - [08/Feb/2026:09:24:11 +0000] "GET / HTTP/1.1" 200 1042 "-" "curl/7.68.0"
172.20.0.3 - - [08/Feb/2026 09:24:11] "GET / HTTP/1.1" 200 -
192.168.1.102 - - [08/Feb/2026:09:24:11 +0000] "GET /logout HTTP/1.1" 200 236 "-" "Mozilla/5.0 (Windows NT 10.0; Win64; x64) AppleWebKit/537.36"
172.20.0.3 - - [08/Feb/2026 09:24:11] "GET /logout HTTP/1.1" 200 -
192.168.1.100 - - [08/Feb/2026:09:24:13 +0000] "GET /api/products HTTP/1.1" 200 9591 "-" "Mozilla/5.0 (Windows NT 10.0; Win64; x64) AppleWebKit/537.36"
172.20.0.3 - - [08/Feb/2026 09:24:13] "GET /api/products HTTP/1.1" 200 -
203.0.113.42 - - [08/Feb/2026:09:24:16 +0000] "GET /logout HTTP/1.1" 200 377 "-" "Mozilla/5.0 (Windows NT 10.0; Win64; x64) AppleWebKit/537.36"
172.20.0.3 - - [08/Feb/2026 09:24:16] "GET /logout HTTP/1.1" 200 -
172.16.0.11 - - [08/Feb/2026:09:24:16 +0000] "GET /api/users HTTP/1.1" 200 1949 "-" "Mozilla/5.0 (Windows NT 10.0; Win64; x64) AppleWebKit/537.36"
172.20.0.3 - - [08/Feb/2026 09:24:16] "GET /api/users HTTP/1.1" 200 -
198.51.100.50 - - [08/Feb/2026:09:24:17 +0000] "GET /api/products HTTP/1.1" 200 4702 "-" "curl/7.68.0"
172.20.0.3 - - [08/Feb/2026 09:24:17] "GET /api/products HTTP/1.1" 200 -
10.0.0.51 - - [08/Feb/2026:09:24:18 +0000] "GET /login HTTP/1.1" 200 1318 "-" "Mozilla/5.0 (Macintosh; Intel Mac OS X 10_15_7) AppleWebKit/537.36"
172.20.0.3 - - [08/Feb/2026 09:24:18] "GET /login HTTP/1.1" 200 -
198.51.100.50 - - [08/Feb/2026:09:24:18 +0000] "GET / HTTP/1.1" 200 1378 "-" "python-requests/2.28.0"
172.20.0.3 - - [08/Feb/2026 09:24:18] "GET / HTTP/1.1" 200 -
203.0.113.42 - - [08/Feb/2026:09:24:19 +0000] "GET /api/users HTTP/1.1" 200 4787 "-" "Mozilla/5.0 (Windows NT 10.0; Win64; x64) AppleWebKit/537.36"
172.20.0.3 - - [08/Feb/2026 09:24:19] "GET /api/users HTTP/1.1" 200 -
192.168.1.100 - - [08/Feb/2026:09:24:19 +0000] "GET /api/products HTTP/1.1" 200 6879 "-" "Scanner/1.0"
172.20.0.3 - - [08/Feb/2026 09:24:19] "GET /api/products HTTP/1.1" 200 -
203.0.113.42 - - [08/Feb/2026:09:24:21 +0000] "GET /api/orders HTTP/1.1" 200 3174 "-" "python-requests/2.28.0"
172.20.0.3 - - [08/Feb/2026 09:24:21] "GET /api/orders HTTP/1.1" 200 -
203.0.113.42 - - [08/Feb/2026:09:24:21 +0000] "GET /logout HTTP/1.1" 200 314 "-" "Scanner/1.0"
172.20.0.3 - - [08/Feb/2026 09:24:21] "GET /logout HTTP/1.1" 200 -
192.168.1.101 - - [08/Feb/2026:09:24:21 +0000] "GET /api/products HTTP/1.1" 200 6727 "-" "Mozilla/5.0 (Windows NT 10.0; Win64; x64) AppleWebKit/537.36"
172.20.0.3 - - [08/Feb/2026 09:24:21] "GET /api/products HTTP/1.1" 200 -
192.168.1.102 - - [08/Feb/2026:09:24:22 +0000] "GET /api/users HTTP/1.1" 200 2913 "-" "curl/7.68.0"
172.20.0.3 - - [08/Feb/2026 09:24:22] "GET /api/users HTTP/1.1" 200 -
203.0.113.42 - - [08/Feb/2026:09:24:25 +0000] "GET /static/image.jpg HTTP/1.1" 404 422 "-" "Googlebot/2.1"
172.20.0.3 - - [08/Feb/2026 09:24:25] "[33mGET /static/image.jpg HTTP/1.1[0m" 404 -
198.51.100.50 - - [08/Feb/2026:09:24:26 +0000] "GET /static/image.jpg HTTP/1.1" 404 409 "-" "Mozilla/5.0 (Windows NT 10.0; Win64; x64) AppleWebKit/537.36"
172.20.0.3 - - [08/Feb/2026 09:24:26] "[33mGET /static/image.jpg HTTP/1.1[0m" 404 -
198.51.100.50 - - [08/Feb/2026:09:24:26 +0000] "GET / HTTP/1.1" 200 1881 "-" "Mozilla/5.0 (Macintosh; Intel Mac OS X 10_15_7) AppleWebKit/537.36"
172.20.0.3 - - [08/Feb/2026 09:24:26] "GET / HTTP/1.1" 200 -
203.0.113.42 - - [08/Feb/2026:09:24:26 +0000] "GET /api/products HTTP/1.1" 200 4270 "-" "Mozilla/5.0 (Macintosh; Intel Mac OS X 10_15_7) AppleWebKit/537.36"
172.20.0.3 - - [08/Feb/2026 09:24:26] "GET /api/products HTTP/1.1" 200 -
172.16.0.11 - - [08/Feb/2026:09:24:27 +0000] "GET /api/users HTTP/1.1" 200 3285 "-" "Mozilla/5.0 (Macintosh; Intel Mac OS X 10_15_7) AppleWebKit/537.36"
172.20.0.3 - - [08/Feb/2026 09:24:27] "GET /api/users HTTP/1.1" 200 -
192.168.1.101 - - [08/Feb/2026:09:24:27 +0000] "GET /api/users HTTP/1.1" 200 1120 "-" "curl/7.68.0"
172.20.0.3 - - [08/Feb/2026 09:24:27] "GET /api/users HTTP/1.1" 200 -
172.16.0.10 - - [08/Feb/2026:09:24:29 +0000] "GET /api/products HTTP/1.1" 200 8573 "-" "Mozilla/5.0 (Macintosh; Intel Mac OS X 10_15_7) AppleWebKit/537.36"
172.20.0.3 - - [08/Feb/2026 09:24:29] "GET /api/products HTTP/1.1" 200 -
192.168.1.101 - - [08/Feb/2026:09:24:31 +0000] "GET /static/image.jpg HTTP/1.1" 404 411 "-" "curl/7.68.0"
172.20.0.3 - - [08/Feb/2026 09:24:31] "[33mGET /static/image.jpg HTTP/1.1[0m" 404 -
10.0.0.51 - - [08/Feb/2026:09:24:32 +0000] "GET /api/users HTTP/1.1" 200 4455 "-" "Mozilla/5.0 (Windows NT 10.0; Win64; x64) AppleWebKit/537.36"
172.20.0.3 - - [08/Feb/2026 09:24:32] "GET /api/users HTTP/1.1" 200 -
172.16.0.10 - - [08/Feb/2026:09:24:33 +0000] "GET /login HTTP/1.1" 200 570 "-" "Scanner/1.0"
172.20.0.3 - - [08/Feb/2026 09:24:33] "GET /login HTTP/1.1" 200 -
203.0.113.42 - - [08/Feb/2026:09:24:36 +0000] "GET /login HTTP/1.1" 200 1410 "-" "Mozilla/5.0 (Windows NT 10.0; Win64; x64) AppleWebKit/537.36"
172.20.0.3 - - [08/Feb/2026 09:24:36] "GET /login HTTP/1.1" 200 -
172.16.0.11 - - [08/Feb/2026:09:24:37 +0000] "GET /admin HTTP/1.1" 200 1649 "-" "python-requests/2.28.0"
172.20.0.3 - - [08/Feb/2026 09:24:37] "GET /admin HTTP/1.1" 200 -
198.51.100.50 - - [08/Feb/2026:09:24:39 +0000] "GET / HTTP/1.1" 200 1369 "-" "Mozilla/5.0 (Macintosh; Intel Mac OS X 10_15_7) AppleWebKit/537.36"
172.20.0.3 - - [08/Feb/2026 09:24:39] "GET / HTTP/1.1" 200 -
203.0.113.42 - - [08/Feb/2026:09:24:39 +0000] "GET /api/orders HTTP/1.1" 200 5279 "-" "Scanner/1.0"
172.20.0.3 - - [08/Feb/2026 09:24:39] "GET /api/orders HTTP/1.1" 200 -
