198.51.100.50 - - [08/Feb/2026:09:40:34 +0000] "GET /static/image.jpg HTTP/1.1" 404 403 "-" "BadBot/1.0"
172.20.0.3 - - [08/Feb/2026 09:40:34] "[33mGET /static/image.jpg HTTP/1.1[0m" 404 -
10.0.0.50 - - [08/Feb/2026:09:40:34 +0000] "GET /static/image.jpg HTTP/1.1" 404 545 "-" "curl/7.68.0"
172.20.0.3 - - [08/Feb/2026 09:40:34] "[33mGET /static/image.jpg HTTP/1.1[0m" 404 -
198.51.100.50 - - [08/Feb/2026:09:40:35 +0000] "GET /checkout HTTP/1.1" 200 7143 "-" "Mozilla/5.0 (Macintosh; Intel Mac OS X 10_15_7) AppleWebKit/537.36"
172.20.0.3 - - [08/Feb/2026 09:40:35] "GET /checkout HTTP/1.1" 200 -
10.0.0.50 - - [08/Feb/2026:09:40:35 +0000] "GET /api/users HTTP/1.1" 200 1895 "-" "Mozilla/5.0 (Macintosh; Intel Mac OS X 10_15_7) AppleWebKit/537.36"
172.20.0.3 - - [08/Feb/2026 09:40:35] "GET /api/users HTTP/1.1" 200 -
198.51.100.50 - - [08/Feb/2026:09:40:36 +0000] "GET /api/products HTTP/1.1" 200 8682 "-" "python-requests/2.28.0"
172.20.0.3 - - [08/Feb/2026 09:40:36] "GET /api/products HTTP/1.1" 200 -
203.0.113.42 - - [08/Feb/2026:09:40:37 +0000] "GET /api/products HTTP/1.1" 200 8045 "-" "curl/7.68.0"
172.20.0.3 - - [08/Feb/2026 09:40:37] "GET /api/products HTTP/1.1" 200 -
10.0.0.51 - - [08/Feb/2026:09:40:37 +0000] "GET /logout HTTP/1.1" 200 210 "-" "curl/7.68.0"
172.20.0.3 - - [08/Feb/2026 09:40:37] "GET /logout HTTP/1.1" 200 -
192.168.1.102 - - [08/Feb/2026:09:40:39 +0000] "GET / HTTP/1.1" 200 1439 "-" "Googlebot/2.1"
172.20.0.3 - - [08/Feb/2026 09:40:39] "GET / HTTP/1.1" 200 -
172.16.0.10 - - [08/Feb/2026:09:40:42 +0000] "GET /logout HTTP/1.1" 200 484 "-" "python-requests/2.28.0"
172.20.0.3 - - [08/Feb/2026 09:40:42] "GET /logout HTTP/1.1" 200 -
10.0.0.51 - - [08/Feb/2026:09:40:44 +0000] "GET /api/users HTTP/1.1" 200 3357 "-" "Scanner/1.0"
172.20.0.3 - - [08/Feb/2026 09:40:44] "GET /api/users HTTP/1.1" 200 -
172.16.0.10 - - [08/Feb/2026:09:40:45 +0000] "GET /static/image.jpg HTTP/1.1" 404 316 "-" "curl/7.68.0"
172.20.0.3 - - [08/Feb/2026 09:40:45] "[33mGET /static/image.jpg HTTP/1.1[0m" 404 -
203.0.113.42 - - [08/Feb/2026:09:40:48 +0000] "GET / HTTP/1.1" 200 717 "-" "Mozilla/5.0 (Macintosh; Intel Mac OS X 10_15_7) AppleWebKit/537.36"
172.20.0.3 - - [08/Feb/2026 09:40:48] "GET / HTTP/1.1" 200 -
203.0.113.42 - - [08/Feb/2026:09:40:48 +0000] "GET / HTTP/1.1" 200 1003 "-" "curl/7.68.0"
172.20.0.3 - - [08/Feb/2026 09:40:48] "GET / HTTP/1.1" 200 -
203.0.113.42 - - [08/Feb/2026:09:40:48 +0000] "GET / HTTP/1.1" 200 663 "-" "python-requests/2.28.0"
172.20.0.3 - - [08/Feb/2026 09:40:48] "GET / HTTP/1.1" 200 -
172.16.0.11 - - [08/Feb/2026:09:40:49 +0000] "GET /logout HTTP/1.1" 200 485 "-" "Googlebot/2.1"
172.20.0.3 - - [08/Feb/2026 09:40:49] "GET /logout HTTP/1.1" 200 -
10.0.0.50 - - [08/Feb/2026:09:40:52 +0000] "GET /logout HTTP/1.1" 200 343 "-" "Scanner/1.0"
172.20.0.3 - - [08/Feb/2026 09:40:52] "GET /logout HTTP/1.1" 200 -
198.51.100.50 - - [08/Feb/2026:09:40:54 +0000] "GET /api/users HTTP/1.1" 200 2205 "-" "curl/7.68.0"
172.20.0.3 - - [08/Feb/2026 09:40:54] "GET /api/users HTTP/1.1" 200 -
172.16.0.10 - - [08/Feb/2026:09:40:54 +0000] "GET /api/orders HTTP/1.1" 200 2502 "-" "curl/7.68.0"
172.20.0.3 - - [08/Feb/2026 09:40:54] "GET /api/orders HTTP/1.1" 200 -
10.0.0.50 - - [08/Feb/2026:09:40:57 +0000] "GET /api/products HTTP/1.1" 200 8559 "-" "Mozilla/5.0 (Macintosh; Intel Mac OS X 10_15_7) AppleWebKit/537.36"
172.20.0.3 - - [08/Feb/2026 09:40:57] "GET /api/products HTTP/1.1" 200 -
172.16.0.10 - - [08/Feb/2026:09:40:59 +0000] "GET /static/image.jpg HTTP/1.1" 404 493 "-" "Googlebot/2.1"
172.20.0.3 - - [08/Feb/2026 09:40:59] "[33mGET /static/image.jpg HTTP/1.1[0m" 404 -
192.168.1.102 - - [08/Feb/2026:09:41:00 +0000] "GET /static/image.jpg HTTP/1.1" 404 374 "-" "Googlebot/2.1"
172.20.0.3 - - [08/Feb/2026 09:41:00] "[33mGET /static/image.jpg HTTP/1.1[0m" 404 -
203.0.113.42 - - [08/Feb/2026:09:41:01 +0000] "GET /api/products HTTP/1.1" 200 6221 "-" "Mozilla/5.0 (Windows NT 10.0; Win64; x64) AppleWebKit/537.36"
172.20.0.3 - - [08/Feb/2026 09:41:01] "GET /api/products HTTP/1.1" 200 -
198.51.100.50 - - [08/Feb/2026:09:41:02 +0000] "GET /api/orders HTTP/1.1" 200 1857 "-" "BadBot/1.0"
172.20.0.3 - - [08/Feb/2026 09:41:02] "GET /api/orders HTTP/1.1" 200 -
10.0.0.50 - - [08/Feb/2026:09:41:02 +0000] "GET / HTTP/1.1" 200 1630 "-" "Scanner/1.0"
172.20.0.3 - - [08/Feb/2026 09:41:02] "GET / HTTP/1.1" 200 -
10.0.0.50 - - [08/Feb/2026:09:41:03 +0000] "GET /api/users HTTP/1.1" 200 3199 "-" "curl/7.68.0"
172.20.0.3 - - [08/Feb/2026 09:41:03] "GET /api/users HTTP/1.1" 200 -
198.51.100.50 - - [08/Feb/2026:09:41:05 +0000] "GET /api/orders HTTP/1.1" 200 7404 "-" "BadBot/1.0"
172.20.0.3 - - [08/Feb/2026 09:41:05] "GET /api/orders HTTP/1.1" 200 -
172.16.0.10 - - [08/Feb/2026:09:41:05 +0000] "GET / HTTP/1.1" 200 955 "-" "curl/7.68.0"
172.20.0.3 - - [08/Feb/2026 09:41:05] "GET / HTTP/1.1" 200 -
198.51.100.50 - - [08/Feb/2026:09:41:07 +0000] "GET /api/users HTTP/1.1" 200 4771 "-" "Googlebot/2.1"
172.20.0.3 - - [08/Feb/2026 09:41:07] "GET /api/users HTTP/1.1" 200 -
10.0.0.50 - - [08/Feb/2026:09:41:07 +0000] "GET / HTTP/1.1" 200 949 "-" "Googlebot/2.1"
172.20.0.3 - - [08/Feb/2026 09:41:07] "GET / HTTP/1.1" 200 -
203.0.113.42 - - [08/Feb/2026:09:41:08 +0000] "GET /api/orders HTTP/1.1" 200 6862 "-" "BadBot/1.0"
172.20.0.3 - - [08/Feb/2026 09:41:08] "GET /api/orders HTTP/1.1" 200 -
198.51.100.50 - - [08/Feb/2026:09:41:08 +0000] "GET /api/products HTTP/1.1" 200 9857 "-" "curl/7.68.0"
172.20.0.3 - - [08/Feb/2026 09:41:08] "GET /api/products HTTP/1.1" 200 -
192.168.1.101 - - [08/Feb/2026:09:41:08 +0000] "GET /api/users HTTP/1.1" 200 4148 "-" "python-requests/2.28.0"
172.20.0.3 - - [08/Feb/2026 09:41:08] "GET /api/users HTTP/1.1" 200 -
192.168.1.101 - - [08/Feb/2026:09:41:09 +0000] "GET /api/search HTTP/1.1" 400 317 "-" "python-requests/2.28.0"
172.20.0.3 - - [08/Feb/2026 09:41:09] "[31m[1mGET /api/search HTTP/1.1[0m" 400 -
203.0.113.42 - - [08/Feb/2026:09:41:10 +0000] "GET /api/search HTTP/1.1" 400 217 "-" "curl/7.68.0"
172.20.0.3 - - [08/Feb/2026 09:41:10] "[31m[1mGET /api/search HTTP/1.1[0m" 400 -
203.0.113.42 - - [08/Feb/2026:09:41:10 +0000] "GET /api/search HTTP/1.1" 200 1260 "-" "curl/7.68.0"
172.20.0.3 - - [08/Feb/2026 09:41:10] "GET /api/search?q=test HTTP/1.1" 200 -
10.0.0.50 - - [08/Feb/2026:09:41:10 +0000] "GET /login HTTP/1.1" 200 528 "-" "Mozilla/5.0 (Macintosh; Intel Mac OS X 10_15_7) AppleWebKit/537.36"
172.20.0.3 - - [08/Feb/2026 09:41:11] "GET /login HTTP/1.1" 200 -
172.16.0.10 - - [08/Feb/2026:09:41:13 +0000] "GET /static/image.jpg HTTP/1.1" 404 593 "-" "Mozilla/5.0 (Windows NT 10.0; Win64; x64) AppleWebKit/537.36"
172.20.0.3 - - [08/Feb/2026 09:41:13] "[33mGET /static/image.jpg HTTP/1.1[0m" 404 -
10.0.0.51 - - [08/Feb/2026:09:41:14 +0000] "GET /static/image.jpg HTTP/1.1" 404 349 "-" "Mozilla/5.0 (Macintosh; Intel Mac OS X 10_15_7) AppleWebKit/537.36"
172.20.0.3 - - [08/Feb/2026 09:41:14] "[33mGET /static/image.jpg HTTP/1.1[0m" 404 -
192.168.1.102 - - [08/Feb/2026:09:41:14 +0000] "GET /checkout HTTP/1.1" 200 7422 "-" "Mozilla/5.0 (Windows NT 10.0; Win64; x64) AppleWebKit/537.36"
172.20.0.3 - - [08/Feb/2026 09:41:14] "GET /checkout HTTP/1.1" 200 -
203.0.113.42 - - [08/Feb/2026:09:41:16 +0000] "GET /api/products HTTP/1.1" 200 8197 "-" "BadBot/1.0"
172.20.0.3 - - [08/Feb/2026 09:41:16] "GET /api/products HTTP/1.1" 200 -
198.51.100.50 - - [08/Feb/2026:09:41:16 +0000] "GET /checkout HTTP/1.1" 200 4067 "-" "BadBot/1.0"
172.20.0.3 - - [08/Feb/2026 09:41:16] "GET /checkout HTTP/1.1" 200 -
192.168.1.101 - - [08/Feb/2026:09:41:16 +0000] "GET / HTTP/1.1" 200 1609 "-" "Scanner/1.0"
172.20.0.3 - - [08/Feb/2026 09:41:16] "GET / HTTP/1.1" 200 -
203.0.113.42 - - [08/Feb/2026:09:41:17 +0000] "GET /api/users HTTP/1.1" 200 4278 "-" "Googlebot/2.1"
172.20.0.3 - - [08/Feb/2026 09:41:17] "GET /api/users HTTP/1.1" 200 -
192.168.1.101 - - [08/Feb/2026:09:41:17 +0000] "GET /api/products HTTP/1.1" 200 8489 "-" "curl/7.68.0"
172.20.0.3 - - [08/Feb/2026 09:41:17] "GET /api/products HTTP/1.1" 200 -
192.168.1.100 - - [08/Feb/2026:09:41:20 +0000] "GET /api/search HTTP/1.1" 200 2024 "-" "Scanner/1.0"
172.20.0.3 - - [08/Feb/2026 09:41:20] "GET /api/search?q=test HTTP/1.1" 200 -
203.0.113.42 - - [08/Feb/2026:09:41:21 +0000] "GET /logout HTTP/1.1" 200 281 "-" "Mozilla/5.0 (Macintosh; Intel Mac OS X 10_15_7) AppleWebKit/537.36"
172.20.0.3 - - [08/Feb/2026 09:41:21] "GET /logout HTTP/1.1" 200 -
192.168.1.101 - - [08/Feb/2026:09:41:21 +0000] "GET /api/orders HTTP/1.1" 200 2272 "-" "Scanner/1.0"
172.20.0.3 - - [08/Feb/2026 09:41:21] "GET /api/orders HTTP/1.1" 200 -
192.168.1.102 - - [08/Feb/2026:09:41:22 +0000] "GET /api/search HTTP/1.1" 200 1064 "-" "BadBot/1.0"
172.20.0.3 - - [08/Feb/2026 09:41:22] "GET /api/search?q=test HTTP/1.1" 200 -
198.51.100.50 - - [08/Feb/2026:09:41:23 +0000] "GET /api/products HTTP/1.1" 200 6055 "-" "BadBot/1.0"
172.20.0.3 - - [08/Feb/2026 09:41:23] "GET /api/products HTTP/1.1" 200 -
203.0.113.42 - - [08/Feb/2026:09:41:24 +0000] "GET / HTTP/1.1" 200 1010 "-" "Scanner/1.0"
172.20.0.3 - - [08/Feb/2026 09:41:24] "GET / HTTP/1.1" 200 -
10.0.0.51 - - [08/Feb/2026:09:41:24 +0000] "GET /api/products HTTP/1.1" 200 5528 "-" "Mozilla/5.0 (Windows NT 10.0; Win64; x64) AppleWebKit/537.36"
172.20.0.3 - - [08/Feb/2026 09:41:24] "GET /api/products HTTP/1.1" 200 -
10.0.0.50 - - [08/Feb/2026:09:41:26 +0000] "GET /admin HTTP/1.1" 200 1959 "-" "python-requests/2.28.0"
172.20.0.3 - - [08/Feb/2026 09:41:26] "GET /admin HTTP/1.1" 200 -
10.0.0.50 - - [08/Feb/2026:09:41:29 +0000] "GET /api/orders HTTP/1.1" 200 1587 "-" "Mozilla/5.0 (Windows NT 10.0; Win64; x64) AppleWebKit/537.36"
172.20.0.3 - - [08/Feb/2026 09:41:29] "GET /api/orders HTTP/1.1" 200 -
198.51.100.50 - - [08/Feb/2026:09:41:31 +0000] "GET /admin HTTP/1.1" 403 483 "-" "Mozilla/5.0 (Macintosh; Intel Mac OS X 10_15_7) AppleWebKit/537.36"
172.20.0.3 - - [08/Feb/2026 09:41:31] "[31m[1mGET /admin HTTP/1.1[0m" 403 -
203.0.113.42 - - [08/Feb/2026:09:41:31 +0000] "GET /api/users HTTP/1.1" 200 3722 "-" "python-requests/2.28.0"
172.20.0.3 - - [08/Feb/2026 09:41:31] "GET /api/users HTTP/1.1" 200 -
203.0.113.42 - - [08/Feb/2026:09:41:31 +0000] "GET /nonexistent HTTP/1.1" 404 378 "-" "Scanner/1.0"
172.20.0.3 - - [08/Feb/2026 09:41:31] "[33mGET /nonexistent HTTP/1.1[0m" 404 -
192.168.1.100 - - [08/Feb/2026:09:41:32 +0000] "GET /api/users HTTP/1.1" 200 2790 "-" "Googlebot/2.1"
172.20.0.3 - - [08/Feb/2026 09:41:32] "GET /api/users HTTP/1.1" 200 -
10.0.0.50 - - [08/Feb/2026:09:41:34 +0000] "GET / HTTP/1.1" 200 1260 "-" "Mozilla/5.0 (Macintosh; Intel Mac OS X 10_15_7) AppleWebKit/537.36"
172.20.0.3 - - [08/Feb/2026 09:41:34] "GET / HTTP/1.1" 200 -
172.16.0.11 - - [08/Feb/2026:09:41:37 +0000] "GET /api/search HTTP/1.1" 400 312 "-" "curl/7.68.0"
172.20.0.3 - - [08/Feb/2026 09:41:37] "[31m[1mGET /api/search HTTP/1.1[0m" 400 -
198.51.100.50 - - [08/Feb/2026:09:41:38 +0000] "GET /login HTTP/1.1" 200 897 "-" "BadBot/1.0"
172.20.0.3 - - [08/Feb/2026 09:41:38] "GET /login HTTP/1.1" 200 -
192.168.1.102 - - [08/Feb/2026:09:41:38 +0000] "GET /checkout HTTP/1.1" 200 7453 "-" "python-requests/2.28.0"
172.20.0.3 - - [08/Feb/2026 09:41:38] "GET /checkout HTTP/1.1" 200 -
198.51.100.50 - - [08/Feb/2026:09:41:41 +0000] "GET /logout HTTP/1.1" 200 249 "-" "Scanner/1.0"
172.20.0.3 - - [08/Feb/2026 09:41:41] "GET /logout HTTP/1.1" 200 -
10.0.0.50 - - [08/Feb/2026:09:41:41 +0000] "GET / HTTP/1.1" 200 562 "-" "BadBot/1.0"
172.20.0.3 - - [08/Feb/2026 09:41:41] "GET / HTTP/1.1" 200 -
198.51.100.50 - - [08/Feb/2026:09:41:43 +0000] "GET /api/products HTTP/1.1" 200 7977 "-" "python-requests/2.28.0"
172.20.0.3 - - [08/Feb/2026 09:41:43] "GET /api/products HTTP/1.1" 200 -
10.0.0.50 - - [08/Feb/2026:09:41:44 +0000] "POST /login HTTP/1.1" 401 460 "-" "python-requests/2.28.0"
172.20.0.3 - - [08/Feb/2026 09:41:44] "[31m[1mPOST /login HTTP/1.1[0m" 401 -
203.0.113.42 - - [08/Feb/2026:09:41:47 +0000] "GET /logout HTTP/1.1" 200 320 "-" "python-requests/2.28.0"
172.20.0.3 - - [08/Feb/2026 09:41:47] "GET /logout HTTP/1.1" 200 -
203.0.113.42 - - [08/Feb/2026:09:41:47 +0000] "GET /logout HTTP/1.1" 200 499 "-" "python-requests/2.28.0"
172.20.0.3 - - [08/Feb/2026 09:41:47] "GET /logout HTTP/1.1" 200 -
192.168.1.100 - - [08/Feb/2026:09:41:47 +0000] "GET /login HTTP/1.1" 200 1281 "-" "BadBot/1.0"
172.20.0.3 - - [08/Feb/2026 09:41:47] "GET /login HTTP/1.1" 200 -
10.0.0.51 - - [08/Feb/2026:09:41:50 +0000] "GET /api/products HTTP/1.1" 200 4451 "-" "Scanner/1.0"
172.20.0.3 - - [08/Feb/2026 09:41:50] "GET /api/products HTTP/1.1" 200 -
203.0.113.42 - - [08/Feb/2026:09:41:52 +0000] "GET /api/orders HTTP/1.1" 200 5798 "-" "Googlebot/2.1"
172.20.0.3 - - [08/Feb/2026 09:41:52] "GET /api/orders HTTP/1.1" 200 -
192.168.1.100 - - [08/Feb/2026:09:41:53 +0000] "GET /api/orders HTTP/1.1" 200 4271 "-" "Scanner/1.0"
172.20.0.3 - - [08/Feb/2026 09:41:53] "GET /api/orders HTTP/1.1" 200 -
10.0.0.51 - - [08/Feb/2026:09:41:55 +0000] "GET /api/products HTTP/1.1" 200 9086 "-" "BadBot/1.0"
172.20.0.3 - - [08/Feb/2026 09:41:55] "GET /api/products HTTP/1.1" 200 -
10.0.0.50 - - [08/Feb/2026:09:41:58 +0000] "GET / HTTP/1.1" 200 1770 "-" "BadBot/1.0"
172.20.0.3 - - [08/Feb/2026 09:41:58] "GET / HTTP/1.1" 200 -
203.0.113.42 - - [08/Feb/2026:09:41:59 +0000] "GET /nonexistent HTTP/1.1" 404 472 "-" "Scanner/1.0"
172.20.0.3 - - [08/Feb/2026 09:41:59] "[33mGET /nonexistent HTTP/1.1[0m" 404 -
203.0.113.42 - - [08/Feb/2026:09:41:59 +0000] "GET /api/products HTTP/1.1" 200 9069 "-" "python-requests/2.28.0"
172.20.0.3 - - [08/Feb/2026 09:41:59] "GET /api/products HTTP/1.1" 200 -
10.0.0.50 - - [08/Feb/2026:09:41:59 +0000] "GET /api/products HTTP/1.1" 200 6937 "-" "Mozilla/5.0 (Windows NT 10.0; Win64; x64) AppleWebKit/537.36"
172.20.0.3 - - [08/Feb/2026 09:41:59] "GET /api/products HTTP/1.1" 200 -
172.16.0.11 - - [08/Feb/2026:09:42:00 +0000] "GET /api/products HTTP/1.1" 200 4596 "-" "python-requests/2.28.0"
172.20.0.3 - - [08/Feb/2026 09:42:00] "GET /api/products HTTP/1.1" 200 -
192.168.1.101 - - [08/Feb/2026:09:42:02 +0000] "GET /api/search HTTP/1.1" 400 385 "-" "BadBot/1.0"
172.20.0.3 - - [08/Feb/2026 09:42:02] "[31m[1mGET /api/search HTTP/1.1[0m" 400 -
172.16.0.10 - - [08/Feb/2026:09:42:04 +0000] "POST /checkout HTTP/1.1" 200 5572 "-" "curl/7.68.0"
172.20.0.3 - - [08/Feb/2026 09:42:04] "POST /checkout HTTP/1.1" 200 -
198.51.100.50 - - [08/Feb/2026:09:42:06 +0000] "GET /checkout HTTP/1.1" 200 4858 "-" "BadBot/1.0"
172.20.0.3 - - [08/Feb/2026 09:42:06] "GET /checkout HTTP/1.1" 200 -
198.51.100.50 - - [08/Feb/2026:09:42:06 +0000] "GET /logout HTTP/1.1" 200 449 "-" "Mozilla/5.0 (Macintosh; Intel Mac OS X 10_15_7) AppleWebKit/537.36"
172.20.0.3 - - [08/Feb/2026 09:42:06] "GET /logout HTTP/1.1" 200 -
198.51.100.50 - - [08/Feb/2026:09:42:07 +0000] "GET / HTTP/1.1" 200 1672 "-" "BadBot/1.0"
172.20.0.3 - - [08/Feb/2026 09:42:07] "GET / HTTP/1.1" 200 -
10.0.0.50 - - [08/Feb/2026:09:42:07 +0000] "GET /logout HTTP/1.1" 200 274 "-" "Scanner/1.0"
172.20.0.3 - - [08/Feb/2026 09:42:07] "GET /logout HTTP/1.1" 200 -
198.51.100.50 - - [08/Feb/2026:09:42:09 +0000] "POST /checkout HTTP/1.1" 200 6528 "-" "Scanner/1.0"
172.20.0.3 - - [08/Feb/2026 09:42:09] "POST /checkout HTTP/1.1" 200 -
192.168.1.100 - - [08/Feb/2026:09:42:10 +0000] "GET /api/search HTTP/1.1" 200 3891 "-" "Scanner/1.0"
172.20.0.3 - - [08/Feb/2026 09:42:10] "GET /api/search?q=test HTTP/1.1" 200 -
10.0.0.51 - - [08/Feb/2026:09:42:11 +0000] "GET /logout HTTP/1.1" 200 217 "-" "Mozilla/5.0 (Windows NT 10.0; Win64; x64) AppleWebKit/537.36"
172.20.0.3 - - [08/Feb/2026 09:42:11] "GET /logout HTTP/1.1" 200 -
10.0.0.51 - - [08/Feb/2026:09:42:14 +0000] "GET /api/products HTTP/1.1" 200 6927 "-" "Googlebot/2.1"
172.20.0.3 - - [08/Feb/2026 09:42:14] "GET /api/products HTTP/1.1" 200 -
198.51.100.50 - - [08/Feb/2026:09:42:15 +0000] "GET /api/search HTTP/1.1" 200 3424 "-" "Scanner/1.0"
172.20.0.3 - - [08/Feb/2026 09:42:15] "GET /api/search?q=test HTTP/1.1" 200 -
192.168.1.100 - - [08/Feb/2026:09:42:15 +0000] "GET /api/products HTTP/1.1" 200 3222 "-" "Googlebot/2.1"
172.20.0.3 - - [08/Feb/2026 09:42:15] "GET /api/products HTTP/1.1" 200 -
203.0.113.42 - - [08/Feb/2026:09:42:16 +0000] "GET /api/users HTTP/1.1" 200 4277 "-" "Mozilla/5.0 (Macintosh; Intel Mac OS X 10_15_7) AppleWebKit/537.36"
172.20.0.3 - - [08/Feb/2026 09:42:16] "GET /api/users HTTP/1.1" 200 -
10.0.0.51 - - [08/Feb/2026:09:42:17 +0000] "GET /api/products HTTP/1.1" 200 2825 "-" "python-requests/2.28.0"
172.20.0.3 - - [08/Feb/2026 09:42:17] "GET /api/products HTTP/1.1" 200 -
198.51.100.50 - - [08/Feb/2026:09:42:18 +0000] "GET /api/users HTTP/1.1" 200 4214 "-" "Googlebot/2.1"
172.20.0.3 - - [08/Feb/2026 09:42:18] "GET /api/users HTTP/1.1" 200 -
192.168.1.100 - - [08/Feb/2026:09:42:18 +0000] "GET /login HTTP/1.1" 401 357 "-" "BadBot/1.0"
172.20.0.3 - - [08/Feb/2026 09:42:18] "[31m[1mGET /login HTTP/1.1[0m" 401 -
198.51.100.50 - - [08/Feb/2026:09:42:21 +0000] "GET / HTTP/1.1" 200 1639 "-" "Googlebot/2.1"
172.20.0.3 - - [08/Feb/2026 09:42:21] "GET / HTTP/1.1" 200 -
198.51.100.50 - - [08/Feb/2026:09:42:21 +0000] "GET /api/users HTTP/1.1" 200 3381 "-" "python-requests/2.28.0"
172.20.0.3 - - [08/Feb/2026 09:42:21] "GET /api/users HTTP/1.1" 200 -
198.51.100.50 - - [08/Feb/2026:09:42:21 +0000] "GET /api/users HTTP/1.1" 200 4489 "-" "BadBot/1.0"
172.20.0.3 - - [08/Feb/2026 09:42:21] "GET /api/users HTTP/1.1" 200 -
172.16.0.10 - - [08/Feb/2026:09:42:21 +0000] "GET /api/search HTTP/1.1" 400 264 "-" "Mozilla/5.0 (Windows NT 10.0; Win64; x64) AppleWebKit/537.36"
172.20.0.3 - - [08/Feb/2026 09:42:21] "[31m[1mGET /api/search HTTP/1.1[0m" 400 -
172.16.0.10 - - [08/Feb/2026:09:42:22 +0000] "GET /api/users HTTP/1.1" 200 2699 "-" "curl/7.68.0"
172.20.0.3 - - [08/Feb/2026 09:42:22] "GET /api/users HTTP/1.1" 200 -
10.0.0.51 - - [08/Feb/2026:09:42:24 +0000] "GET /admin HTTP/1.1" 200 2025 "-" "Mozilla/5.0 (Windows NT 10.0; Win64; x64) AppleWebKit/537.36"
172.20.0.3 - - [08/Feb/2026 09:42:24] "GET /admin HTTP/1.1" 200 -
192.168.1.100 - - [08/Feb/2026:09:42:25 +0000] "GET /logout HTTP/1.1" 200 493 "-" "Mozilla/5.0 (Windows NT 10.0; Win64; x64) AppleWebKit/537.36"
172.20.0.3 - - [08/Feb/2026 09:42:25] "GET /logout HTTP/1.1" 200 -
10.0.0.51 - - [08/Feb/2026:09:42:26 +0000] "GET /nonexistent HTTP/1.1" 404 501 "-" "Scanner/1.0"
172.20.0.3 - - [08/Feb/2026 09:42:26] "[33mGET /nonexistent HTTP/1.1[0m" 404 -
172.16.0.11 - - [08/Feb/2026:09:42:28 +0000] "GET /api/products HTTP/1.1" 200 6305 "-" "python-requests/2.28.0"
172.20.0.3 - - [08/Feb/2026 09:42:28] "GET /api/products HTTP/1.1" 200 -
10.0.0.51 - - [08/Feb/2026:09:42:29 +0000] "GET / HTTP/1.1" 200 1197 "-" "Googlebot/2.1"
172.20.0.3 - - [08/Feb/2026 09:42:29] "GET / HTTP/1.1" 200 -
10.0.0.50 - - [08/Feb/2026:09:42:32 +0000] "GET /checkout HTTP/1.1" 200 3104 "-" "Mozilla/5.0 (Windows NT 10.0; Win64; x64) AppleWebKit/537.36"
172.20.0.3 - - [08/Feb/2026 09:42:32] "GET /checkout HTTP/1.1" 200 -
192.168.1.102 - - [08/Feb/2026:09:42:33 +0000] "GET /api/users HTTP/1.1" 200 3910 "-" "Scanner/1.0"
172.20.0.3 - - [08/Feb/2026 09:42:33] "GET /api/users HTTP/1.1" 200 -
192.168.1.101 - - [08/Feb/2026:09:42:34 +0000] "GET /api/products HTTP/1.1" 200 7662 "-" "Scanner/1.0"
172.20.0.3 - - [08/Feb/2026 09:42:34] "GET /api/products HTTP/1.1" 200 -
10.0.0.50 - - [08/Feb/2026:09:42:35 +0000] "GET / HTTP/1.1" 200 649 "-" "curl/7.68.0"
172.20.0.3 - - [08/Feb/2026 09:42:35] "GET / HTTP/1.1" 200 -
10.0.0.51 - - [08/Feb/2026:09:42:36 +0000] "GET /nonexistent HTTP/1.1" 404 532 "-" "python-requests/2.28.0"
172.20.0.3 - - [08/Feb/2026 09:42:36] "[33mGET /nonexistent HTTP/1.1[0m" 404 -
192.168.1.101 - - [08/Feb/2026:09:42:37 +0000] "GET /api/users HTTP/1.1" 200 1734 "-" "Mozilla/5.0 (Windows NT 10.0; Win64; x64) AppleWebKit/537.36"
172.20.0.3 - - [08/Feb/2026 09:42:37] "GET /api/users HTTP/1.1" 200 -
192.168.1.102 - - [08/Feb/2026:09:42:40 +0000] "POST /checkout HTTP/1.1" 200 4128 "-" "curl/7.68.0"
172.20.0.3 - - [08/Feb/2026 09:42:40] "POST /checkout HTTP/1.1" 200 -
172.16.0.11 - - [08/Feb/2026:09:42:43 +0000] "GET /api/orders HTTP/1.1" 200 6293 "-" "Googlebot/2.1"
172.20.0.3 - - [08/Feb/2026 09:42:43] "GET /api/orders HTTP/1.1" 200 -
198.51.100.50 - - [08/Feb/2026:09:42:45 +0000] "GET /api/users HTTP/1.1" 200 2128 "-" "python-requests/2.28.0"
172.20.0.3 - - [08/Feb/2026 09:42:45] "GET /api/users HTTP/1.1" 200 -
198.51.100.50 - - [08/Feb/2026:09:42:45 +0000] "GET /api/orders HTTP/1.1" 200 4566 "-" "curl/7.68.0"
172.20.0.3 - - [08/Feb/2026 09:42:45] "GET /api/orders HTTP/1.1" 200 -
172.16.0.10 - - [08/Feb/2026:09:42:46 +0000] "GET /api/orders HTTP/1.1" 200 4601 "-" "python-requests/2.28.0"
172.20.0.3 - - [08/Feb/2026 09:42:46] "GET /api/orders HTTP/1.1" 200 -
172.16.0.11 - - [08/Feb/2026:09:42:48 +0000] "GET / HTTP/1.1" 200 1893 "-" "Scanner/1.0"
172.20.0.3 - - [08/Feb/2026 09:42:48] "GET / HTTP/1.1" 200 -
192.168.1.102 - - [08/Feb/2026:09:42:50 +0000] "GET /nonexistent HTTP/1.1" 404 584 "-" "Mozilla/5.0 (Macintosh; Intel Mac OS X 10_15_7) AppleWebKit/537.36"
172.20.0.3 - - [08/Feb/2026 09:42:50] "[33mGET /nonexistent HTTP/1.1[0m" 404 -
203.0.113.42 - - [08/Feb/2026:09:42:53 +0000] "GET /checkout HTTP/1.1" 200 2980 "-" "BadBot/1.0"
172.20.0.3 - - [08/Feb/2026 09:42:53] "GET /checkout HTTP/1.1" 200 -
198.51.100.50 - - [08/Feb/2026:09:42:54 +0000] "GET /static/image.jpg HTTP/1.1" 404 417 "-" "curl/7.68.0"
172.20.0.3 - - [08/Feb/2026 09:42:54] "[33mGET /static/image.jpg HTTP/1.1[0m" 404 -
10.0.0.50 - - [08/Feb/2026:09:42:54 +0000] "GET /api/users HTTP/1.1" 200 3902 "-" "BadBot/1.0"
172.20.0.3 - - [08/Feb/2026 09:42:54] "GET /api/users HTTP/1.1" 200 -
203.0.113.42 - - [08/Feb/2026:09:42:56 +0000] "GET /api/products HTTP/1.1" 200 2507 "-" "Scanner/1.0"
172.20.0.3 - - [08/Feb/2026 09:42:56] "GET /api/products HTTP/1.1" 200 -
172.16.0.11 - - [08/Feb/2026:09:42:56 +0000] "GET /api/search HTTP/1.1" 400 235 "-" "Mozilla/5.0 (Macintosh; Intel Mac OS X 10_15_7) AppleWebKit/537.36"
172.20.0.3 - - [08/Feb/2026 09:42:56] "[31m[1mGET /api/search HTTP/1.1[0m" 400 -
10.0.0.51 - - [08/Feb/2026:09:42:58 +0000] "GET /api/users HTTP/1.1" 200 1980 "-" "Mozilla/5.0 (Windows NT 10.0; Win64; x64) AppleWebKit/537.36"
172.20.0.3 - - [08/Feb/2026 09:42:58] "GET /api/users HTTP/1.1" 200 -
192.168.1.100 - - [08/Feb/2026:09:42:59 +0000] "GET / HTTP/1.1" 200 1304 "-" "Mozilla/5.0 (Windows NT 10.0; Win64; x64) AppleWebKit/537.36"
172.20.0.3 - - [08/Feb/2026 09:42:59] "GET / HTTP/1.1" 200 -
203.0.113.42 - - [08/Feb/2026:09:43:02 +0000] "GET /api/search HTTP/1.1" 200 4519 "-" "python-requests/2.28.0"
172.20.0.3 - - [08/Feb/2026 09:43:02] "GET /api/search?q=test HTTP/1.1" 200 -
198.51.100.50 - - [08/Feb/2026:09:43:02 +0000] "GET /api/users HTTP/1.1" 200 2186 "-" "BadBot/1.0"
172.20.0.3 - - [08/Feb/2026 09:43:02] "GET /api/users HTTP/1.1" 200 -
10.0.0.50 - - [08/Feb/2026:09:43:03 +0000] "GET /admin HTTP/1.1" 200 1898 "-" "Mozilla/5.0 (Windows NT 10.0; Win64; x64) AppleWebKit/537.36"
172.20.0.3 - - [08/Feb/2026 09:43:03] "GET /admin HTTP/1.1" 200 -
192.168.1.100 - - [08/Feb/2026:09:43:04 +0000] "GET /static/image.jpg HTTP/1.1" 404 432 "-" "Mozilla/5.0 (Macintosh; Intel Mac OS X 10_15_7) AppleWebKit/537.36"
172.20.0.3 - - [08/Feb/2026 09:43:04] "[33mGET /static/image.jpg HTTP/1.1[0m" 404 -
10.0.0.51 - - [08/Feb/2026:09:43:06 +0000] "GET /login HTTP/1.1" 200 900 "-" "BadBot/1.0"
172.20.0.3 - - [08/Feb/2026 09:43:06] "GET /login HTTP/1.1" 200 -
192.168.1.100 - - [08/Feb/2026:09:43:08 +0000] "GET /login HTTP/1.1" 200 1452 "-" "curl/7.68.0"
172.20.0.3 - - [08/Feb/2026 09:43:08] "GET /login HTTP/1.1" 200 -
192.168.1.101 - - [08/Feb/2026:09:43:08 +0000] "GET /admin HTTP/1.1" 403 577 "-" "Mozilla/5.0 (Macintosh; Intel Mac OS X 10_15_7) AppleWebKit/537.36"
172.20.0.3 - - [08/Feb/2026 09:43:08] "[31m[1mGET /admin HTTP/1.1[0m" 403 -
10.0.0.50 - - [08/Feb/2026:09:43:10 +0000] "POST /checkout HTTP/1.1" 200 5779 "-" "Googlebot/2.1"
172.20.0.3 - - [08/Feb/2026 09:43:10] "POST /checkout HTTP/1.1" 200 -
203.0.113.42 - - [08/Feb/2026:09:43:11 +0000] "GET /api/users HTTP/1.1" 200 4930 "-" "Googlebot/2.1"
172.20.0.3 - - [08/Feb/2026 09:43:11] "GET /api/users HTTP/1.1" 200 -
203.0.113.42 - - [08/Feb/2026:09:43:11 +0000] "GET /api/users HTTP/1.1" 200 4948 "-" "Mozilla/5.0 (Macintosh; Intel Mac OS X 10_15_7) AppleWebKit/537.36"
172.20.0.3 - - [08/Feb/2026 09:43:11] "GET /api/users HTTP/1.1" 200 -
192.168.1.102 - - [08/Feb/2026:09:43:11 +0000] "GET /api/products HTTP/1.1" 200 7634 "-" "Mozilla/5.0 (Macintosh; Intel Mac OS X 10_15_7) AppleWebKit/537.36"
172.20.0.3 - - [08/Feb/2026 09:43:11] "GET /api/products HTTP/1.1" 200 -
203.0.113.42 - - [08/Feb/2026:09:43:13 +0000] "GET /api/products HTTP/1.1" 200 9412 "-" "Mozilla/5.0 (Windows NT 10.0; Win64; x64) AppleWebKit/537.36"
172.20.0.3 - - [08/Feb/2026 09:43:13] "GET /api/products HTTP/1.1" 200 -
198.51.100.50 - - [08/Feb/2026:09:43:13 +0000] "GET /api/products HTTP/1.1" 200 2250 "-" "python-requests/2.28.0"
172.20.0.3 - - [08/Feb/2026 09:43:13] "GET /api/products HTTP/1.1" 200 -
192.168.1.100 - - [08/Feb/2026:09:43:13 +0000] "GET / HTTP/1.1" 200 880 "-" "BadBot/1.0"
172.20.0.3 - - [08/Feb/2026 09:43:13] "GET / HTTP/1.1" 200 -
172.16.0.11 - - [08/Feb/2026:09:43:14 +0000] "GET /api/search HTTP/1.1" 400 243 "-" "python-requests/2.28.0"
172.20.0.3 - - [08/Feb/2026 09:43:14] "[31m[1mGET /api/search HTTP/1.1[0m" 400 -
192.168.1.102 - - [08/Feb/2026:09:43:17 +0000] "GET / HTTP/1.1" 200 1952 "-" "Googlebot/2.1"
172.20.0.3 - - [08/Feb/2026 09:43:17] "GET / HTTP/1.1" 200 -
192.168.1.101 - - [08/Feb/2026:09:43:17 +0000] "GET /api/products HTTP/1.1" 200 3343 "-" "Mozilla/5.0 (Macintosh; Intel Mac OS X 10_15_7) AppleWebKit/537.36"
172.20.0.3 - - [08/Feb/2026 09:43:17] "GET /api/products HTTP/1.1" 200 -
198.51.100.50 - - [08/Feb/2026:09:43:19 +0000] "GET / HTTP/1.1" 200 1694 "-" "Googlebot/2.1"
172.20.0.3 - - [08/Feb/2026 09:43:19] "GET / HTTP/1.1" 200 -
172.16.0.10 - - [08/Feb/2026:09:43:19 +0000] "GET /api/users HTTP/1.1" 200 4773 "-" "curl/7.68.0"
172.20.0.3 - - [08/Feb/2026 09:43:19] "GET /api/users HTTP/1.1" 200 -
198.51.100.50 - - [08/Feb/2026:09:43:22 +0000] "GET /api/products HTTP/1.1" 200 6915 "-" "python-requests/2.28.0"
172.20.0.3 - - [08/Feb/2026 09:43:22] "GET /api/products HTTP/1.1" 200 -
172.16.0.11 - - [08/Feb/2026:09:43:23 +0000] "GET /nonexistent HTTP/1.1" 404 543 "-" "python-requests/2.28.0"
172.20.0.3 - - [08/Feb/2026 09:43:23] "[33mGET /nonexistent HTTP/1.1[0m" 404 -
203.0.113.42 - - [08/Feb/2026:09:43:26 +0000] "GET /api/users HTTP/1.1" 200 2723 "-" "Scanner/1.0"
172.20.0.3 - - [08/Feb/2026 09:43:26] "GET /api/users HTTP/1.1" 200 -
172.16.0.10 - - [08/Feb/2026:09:43:26 +0000] "GET / HTTP/1.1" 200 1307 "-" "Mozilla/5.0 (Windows NT 10.0; Win64; x64) AppleWebKit/537.36"
172.20.0.3 - - [08/Feb/2026 09:43:26] "GET / HTTP/1.1" 200 -
192.168.1.102 - - [08/Feb/2026:09:43:29 +0000] "GET / HTTP/1.1" 200 1795 "-" "curl/7.68.0"
172.20.0.3 - - [08/Feb/2026 09:43:29] "GET / HTTP/1.1" 200 -
10.0.0.51 - - [08/Feb/2026:09:43:30 +0000] "GET /api/products HTTP/1.1" 200 3418 "-" "Mozilla/5.0 (Windows NT 10.0; Win64; x64) AppleWebKit/537.36"
172.20.0.3 - - [08/Feb/2026 09:43:30] "GET /api/products HTTP/1.1" 200 -
172.16.0.10 - - [08/Feb/2026:09:43:33 +0000] "GET /api/users HTTP/1.1" 200 2889 "-" "Googlebot/2.1"
172.20.0.3 - - [08/Feb/2026 09:43:33] "GET /api/users HTTP/1.1" 200 -
198.51.100.50 - - [08/Feb/2026:09:43:34 +0000] "GET / HTTP/1.1" 200 1246 "-" "Mozilla/5.0 (Windows NT 10.0; Win64; x64) AppleWebKit/537.36"
172.20.0.3 - - [08/Feb/2026 09:43:34] "GET / HTTP/1.1" 200 -
198.51.100.50 - - [08/Feb/2026:09:43:35 +0000] "GET /login HTTP/1.1" 401 563 "-" "Scanner/1.0"
172.20.0.3 - - [08/Feb/2026 09:43:35] "[31m[1mGET /login HTTP/1.1[0m" 401 -
172.16.0.11 - - [08/Feb/2026:09:43:35 +0000] "GET /static/image.jpg HTTP/1.1" 404 472 "-" "curl/7.68.0"
172.20.0.3 - - [08/Feb/2026 09:43:35] "[33mGET /static/image.jpg HTTP/1.1[0m" 404 -
203.0.113.42 - - [08/Feb/2026:09:43:36 +0000] "GET /static/image.jpg HTTP/1.1" 404 506 "-" "Mozilla/5.0 (Macintosh; Intel Mac OS X 10_15_7) AppleWebKit/537.36"
172.20.0.3 - - [08/Feb/2026 09:43:36] "[33mGET /static/image.jpg HTTP/1.1[0m" 404 -
192.168.1.102 - - [08/Feb/2026:09:43:37 +0000] "GET /api/users HTTP/1.1" 200 1446 "-" "python-requests/2.28.0"
172.20.0.3 - - [08/Feb/2026 09:43:37] "GET /api/users HTTP/1.1" 200 -
192.168.1.101 - - [08/Feb/2026:09:43:38 +0000] "POST /login HTTP/1.1" 200 805 "-" "curl/7.68.0"
172.20.0.3 - - [08/Feb/2026 09:43:38] "POST /login HTTP/1.1" 200 -
198.51.100.50 - - [08/Feb/2026:09:43:38 +0000] "GET /api/orders HTTP/1.1" 200 2431 "-" "Scanner/1.0"
172.20.0.3 - - [08/Feb/2026 09:43:38] "GET /api/orders HTTP/1.1" 200 -
10.0.0.51 - - [08/Feb/2026:09:43:39 +0000] "GET /static/image.jpg HTTP/1.1" 404 351 "-" "Mozilla/5.0 (Windows NT 10.0; Win64; x64) AppleWebKit/537.36"
172.20.0.3 - - [08/Feb/2026 09:43:39] "[33mGET /static/image.jpg HTTP/1.1[0m" 404 -
172.16.0.10 - - [08/Feb/2026:09:43:41 +0000] "GET /admin HTTP/1.1" 200 2280 "-" "Mozilla/5.0 (Macintosh; Intel Mac OS X 10_15_7) AppleWebKit/537.36"
172.20.0.3 - - [08/Feb/2026 09:43:41] "GET /admin HTTP/1.1" 200 -
198.51.100.50 - - [08/Feb/2026:09:43:44 +0000] "GET / HTTP/1.1" 200 590 "-" "python-requests/2.28.0"
172.20.0.3 - - [08/Feb/2026 09:43:44] "GET / HTTP/1.1" 200 -
198.51.100.50 - - [08/Feb/2026:09:43:44 +0000] "GET /api/orders HTTP/1.1" 200 4890 "-" "Mozilla/5.0 (Windows NT 10.0; Win64; x64) AppleWebKit/537.36"
172.20.0.3 - - [08/Feb/2026 09:43:44] "GET /api/orders HTTP/1.1" 200 -
192.168.1.102 - - [08/Feb/2026:09:43:44 +0000] "GET /checkout HTTP/1.1" 200 2845 "-" "Mozilla/5.0 (Windows NT 10.0; Win64; x64) AppleWebKit/537.36"
172.20.0.3 - - [08/Feb/2026 09:43:44] "GET /checkout HTTP/1.1" 200 -
10.0.0.51 - - [08/Feb/2026:09:43:47 +0000] "GET /api/products HTTP/1.1" 200 8389 "-" "Mozilla/5.0 (Windows NT 10.0; Win64; x64) AppleWebKit/537.36"
172.20.0.3 - - [08/Feb/2026 09:43:47] "GET /api/products HTTP/1.1" 200 -
172.16.0.10 - - [08/Feb/2026:09:43:47 +0000] "GET / HTTP/1.1" 200 1583 "-" "Googlebot/2.1"
172.20.0.3 - - [08/Feb/2026 09:43:47] "GET / HTTP/1.1" 200 -
192.168.1.101 - - [08/Feb/2026:09:43:49 +0000] "GET /api/users HTTP/1.1" 200 1437 "-" "python-requests/2.28.0"
172.20.0.3 - - [08/Feb/2026 09:43:49] "GET /api/users HTTP/1.1" 200 -
172.16.0.11 - - [08/Feb/2026:09:43:52 +0000] "GET / HTTP/1.1" 200 1492 "-" "Scanner/1.0"
172.20.0.3 - - [08/Feb/2026 09:43:52] "GET / HTTP/1.1" 200 -
10.0.0.50 - - [08/Feb/2026:09:43:53 +0000] "GET / HTTP/1.1" 200 1347 "-" "curl/7.68.0"
172.20.0.3 - - [08/Feb/2026 09:43:53] "GET / HTTP/1.1" 200 -
172.16.0.10 - - [08/Feb/2026:09:43:54 +0000] "GET /api/users HTTP/1.1" 200 1659 "-" "Googlebot/2.1"
172.20.0.3 - - [08/Feb/2026 09:43:54] "GET /api/users HTTP/1.1" 200 -
203.0.113.42 - - [08/Feb/2026:09:43:55 +0000] "GET /api/users HTTP/1.1" 200 4585 "-" "curl/7.68.0"
172.20.0.3 - - [08/Feb/2026 09:43:55] "GET /api/users HTTP/1.1" 200 -
192.168.1.102 - - [08/Feb/2026:09:43:55 +0000] "GET /api/users HTTP/1.1" 200 1473 "-" "curl/7.68.0"
172.20.0.3 - - [08/Feb/2026 09:43:55] "GET /api/users HTTP/1.1" 200 -
198.51.100.50 - - [08/Feb/2026:09:43:56 +0000] "GET /logout HTTP/1.1" 200 371 "-" "Googlebot/2.1"
172.20.0.3 - - [08/Feb/2026 09:43:56] "GET /logout HTTP/1.1" 200 -
192.168.1.101 - - [08/Feb/2026:09:43:57 +0000] "GET /checkout HTTP/1.1" 200 3330 "-" "python-requests/2.28.0"
172.20.0.3 - - [08/Feb/2026 09:43:57] "GET /checkout HTTP/1.1" 200 -
192.168.1.101 - - [08/Feb/2026:09:43:59 +0000] "GET /checkout HTTP/1.1" 200 3537 "-" "Mozilla/5.0 (Macintosh; Intel Mac OS X 10_15_7) AppleWebKit/537.36"
172.20.0.3 - - [08/Feb/2026 09:43:59] "GET /checkout HTTP/1.1" 200 -
10.0.0.50 - - [08/Feb/2026:09:44:00 +0000] "GET /api/orders HTTP/1.1" 200 7102 "-" "curl/7.68.0"
172.20.0.3 - - [08/Feb/2026 09:44:00] "GET /api/orders HTTP/1.1" 200 -
172.16.0.10 - - [08/Feb/2026:09:44:02 +0000] "GET /admin HTTP/1.1" 403 321 "-" "Scanner/1.0"
172.20.0.3 - - [08/Feb/2026 09:44:02] "[31m[1mGET /admin HTTP/1.1[0m" 403 -
192.168.1.101 - - [08/Feb/2026:09:44:05 +0000] "GET / HTTP/1.1" 200 1757 "-" "Mozilla/5.0 (Windows NT 10.0; Win64; x64) AppleWebKit/537.36"
172.20.0.3 - - [08/Feb/2026 09:44:05] "GET / HTTP/1.1" 200 -
192.168.1.102 - - [08/Feb/2026:09:44:06 +0000] "GET /api/search HTTP/1.1" 400 236 "-" "BadBot/1.0"
172.20.0.3 - - [08/Feb/2026 09:44:06] "[31m[1mGET /api/search HTTP/1.1[0m" 400 -
198.51.100.50 - - [08/Feb/2026:09:44:08 +0000] "GET /checkout HTTP/1.1" 200 3826 "-" "python-requests/2.28.0"
172.20.0.3 - - [08/Feb/2026 09:44:08] "GET /checkout HTTP/1.1" 200 -
10.0.0.51 - - [08/Feb/2026:09:44:08 +0000] "GET /api/products HTTP/1.1" 200 2361 "-" "Googlebot/2.1"
172.20.0.3 - - [08/Feb/2026 09:44:08] "GET /api/products HTTP/1.1" 200 -
192.168.1.102 - - [08/Feb/2026:09:44:09 +0000] "GET / HTTP/1.1" 200 1834 "-" "curl/7.68.0"
172.20.0.3 - - [08/Feb/2026 09:44:09] "GET / HTTP/1.1" 200 -
198.51.100.50 - - [08/Feb/2026:09:44:10 +0000] "GET /api/orders HTTP/1.1" 200 4671 "-" "Mozilla/5.0 (Windows NT 10.0; Win64; x64) AppleWebKit/537.36"
172.20.0.3 - - [08/Feb/2026 09:44:10] "GET /api/orders HTTP/1.1" 200 -
203.0.113.42 - - [08/Feb/2026:09:44:10 +0000] "GET /api/products HTTP/1.1" 200 5979 "-" "python-requests/2.28.0"
172.20.0.3 - - [08/Feb/2026 09:44:10] "GET /api/products HTTP/1.1" 200 -
192.168.1.100 - - [08/Feb/2026:09:44:10 +0000] "GET / HTTP/1.1" 200 659 "-" "Scanner/1.0"
172.20.0.3 - - [08/Feb/2026 09:44:10] "GET / HTTP/1.1" 200 -
10.0.0.51 - - [08/Feb/2026:09:44:11 +0000] "GET /static/image.jpg HTTP/1.1" 404 430 "-" "Scanner/1.0"
172.20.0.3 - - [08/Feb/2026 09:44:11] "[33mGET /static/image.jpg HTTP/1.1[0m" 404 -
203.0.113.42 - - [08/Feb/2026:09:44:14 +0000] "POST /checkout HTTP/1.1" 200 6763 "-" "BadBot/1.0"
172.20.0.3 - - [08/Feb/2026 09:44:14] "POST /checkout HTTP/1.1" 200 -
172.16.0.11 - - [08/Feb/2026:09:44:14 +0000] "GET /admin HTTP/1.1" 403 472 "-" "Mozilla/5.0 (Macintosh; Intel Mac OS X 10_15_7) AppleWebKit/537.36"
172.20.0.3 - - [08/Feb/2026 09:44:14] "[31m[1mGET /admin HTTP/1.1[0m" 403 -
198.51.100.50 - - [08/Feb/2026:09:44:15 +0000] "GET /api/search HTTP/1.1" 200 4258 "-" "python-requests/2.28.0"
172.20.0.3 - - [08/Feb/2026 09:44:15] "GET /api/search?q=test HTTP/1.1" 200 -
203.0.113.42 - - [08/Feb/2026:09:44:16 +0000] "GET / HTTP/1.1" 200 1645 "-" "BadBot/1.0"
172.20.0.3 - - [08/Feb/2026 09:44:16] "GET / HTTP/1.1" 200 -
10.0.0.51 - - [08/Feb/2026:09:44:16 +0000] "GET /api/users HTTP/1.1" 200 1706 "-" "BadBot/1.0"
172.20.0.3 - - [08/Feb/2026 09:44:16] "GET /api/users HTTP/1.1" 200 -
203.0.113.42 - - [08/Feb/2026:09:44:18 +0000] "GET /nonexistent HTTP/1.1" 404 473 "-" "BadBot/1.0"
172.20.0.3 - - [08/Feb/2026 09:44:18] "[33mGET /nonexistent HTTP/1.1[0m" 404 -
192.168.1.102 - - [08/Feb/2026:09:44:19 +0000] "GET /api/users HTTP/1.1" 200 1982 "-" "Mozilla/5.0 (Macintosh; Intel Mac OS X 10_15_7) AppleWebKit/537.36"
172.20.0.3 - - [08/Feb/2026 09:44:19] "GET /api/users HTTP/1.1" 200 -
203.0.113.42 - - [08/Feb/2026:09:44:19 +0000] "POST /login HTTP/1.1" 401 744 "-" "Scanner/1.0"
172.20.0.3 - - [08/Feb/2026 09:44:19] "[31m[1mPOST /login HTTP/1.1[0m" 401 -
192.168.1.100 - - [08/Feb/2026:09:44:20 +0000] "GET /api/users HTTP/1.1" 200 2409 "-" "curl/7.68.0"
172.20.0.3 - - [08/Feb/2026 09:44:20] "GET /api/users HTTP/1.1" 200 -
192.168.1.101 - - [08/Feb/2026:09:44:21 +0000] "GET /login HTTP/1.1" 200 1175 "-" "Mozilla/5.0 (Macintosh; Intel Mac OS X 10_15_7) AppleWebKit/537.36"
172.20.0.3 - - [08/Feb/2026 09:44:21] "GET /login HTTP/1.1" 200 -
172.16.0.11 - - [08/Feb/2026:09:44:23 +0000] "GET /static/image.jpg HTTP/1.1" 404 376 "-" "Scanner/1.0"
172.20.0.3 - - [08/Feb/2026 09:44:23] "[33mGET /static/image.jpg HTTP/1.1[0m" 404 -
198.51.100.50 - - [08/Feb/2026:09:44:26 +0000] "GET /api/users HTTP/1.1" 200 3326 "-" "curl/7.68.0"
172.20.0.3 - - [08/Feb/2026 09:44:26] "GET /api/users HTTP/1.1" 200 -
203.0.113.42 - - [08/Feb/2026:09:44:26 +0000] "GET /api/users HTTP/1.1" 200 1458 "-" "python-requests/2.28.0"
172.20.0.3 - - [08/Feb/2026 09:44:26] "GET /api/users HTTP/1.1" 200 -
172.16.0.11 - - [08/Feb/2026:09:44:27 +0000] "GET / HTTP/1.1" 200 1387 "-" "curl/7.68.0"
172.20.0.3 - - [08/Feb/2026 09:44:27] "GET / HTTP/1.1" 200 -
203.0.113.42 - - [08/Feb/2026:09:44:28 +0000] "GET /api/search HTTP/1.1" 200 4110 "-" "python-requests/2.28.0"
172.20.0.3 - - [08/Feb/2026 09:44:28] "GET /api/search?q=test HTTP/1.1" 200 -
203.0.113.42 - - [08/Feb/2026:09:44:28 +0000] "GET /nonexistent HTTP/1.1" 404 445 "-" "python-requests/2.28.0"
172.20.0.3 - - [08/Feb/2026 09:44:28] "[33mGET /nonexistent HTTP/1.1[0m" 404 -
203.0.113.42 - - [08/Feb/2026:09:44:28 +0000] "GET /api/products HTTP/1.1" 200 3164 "-" "python-requests/2.28.0"
172.20.0.3 - - [08/Feb/2026 09:44:28] "GET /api/products HTTP/1.1" 200 -
172.16.0.10 - - [08/Feb/2026:09:44:29 +0000] "GET /checkout HTTP/1.1" 200 3871 "-" "python-requests/2.28.0"
172.20.0.3 - - [08/Feb/2026 09:44:29] "GET /checkout HTTP/1.1" 200 -
203.0.113.42 - - [08/Feb/2026:09:44:31 +0000] "GET /api/products HTTP/1.1" 200 4436 "-" "Mozilla/5.0 (Macintosh; Intel Mac OS X 10_15_7) AppleWebKit/537.36"
172.20.0.3 - - [08/Feb/2026 09:44:31] "GET /api/products HTTP/1.1" 200 -
172.16.0.11 - - [08/Feb/2026:09:44:32 +0000] "GET /static/image.jpg HTTP/1.1" 404 372 "-" "Mozilla/5.0 (Macintosh; Intel Mac OS X 10_15_7) AppleWebKit/537.36"
172.20.0.3 - - [08/Feb/2026 09:44:32] "[33mGET /static/image.jpg HTTP/1.1[0m" 404 -
172.16.0.10 - - [08/Feb/2026:09:44:34 +0000] "GET / HTTP/1.1" 200 1561 "-" "Googlebot/2.1"
172.20.0.3 - - [08/Feb/2026 09:44:34] "GET / HTTP/1.1" 200 -
192.168.1.101 - - [08/Feb/2026:09:44:35 +0000] "GET /logout HTTP/1.1" 200 428 "-" "Mozilla/5.0 (Macintosh; Intel Mac OS X 10_15_7) AppleWebKit/537.36"
172.20.0.3 - - [08/Feb/2026 09:44:35] "GET /logout HTTP/1.1" 200 -
203.0.113.42 - - [08/Feb/2026:09:44:37 +0000] "GET /api/users HTTP/1.1" 200 3785 "-" "BadBot/1.0"
172.20.0.3 - - [08/Feb/2026 09:44:37] "GET /api/users HTTP/1.1" 200 -
198.51.100.50 - - [08/Feb/2026:09:44:37 +0000] "GET /api/products HTTP/1.1" 200 5046 "-" "Scanner/1.0"
172.20.0.3 - - [08/Feb/2026 09:44:37] "GET /api/products HTTP/1.1" 200 -
192.168.1.100 - - [08/Feb/2026:09:44:38 +0000] "GET /api/search HTTP/1.1" 200 2550 "-" "python-requests/2.28.0"
172.20.0.3 - - [08/Feb/2026 09:44:38] "GET /api/search?q=test HTTP/1.1" 200 -
192.168.1.100 - - [08/Feb/2026:09:44:40 +0000] "GET /api/orders HTTP/1.1" 200 7341 "-" "python-requests/2.28.0"
172.20.0.3 - - [08/Feb/2026 09:44:40] "GET /api/orders HTTP/1.1" 200 -
198.51.100.50 - - [08/Feb/2026:09:44:42 +0000] "GET /api/orders HTTP/1.1" 200 7328 "-" "Mozilla/5.0 (Macintosh; Intel Mac OS X 10_15_7) AppleWebKit/537.36"
172.20.0.3 - - [08/Feb/2026 09:44:42] "GET /api/orders HTTP/1.1" 200 -
10.0.0.50 - - [08/Feb/2026:09:44:43 +0000] "GET / HTTP/1.1" 200 1028 "-" "python-requests/2.28.0"
172.20.0.3 - - [08/Feb/2026 09:44:43] "GET / HTTP/1.1" 200 -
192.168.1.101 - - [08/Feb/2026:09:44:43 +0000] "GET /nonexistent HTTP/1.1" 404 393 "-" "Mozilla/5.0 (Macintosh; Intel Mac OS X 10_15_7) AppleWebKit/537.36"
172.20.0.3 - - [08/Feb/2026 09:44:43] "[33mGET /nonexistent HTTP/1.1[0m" 404 -
203.0.113.42 - - [08/Feb/2026:09:44:44 +0000] "GET /api/orders HTTP/1.1" 200 7324 "-" "curl/7.68.0"
172.20.0.3 - - [08/Feb/2026 09:44:44] "GET /api/orders HTTP/1.1" 200 -
10.0.0.51 - - [08/Feb/2026:09:44:44 +0000] "GET /logout HTTP/1.1" 200 278 "-" "python-requests/2.28.0"
172.20.0.3 - - [08/Feb/2026 09:44:44] "GET /logout HTTP/1.1" 200 -
10.0.0.51 - - [08/Feb/2026:09:44:45 +0000] "GET /api/products HTTP/1.1" 200 7971 "-" "Scanner/1.0"
172.20.0.3 - - [08/Feb/2026 09:44:45] "GET /api/products HTTP/1.1" 200 -
192.168.1.102 - - [08/Feb/2026:09:44:48 +0000] "GET /static/image.jpg HTTP/1.1" 404 503 "-" "BadBot/1.0"
172.20.0.3 - - [08/Feb/2026 09:44:48] "[33mGET /static/image.jpg HTTP/1.1[0m" 404 -
192.168.1.100 - - [08/Feb/2026:09:44:50 +0000] "GET /api/search HTTP/1.1" 200 2224 "-" "Scanner/1.0"
172.20.0.3 - - [08/Feb/2026 09:44:50] "GET /api/search?q=test HTTP/1.1" 200 -
10.0.0.51 - - [08/Feb/2026:09:44:52 +0000] "GET /api/users HTTP/1.1" 200 2532 "-" "python-requests/2.28.0"
172.20.0.3 - - [08/Feb/2026 09:44:52] "GET /api/users HTTP/1.1" 200 -
10.0.0.51 - - [08/Feb/2026:09:44:54 +0000] "GET /api/products HTTP/1.1" 200 4140 "-" "curl/7.68.0"
172.20.0.3 - - [08/Feb/2026 09:44:54] "GET /api/products HTTP/1.1" 200 -
192.168.1.100 - - [08/Feb/2026:09:44:55 +0000] "GET /checkout HTTP/1.1" 200 6188 "-" "Googlebot/2.1"
172.20.0.3 - - [08/Feb/2026 09:44:55] "GET /checkout HTTP/1.1" 200 -
192.168.1.102 - - [08/Feb/2026:09:44:58 +0000] "GET /api/products HTTP/1.1" 200 8597 "-" "python-requests/2.28.0"
172.20.0.3 - - [08/Feb/2026 09:44:58] "GET /api/products HTTP/1.1" 200 -
192.168.1.101 - - [08/Feb/2026:09:45:01 +0000] "GET /api/search HTTP/1.1" 400 202 "-" "python-requests/2.28.0"
172.20.0.3 - - [08/Feb/2026 09:45:01] "[31m[1mGET /api/search HTTP/1.1[0m" 400 -
10.0.0.51 - - [08/Feb/2026:09:45:03 +0000] "GET /api/users HTTP/1.1" 200 4902 "-" "Mozilla/5.0 (Macintosh; Intel Mac OS X 10_15_7) AppleWebKit/537.36"
172.20.0.3 - - [08/Feb/2026 09:45:03] "GET /api/users HTTP/1.1" 200 -
203.0.113.42 - - [08/Feb/2026:09:45:04 +0000] "GET / HTTP/1.1" 200 937 "-" "python-requests/2.28.0"
172.20.0.3 - - [08/Feb/2026 09:45:04] "GET / HTTP/1.1" 200 -
192.168.1.100 - - [08/Feb/2026:09:45:05 +0000] "GET /login HTTP/1.1" 200 955 "-" "Mozilla/5.0 (Macintosh; Intel Mac OS X 10_15_7) AppleWebKit/537.36"
172.20.0.3 - - [08/Feb/2026 09:45:05] "GET /login HTTP/1.1" 200 -
203.0.113.42 - - [08/Feb/2026:09:45:06 +0000] "GET /nonexistent HTTP/1.1" 404 335 "-" "Googlebot/2.1"
172.20.0.3 - - [08/Feb/2026 09:45:06] "[33mGET /nonexistent HTTP/1.1[0m" 404 -
203.0.113.42 - - [08/Feb/2026:09:45:06 +0000] "GET /api/products HTTP/1.1" 200 2211 "-" "BadBot/1.0"
172.20.0.3 - - [08/Feb/2026 09:45:06] "GET /api/products HTTP/1.1" 200 -
192.168.1.101 - - [08/Feb/2026:09:45:07 +0000] "GET / HTTP/1.1" 200 1965 "-" "Scanner/1.0"
172.20.0.3 - - [08/Feb/2026 09:45:07] "GET / HTTP/1.1" 200 -
10.0.0.50 - - [08/Feb/2026:09:45:09 +0000] "GET /checkout HTTP/1.1" 200 3971 "-" "Scanner/1.0"
172.20.0.3 - - [08/Feb/2026 09:45:09] "GET /checkout HTTP/1.1" 200 -
172.16.0.10 - - [08/Feb/2026:09:45:11 +0000] "GET /logout HTTP/1.1" 200 251 "-" "python-requests/2.28.0"
172.20.0.3 - - [08/Feb/2026 09:45:11] "GET /logout HTTP/1.1" 200 -
192.168.1.101 - - [08/Feb/2026:09:45:13 +0000] "GET /admin HTTP/1.1" 403 393 "-" "python-requests/2.28.0"
172.20.0.3 - - [08/Feb/2026 09:45:13] "[31m[1mGET /admin HTTP/1.1[0m" 403 -
192.168.1.100 - - [08/Feb/2026:09:45:16 +0000] "GET /api/orders HTTP/1.1" 200 1585 "-" "python-requests/2.28.0"
172.20.0.3 - - [08/Feb/2026 09:45:16] "GET /api/orders HTTP/1.1" 200 -
192.168.1.100 - - [08/Feb/2026:09:45:19 +0000] "POST /login HTTP/1.1" 401 528 "-" "Scanner/1.0"
172.20.0.3 - - [08/Feb/2026 09:45:19] "[31m[1mPOST /login HTTP/1.1[0m" 401 -
10.0.0.50 - - [08/Feb/2026:09:45:20 +0000] "GET /admin HTTP/1.1" 403 305 "-" "BadBot/1.0"
172.20.0.3 - - [08/Feb/2026 09:45:20] "[31m[1mGET /admin HTTP/1.1[0m" 403 -
192.168.1.102 - - [08/Feb/2026:09:45:22 +0000] "GET /api/orders HTTP/1.1" 200 3182 "-" "Scanner/1.0"
172.20.0.3 - - [08/Feb/2026 09:45:22] "GET /api/orders HTTP/1.1" 200 -
10.0.0.51 - - [08/Feb/2026:09:45:23 +0000] "GET /api/search HTTP/1.1" 200 1679 "-" "Mozilla/5.0 (Macintosh; Intel Mac OS X 10_15_7) AppleWebKit/537.36"
172.20.0.3 - - [08/Feb/2026 09:45:23] "GET /api/search?q=test HTTP/1.1" 200 -
10.0.0.51 - - [08/Feb/2026:09:45:24 +0000] "GET / HTTP/1.1" 200 1103 "-" "Scanner/1.0"
172.20.0.3 - - [08/Feb/2026 09:45:24] "GET / HTTP/1.1" 200 -
192.168.1.102 - - [08/Feb/2026:09:45:27 +0000] "GET /static/image.jpg HTTP/1.1" 404 307 "-" "Mozilla/5.0 (Windows NT 10.0; Win64; x64) AppleWebKit/537.36"
172.20.0.3 - - [08/Feb/2026 09:45:27] "[33mGET /static/image.jpg HTTP/1.1[0m" 404 -
10.0.0.50 - - [08/Feb/2026:09:45:30 +0000] "GET /checkout HTTP/1.1" 500 697 "-" "python-requests/2.28.0"
172.20.0.3 - - [08/Feb/2026 09:45:30] "[35m[1mGET /checkout HTTP/1.1[0m" 500 -
172.16.0.10 - - [08/Feb/2026:09:45:31 +0000] "GET /api/search HTTP/1.1" 200 1040 "-" "Mozilla/5.0 (Windows NT 10.0; Win64; x64) AppleWebKit/537.36"
172.20.0.3 - - [08/Feb/2026 09:45:31] "GET /api/search?q=test HTTP/1.1" 200 -
192.168.1.101 - - [08/Feb/2026:09:45:32 +0000] "GET /admin HTTP/1.1" 200 2129 "-" "Mozilla/5.0 (Macintosh; Intel Mac OS X 10_15_7) AppleWebKit/537.36"
172.20.0.3 - - [08/Feb/2026 09:45:32] "GET /admin HTTP/1.1" 200 -
172.16.0.11 - - [08/Feb/2026:09:45:33 +0000] "GET /api/users HTTP/1.1" 200 2112 "-" "Mozilla/5.0 (Windows NT 10.0; Win64; x64) AppleWebKit/537.36"
172.20.0.3 - - [08/Feb/2026 09:45:33] "GET /api/users HTTP/1.1" 200 -
198.51.100.50 - - [08/Feb/2026:09:45:35 +0000] "GET /login HTTP/1.1" 200 695 "-" "Mozilla/5.0 (Windows NT 10.0; Win64; x64) AppleWebKit/537.36"
172.20.0.3 - - [08/Feb/2026 09:45:35] "GET /login HTTP/1.1" 200 -
192.168.1.100 - - [08/Feb/2026:09:45:36 +0000] "GET /nonexistent HTTP/1.1" 404 517 "-" "curl/7.68.0"
172.20.0.3 - - [08/Feb/2026 09:45:36] "[33mGET /nonexistent HTTP/1.1[0m" 404 -
203.0.113.42 - - [08/Feb/2026:09:45:37 +0000] "GET /api/orders HTTP/1.1" 200 7035 "-" "curl/7.68.0"
172.20.0.3 - - [08/Feb/2026 09:45:37] "GET /api/orders HTTP/1.1" 200 -
172.16.0.11 - - [08/Feb/2026:09:45:37 +0000] "GET /login HTTP/1.1" 200 1072 "-" "Scanner/1.0"
172.20.0.3 - - [08/Feb/2026 09:45:37] "GET /login HTTP/1.1" 200 -
203.0.113.42 - - [08/Feb/2026:09:45:38 +0000] "GET /logout HTTP/1.1" 200 202 "-" "Scanner/1.0"
172.20.0.3 - - [08/Feb/2026 09:45:38] "GET /logout HTTP/1.1" 200 -
198.51.100.50 - - [08/Feb/2026:09:45:38 +0000] "GET / HTTP/1.1" 200 1285 "-" "curl/7.68.0"
172.20.0.3 - - [08/Feb/2026 09:45:38] "GET / HTTP/1.1" 200 -
172.16.0.11 - - [08/Feb/2026:09:45:38 +0000] "GET /api/orders HTTP/1.1" 200 1527 "-" "BadBot/1.0"
172.20.0.3 - - [08/Feb/2026 09:45:38] "GET /api/orders HTTP/1.1" 200 -
198.51.100.50 - - [08/Feb/2026:09:45:39 +0000] "GET /api/orders HTTP/1.1" 200 4778 "-" "curl/7.68.0"
172.20.0.3 - - [08/Feb/2026 09:45:39] "GET /api/orders HTTP/1.1" 200 -
192.168.1.102 - - [08/Feb/2026:09:45:39 +0000] "POST /login HTTP/1.1" 200 1356 "-" "python-requests/2.28.0"
172.20.0.3 - - [08/Feb/2026 09:45:39] "POST /login HTTP/1.1" 200 -
10.0.0.50 - - [08/Feb/2026:09:45:40 +0000] "GET / HTTP/1.1" 200 1859 "-" "BadBot/1.0"
172.20.0.3 - - [08/Feb/2026 09:45:40] "GET / HTTP/1.1" 200 -
198.51.100.50 - - [08/Feb/2026:09:45:43 +0000] "POST /login HTTP/1.1" 401 494 "-" "BadBot/1.0"
172.20.0.3 - - [08/Feb/2026 09:45:43] "[31m[1mPOST /login HTTP/1.1[0m" 401 -
192.168.1.100 - - [08/Feb/2026:09:45:43 +0000] "GET /login HTTP/1.1" 401 381 "-" "python-requests/2.28.0"
172.20.0.3 - - [08/Feb/2026 09:45:43] "[31m[1mGET /login HTTP/1.1[0m" 401 -
198.51.100.50 - - [08/Feb/2026:09:45:46 +0000] "GET /api/products HTTP/1.1" 200 4591 "-" "curl/7.68.0"
172.20.0.3 - - [08/Feb/2026 09:45:46] "GET /api/products HTTP/1.1" 200 -
10.0.0.51 - - [08/Feb/2026:09:45:46 +0000] "GET /nonexistent HTTP/1.1" 404 544 "-" "python-requests/2.28.0"
172.20.0.3 - - [08/Feb/2026 09:45:46] "[33mGET /nonexistent HTTP/1.1[0m" 404 -
198.51.100.50 - - [08/Feb/2026:09:45:47 +0000] "GET /logout HTTP/1.1" 200 423 "-" "Mozilla/5.0 (Windows NT 10.0; Win64; x64) AppleWebKit/537.36"
172.20.0.3 - - [08/Feb/2026 09:45:47] "GET /logout HTTP/1.1" 200 -
203.0.113.42 - - [08/Feb/2026:09:45:48 +0000] "GET /api/users HTTP/1.1" 200 1375 "-" "Mozilla/5.0 (Macintosh; Intel Mac OS X 10_15_7) AppleWebKit/537.36"
172.20.0.3 - - [08/Feb/2026 09:45:48] "GET /api/users HTTP/1.1" 200 -
198.51.100.50 - - [08/Feb/2026:09:45:48 +0000] "GET /api/products HTTP/1.1" 200 9576 "-" "BadBot/1.0"
172.20.0.3 - - [08/Feb/2026 09:45:48] "GET /api/products HTTP/1.1" 200 -
192.168.1.102 - - [08/Feb/2026:09:45:48 +0000] "GET /api/orders HTTP/1.1" 200 5174 "-" "Scanner/1.0"
172.20.0.3 - - [08/Feb/2026 09:45:48] "GET /api/orders HTTP/1.1" 200 -
192.168.1.100 - - [08/Feb/2026:09:45:49 +0000] "GET /login HTTP/1.1" 200 1362 "-" "python-requests/2.28.0"
172.20.0.3 - - [08/Feb/2026 09:45:49] "GET /login HTTP/1.1" 200 -
198.51.100.50 - - [08/Feb/2026:09:45:50 +0000] "GET / HTTP/1.1" 200 1535 "-" "BadBot/1.0"
172.20.0.3 - - [08/Feb/2026 09:45:50] "GET / HTTP/1.1" 200 -
192.168.1.100 - - [08/Feb/2026:09:45:50 +0000] "GET /checkout HTTP/1.1" 200 3153 "-" "Mozilla/5.0 (Windows NT 10.0; Win64; x64) AppleWebKit/537.36"
172.20.0.3 - - [08/Feb/2026 09:45:50] "GET /checkout HTTP/1.1" 200 -
10.0.0.51 - - [08/Feb/2026:09:45:51 +0000] "GET /api/search HTTP/1.1" 200 2211 "-" "Scanner/1.0"
172.20.0.3 - - [08/Feb/2026 09:45:51] "GET /api/search?q=test HTTP/1.1" 200 -
192.168.1.101 - - [08/Feb/2026:09:45:53 +0000] "POST /login HTTP/1.1" 200 1420 "-" "Mozilla/5.0 (Macintosh; Intel Mac OS X 10_15_7) AppleWebKit/537.36"
172.20.0.3 - - [08/Feb/2026 09:45:53] "POST /login HTTP/1.1" 200 -
192.168.1.100 - - [08/Feb/2026:09:45:56 +0000] "GET /api/users HTTP/1.1" 200 1819 "-" "Mozilla/5.0 (Windows NT 10.0; Win64; x64) AppleWebKit/537.36"
172.20.0.3 - - [08/Feb/2026 09:45:56] "GET /api/users HTTP/1.1" 200 -
172.16.0.11 - - [08/Feb/2026:09:45:57 +0000] "GET / HTTP/1.1" 200 1067 "-" "Scanner/1.0"
172.20.0.3 - - [08/Feb/2026 09:45:57] "GET / HTTP/1.1" 200 -
198.51.100.50 - - [08/Feb/2026:09:46:00 +0000] "POST /login HTTP/1.1" 401 663 "-" "Mozilla/5.0 (Macintosh; Intel Mac OS X 10_15_7) AppleWebKit/537.36"
172.20.0.3 - - [08/Feb/2026 09:46:00] "[31m[1mPOST /login HTTP/1.1[0m" 401 -
192.168.1.102 - - [08/Feb/2026:09:46:00 +0000] "GET /login HTTP/1.1" 200 1195 "-" "Mozilla/5.0 (Macintosh; Intel Mac OS X 10_15_7) AppleWebKit/537.36"
172.20.0.3 - - [08/Feb/2026 09:46:00] "GET /login HTTP/1.1" 200 -
172.16.0.10 - - [08/Feb/2026:09:46:02 +0000] "GET /logout HTTP/1.1" 200 240 "-" "curl/7.68.0"
172.20.0.3 - - [08/Feb/2026 09:46:02] "GET /logout HTTP/1.1" 200 -
172.16.0.11 - - [08/Feb/2026:09:46:05 +0000] "GET /api/users HTTP/1.1" 200 2970 "-" "Googlebot/2.1"
172.20.0.3 - - [08/Feb/2026 09:46:05] "GET /api/users HTTP/1.1" 200 -
