Collecting flask
  Downloading flask-3.1.2-py3-none-any.whl (103 kB)
     â”â”â”â”â”â”â”â”â”â”â”â”â”â”â”â”â”â”â”â”â”â”â”â”â”â”â”â”â”â”â”â”â”â”â”â”â” 103.3/103.3 kB 212.9 kB/s eta 0:00:00
Collecting jinja2>=3.1.2
  Downloading jinja2-3.1.6-py3-none-any.whl (134 kB)
     â”â”â”â”â”â”â”â”â”â”â”â”â”â”â”â”â”â”â”â”â”â”â”â”â”â”â”â”â”â”â”â”â”â”â”â”â” 134.9/134.9 kB 422.0 kB/s eta 0:00:00
Collecting importlib-metadata>=3.6.0
  Downloading importlib_metadata-8.7.1-py3-none-any.whl (27 kB)
Collecting blinker>=1.9.0
  Downloading blinker-1.9.0-py3-none-any.whl (8.5 kB)
Collecting itsdangerous>=2.2.0
  Downloading itsdangerous-2.2.0-py3-none-any.whl (16 kB)
Collecting click>=8.1.3
  Downloading click-8.1.8-py3-none-any.whl (98 kB)
     â”â”â”â”â”â”â”â”â”â”â”â”â”â”â”â”â”â”â”â”â”â”â”â”â”â”â”â”â”â”â”â”â”â”â”â”â”â”â” 98.2/98.2 kB 423.0 kB/s eta 0:00:00
Collecting markupsafe>=2.1.1
  Downloading markupsafe-3.0.3-cp39-cp39-manylinux2014_x86_64.manylinux_2_17_x86_64.manylinux_2_28_x86_64.whl (20 kB)
Collecting werkzeug>=3.1.0
  Downloading werkzeug-3.1.5-py3-none-any.whl (225 kB)
     â”â”â”â”â”â”â”â”â”â”â”â”â”â”â”â”â”â”â”â”â”â”â”â”â”â”â”â”â”â”â”â”â”â”â”â”â”â”â” 225.0/225.0 kB 1.1 MB/s eta 0:00:00
Collecting zipp>=3.20
  Downloading zipp-3.23.0-py3-none-any.whl (10 kB)
Installing collected packages: zipp, markupsafe, itsdangerous, click, blinker, werkzeug, jinja2, importlib-metadata, flask
Successfully installed blinker-1.9.0 click-8.1.8 flask-3.1.2 importlib-metadata-8.7.1 itsdangerous-2.2.0 jinja2-3.1.6 markupsafe-3.0.3 werkzeug-3.1.5 zipp-3.23.0
Starting Flask app on 0.0.0.0:5000
 * Serving Flask app 'app'
 * Debug mode: off
[31m[1mWARNING: This is a development server. Do not use it in a production deployment. Use a production WSGI server instead.[0m
 * Running on all addresses (0.0.0.0)
 * Running on http://127.0.0.1:5000
 * Running on http://172.20.0.2:5000
[33mPress CTRL+C to quit[0m
172.16.0.11 - - [08/Feb/2026:09:14:22 +0000] "GET / HTTP/1.1" 200 920 "-" "BadBot/1.0"
172.20.0.3 - - [08/Feb/2026 09:14:22] "GET / HTTP/1.1" 200 -
198.51.100.50 - - [08/Feb/2026:09:14:24 +0000] "GET / HTTP/1.1" 200 1485 "-" "BadBot/1.0"
172.20.0.3 - - [08/Feb/2026 09:14:24] "GET / HTTP/1.1" 200 -
192.168.1.101 - - [08/Feb/2026:09:14:24 +0000] "GET /api/orders HTTP/1.1" 200 3386 "-" "Mozilla/5.0 (Macintosh; Intel Mac OS X 10_15_7) AppleWebKit/537.36"
172.20.0.3 - - [08/Feb/2026 09:14:24] "GET /api/orders HTTP/1.1" 200 -
192.168.1.102 - - [08/Feb/2026:09:14:26 +0000] "GET /admin HTTP/1.1" 403 563 "-" "BadBot/1.0"
172.20.0.3 - - [08/Feb/2026 09:14:26] "[31m[1mGET /admin HTTP/1.1[0m" 403 -
203.0.113.42 - - [08/Feb/2026:09:14:28 +0000] "GET /api/products HTTP/1.1" 200 5637 "-" "Googlebot/2.1"
172.20.0.3 - - [08/Feb/2026 09:14:28] "GET /api/products HTTP/1.1" 200 -
203.0.113.42 - - [08/Feb/2026:09:14:29 +0000] "POST /login HTTP/1.1" 401 384 "-" "Googlebot/2.1"
172.20.0.3 - - [08/Feb/2026 09:14:29] "[31m[1mPOST /login HTTP/1.1[0m" 401 -
192.168.1.102 - - [08/Feb/2026:09:14:29 +0000] "GET /api/users HTTP/1.1" 200 3078 "-" "curl/7.68.0"
172.20.0.3 - - [08/Feb/2026 09:14:29] "GET /api/users HTTP/1.1" 200 -
10.0.0.51 - - [08/Feb/2026:09:14:31 +0000] "GET /api/products HTTP/1.1" 200 9573 "-" "curl/7.68.0"
172.20.0.3 - - [08/Feb/2026 09:14:31] "GET /api/products HTTP/1.1" 200 -
198.51.100.50 - - [08/Feb/2026:09:14:32 +0000] "GET /api/search HTTP/1.1" 200 1694 "-" "Mozilla/5.0 (Windows NT 10.0; Win64; x64) AppleWebKit/537.36"
172.20.0.3 - - [08/Feb/2026 09:14:32] "GET /api/search?q=test HTTP/1.1" 200 -
10.0.0.51 - - [08/Feb/2026:09:14:32 +0000] "POST /login HTTP/1.1" 401 754 "-" "Mozilla/5.0 (Macintosh; Intel Mac OS X 10_15_7) AppleWebKit/537.36"
172.20.0.3 - - [08/Feb/2026 09:14:32] "[31m[1mPOST /login HTTP/1.1[0m" 401 -
192.168.1.101 - - [08/Feb/2026:09:14:34 +0000] "GET /login HTTP/1.1" 401 389 "-" "Mozilla/5.0 (Windows NT 10.0; Win64; x64) AppleWebKit/537.36"
172.20.0.3 - - [08/Feb/2026 09:14:34] "[31m[1mGET /login HTTP/1.1[0m" 401 -
198.51.100.50 - - [08/Feb/2026:09:14:34 +0000] "GET /api/orders HTTP/1.1" 200 3763 "-" "Googlebot/2.1"
172.20.0.3 - - [08/Feb/2026 09:14:34] "GET /api/orders HTTP/1.1" 200 -
203.0.113.42 - - [08/Feb/2026:09:14:35 +0000] "GET /api/search HTTP/1.1" 400 380 "-" "python-requests/2.28.0"
172.20.0.3 - - [08/Feb/2026 09:14:35] "[31m[1mGET /api/search HTTP/1.1[0m" 400 -
192.168.1.101 - - [08/Feb/2026:09:14:35 +0000] "GET /api/products HTTP/1.1" 200 4015 "-" "Scanner/1.0"
172.20.0.3 - - [08/Feb/2026 09:14:35] "GET /api/products HTTP/1.1" 200 -
203.0.113.42 - - [08/Feb/2026:09:14:36 +0000] "GET / HTTP/1.1" 200 1453 "-" "python-requests/2.28.0"
172.20.0.3 - - [08/Feb/2026 09:14:36] "GET / HTTP/1.1" 200 -
10.0.0.50 - - [08/Feb/2026:09:14:37 +0000] "GET / HTTP/1.1" 200 1938 "-" "Mozilla/5.0 (Windows NT 10.0; Win64; x64) AppleWebKit/537.36"
172.20.0.3 - - [08/Feb/2026 09:14:37] "GET / HTTP/1.1" 200 -
198.51.100.50 - - [08/Feb/2026:09:14:40 +0000] "GET /nonexistent HTTP/1.1" 404 500 "-" "Mozilla/5.0 (Windows NT 10.0; Win64; x64) AppleWebKit/537.36"
172.20.0.3 - - [08/Feb/2026 09:14:40] "[33mGET /nonexistent HTTP/1.1[0m" 404 -
198.51.100.50 - - [08/Feb/2026:09:14:40 +0000] "GET /checkout HTTP/1.1" 200 5153 "-" "Mozilla/5.0 (Macintosh; Intel Mac OS X 10_15_7) AppleWebKit/537.36"
172.20.0.3 - - [08/Feb/2026 09:14:40] "GET /checkout HTTP/1.1" 200 -
172.16.0.10 - - [08/Feb/2026:09:14:40 +0000] "GET /api/products HTTP/1.1" 200 2703 "-" "Googlebot/2.1"
172.20.0.3 - - [08/Feb/2026 09:14:40] "GET /api/products HTTP/1.1" 200 -
198.51.100.50 - - [08/Feb/2026:09:14:42 +0000] "POST /login HTTP/1.1" 200 1115 "-" "curl/7.68.0"
172.20.0.3 - - [08/Feb/2026 09:14:42] "POST /login HTTP/1.1" 200 -
203.0.113.42 - - [08/Feb/2026:09:14:42 +0000] "GET /api/products HTTP/1.1" 200 9272 "-" "BadBot/1.0"
172.20.0.3 - - [08/Feb/2026 09:14:42] "GET /api/products HTTP/1.1" 200 -
172.16.0.11 - - [08/Feb/2026:09:14:42 +0000] "GET / HTTP/1.1" 200 1795 "-" "curl/7.68.0"
172.20.0.3 - - [08/Feb/2026 09:14:42] "GET / HTTP/1.1" 200 -
203.0.113.42 - - [08/Feb/2026:09:14:44 +0000] "GET /login HTTP/1.1" 401 478 "-" "curl/7.68.0"
172.20.0.3 - - [08/Feb/2026 09:14:44] "[31m[1mGET /login HTTP/1.1[0m" 401 -
203.0.113.42 - - [08/Feb/2026:09:14:44 +0000] "GET /api/users HTTP/1.1" 200 4471 "-" "python-requests/2.28.0"
172.20.0.3 - - [08/Feb/2026 09:14:44] "GET /api/users HTTP/1.1" 200 -
172.16.0.11 - - [08/Feb/2026:09:14:44 +0000] "GET /api/users HTTP/1.1" 200 1564 "-" "Scanner/1.0"
172.20.0.3 - - [08/Feb/2026 09:14:44] "GET /api/users HTTP/1.1" 200 -
198.51.100.50 - - [08/Feb/2026:09:14:45 +0000] "GET /admin HTTP/1.1" 200 1916 "-" "BadBot/1.0"
172.20.0.3 - - [08/Feb/2026 09:14:45] "GET /admin HTTP/1.1" 200 -
172.16.0.10 - - [08/Feb/2026:09:14:46 +0000] "GET /api/products HTTP/1.1" 200 9817 "-" "BadBot/1.0"
172.20.0.3 - - [08/Feb/2026 09:14:46] "GET /api/products HTTP/1.1" 200 -
192.168.1.102 - - [08/Feb/2026:09:14:48 +0000] "GET /api/users HTTP/1.1" 200 2084 "-" "curl/7.68.0"
172.20.0.3 - - [08/Feb/2026 09:14:48] "GET /api/users HTTP/1.1" 200 -
10.0.0.51 - - [08/Feb/2026:09:14:50 +0000] "GET /api/search HTTP/1.1" 400 335 "-" "Googlebot/2.1"
172.20.0.3 - - [08/Feb/2026 09:14:50] "[31m[1mGET /api/search HTTP/1.1[0m" 400 -
203.0.113.42 - - [08/Feb/2026:09:14:51 +0000] "GET / HTTP/1.1" 200 736 "-" "Mozilla/5.0 (Macintosh; Intel Mac OS X 10_15_7) AppleWebKit/537.36"
172.20.0.3 - - [08/Feb/2026 09:14:51] "GET / HTTP/1.1" 200 -
172.16.0.10 - - [08/Feb/2026:09:14:51 +0000] "GET /api/users HTTP/1.1" 200 1439 "-" "Googlebot/2.1"
172.20.0.3 - - [08/Feb/2026 09:14:51] "GET /api/users HTTP/1.1" 200 -
10.0.0.50 - - [08/Feb/2026:09:14:52 +0000] "GET / HTTP/1.1" 200 1372 "-" "curl/7.68.0"
172.20.0.3 - - [08/Feb/2026 09:14:52] "GET / HTTP/1.1" 200 -
198.51.100.50 - - [08/Feb/2026:09:14:55 +0000] "POST /login HTTP/1.1" 200 1294 "-" "Mozilla/5.0 (Windows NT 10.0; Win64; x64) AppleWebKit/537.36"
172.20.0.3 - - [08/Feb/2026 09:14:55] "POST /login HTTP/1.1" 200 -
172.16.0.10 - - [08/Feb/2026:09:14:55 +0000] "GET / HTTP/1.1" 200 1783 "-" "curl/7.68.0"
172.20.0.3 - - [08/Feb/2026 09:14:55] "GET / HTTP/1.1" 200 -
172.16.0.11 - - [08/Feb/2026:09:14:58 +0000] "GET /api/search HTTP/1.1" 400 315 "-" "BadBot/1.0"
172.20.0.3 - - [08/Feb/2026 09:14:58] "[31m[1mGET /api/search HTTP/1.1[0m" 400 -
203.0.113.42 - - [08/Feb/2026:09:14:59 +0000] "GET /static/image.jpg HTTP/1.1" 404 562 "-" "Mozilla/5.0 (Windows NT 10.0; Win64; x64) AppleWebKit/537.36"
172.20.0.3 - - [08/Feb/2026 09:14:59] "[33mGET /static/image.jpg HTTP/1.1[0m" 404 -
198.51.100.50 - - [08/Feb/2026:09:14:59 +0000] "GET /api/users HTTP/1.1" 200 3501 "-" "Mozilla/5.0 (Macintosh; Intel Mac OS X 10_15_7) AppleWebKit/537.36"
172.20.0.3 - - [08/Feb/2026 09:14:59] "GET /api/users HTTP/1.1" 200 -
203.0.113.42 - - [08/Feb/2026:09:14:59 +0000] "GET /api/search HTTP/1.1" 400 228 "-" "Mozilla/5.0 (Windows NT 10.0; Win64; x64) AppleWebKit/537.36"
172.20.0.3 - - [08/Feb/2026 09:14:59] "[31m[1mGET /api/search HTTP/1.1[0m" 400 -
192.168.1.102 - - [08/Feb/2026:09:15:00 +0000] "GET / HTTP/1.1" 200 647 "-" "python-requests/2.28.0"
172.20.0.3 - - [08/Feb/2026 09:15:00] "GET / HTTP/1.1" 200 -
10.0.0.50 - - [08/Feb/2026:09:15:02 +0000] "GET / HTTP/1.1" 200 1813 "-" "BadBot/1.0"
172.20.0.3 - - [08/Feb/2026 09:15:02] "GET / HTTP/1.1" 200 -
10.0.0.51 - - [08/Feb/2026:09:15:03 +0000] "GET /api/orders HTTP/1.1" 200 5782 "-" "Scanner/1.0"
172.20.0.3 - - [08/Feb/2026 09:15:03] "GET /api/orders HTTP/1.1" 200 -
203.0.113.42 - - [08/Feb/2026:09:15:05 +0000] "GET /api/orders HTTP/1.1" 200 5618 "-" "Mozilla/5.0 (Macintosh; Intel Mac OS X 10_15_7) AppleWebKit/537.36"
172.20.0.3 - - [08/Feb/2026 09:15:05] "GET /api/orders HTTP/1.1" 200 -
198.51.100.50 - - [08/Feb/2026:09:15:05 +0000] "GET /login HTTP/1.1" 401 776 "-" "Googlebot/2.1"
172.20.0.3 - - [08/Feb/2026 09:15:05] "[31m[1mGET /login HTTP/1.1[0m" 401 -
10.0.0.51 - - [08/Feb/2026:09:15:05 +0000] "GET / HTTP/1.1" 200 613 "-" "BadBot/1.0"
172.20.0.3 - - [08/Feb/2026 09:15:05] "GET / HTTP/1.1" 200 -
192.168.1.100 - - [08/Feb/2026:09:15:06 +0000] "GET /api/users HTTP/1.1" 200 1339 "-" "Mozilla/5.0 (Windows NT 10.0; Win64; x64) AppleWebKit/537.36"
172.20.0.3 - - [08/Feb/2026 09:15:06] "GET /api/users HTTP/1.1" 200 -
198.51.100.50 - - [08/Feb/2026:09:15:07 +0000] "GET / HTTP/1.1" 200 1210 "-" "Mozilla/5.0 (Windows NT 10.0; Win64; x64) AppleWebKit/537.36"
172.20.0.3 - - [08/Feb/2026 09:15:07] "GET / HTTP/1.1" 200 -
10.0.0.51 - - [08/Feb/2026:09:15:07 +0000] "GET /api/users HTTP/1.1" 200 1931 "-" "python-requests/2.28.0"
172.20.0.3 - - [08/Feb/2026 09:15:07] "GET /api/users HTTP/1.1" 200 -
172.16.0.11 - - [08/Feb/2026:09:15:10 +0000] "GET / HTTP/1.1" 200 1117 "-" "curl/7.68.0"
172.20.0.3 - - [08/Feb/2026 09:15:10] "GET / HTTP/1.1" 200 -
192.168.1.100 - - [08/Feb/2026:09:15:11 +0000] "GET / HTTP/1.1" 200 1927 "-" "python-requests/2.28.0"
172.20.0.3 - - [08/Feb/2026 09:15:11] "GET / HTTP/1.1" 200 -
198.51.100.50 - - [08/Feb/2026:09:15:12 +0000] "GET /api/orders HTTP/1.1" 200 4903 "-" "Mozilla/5.0 (Windows NT 10.0; Win64; x64) AppleWebKit/537.36"
172.20.0.3 - - [08/Feb/2026 09:15:12] "GET /api/orders HTTP/1.1" 200 -
203.0.113.42 - - [08/Feb/2026:09:15:12 +0000] "GET /api/orders HTTP/1.1" 200 2722 "-" "BadBot/1.0"
172.20.0.3 - - [08/Feb/2026 09:15:12] "GET /api/orders HTTP/1.1" 200 -
10.0.0.50 - - [08/Feb/2026:09:15:12 +0000] "GET /static/image.jpg HTTP/1.1" 404 556 "-" "python-requests/2.28.0"
172.20.0.3 - - [08/Feb/2026 09:15:12] "[33mGET /static/image.jpg HTTP/1.1[0m" 404 -
172.16.0.10 - - [08/Feb/2026:09:15:14 +0000] "GET /api/users HTTP/1.1" 200 4271 "-" "Scanner/1.0"
172.20.0.3 - - [08/Feb/2026 09:15:14] "GET /api/users HTTP/1.1" 200 -
10.0.0.50 - - [08/Feb/2026:09:15:15 +0000] "GET /api/products HTTP/1.1" 200 4513 "-" "curl/7.68.0"
172.20.0.3 - - [08/Feb/2026 09:15:15] "GET /api/products HTTP/1.1" 200 -
198.51.100.50 - - [08/Feb/2026:09:15:15 +0000] "GET /admin HTTP/1.1" 403 582 "-" "curl/7.68.0"
172.20.0.3 - - [08/Feb/2026 09:15:15] "[31m[1mGET /admin HTTP/1.1[0m" 403 -
172.16.0.10 - - [08/Feb/2026:09:15:16 +0000] "GET /api/orders HTTP/1.1" 200 7879 "-" "Scanner/1.0"
172.20.0.3 - - [08/Feb/2026 09:15:16] "GET /api/orders HTTP/1.1" 200 -
203.0.113.42 - - [08/Feb/2026:09:15:17 +0000] "POST /checkout HTTP/1.1" 200 7507 "-" "python-requests/2.28.0"
172.20.0.3 - - [08/Feb/2026 09:15:17] "POST /checkout HTTP/1.1" 200 -
198.51.100.50 - - [08/Feb/2026:09:15:18 +0000] "GET /api/products HTTP/1.1" 200 7227 "-" "Scanner/1.0"
172.20.0.3 - - [08/Feb/2026 09:15:18] "GET /api/products HTTP/1.1" 200 -
198.51.100.50 - - [08/Feb/2026:09:15:18 +0000] "GET /api/products HTTP/1.1" 200 6273 "-" "Scanner/1.0"
172.20.0.3 - - [08/Feb/2026 09:15:18] "GET /api/products HTTP/1.1" 200 -
198.51.100.50 - - [08/Feb/2026:09:15:18 +0000] "POST /checkout HTTP/1.1" 200 2070 "-" "curl/7.68.0"
172.20.0.3 - - [08/Feb/2026 09:15:18] "POST /checkout HTTP/1.1" 200 -
192.168.1.101 - - [08/Feb/2026:09:15:18 +0000] "GET /login HTTP/1.1" 200 821 "-" "Mozilla/5.0 (Windows NT 10.0; Win64; x64) AppleWebKit/537.36"
172.20.0.3 - - [08/Feb/2026 09:15:18] "GET /login HTTP/1.1" 200 -
10.0.0.51 - - [08/Feb/2026:09:15:20 +0000] "GET /login HTTP/1.1" 401 569 "-" "python-requests/2.28.0"
172.20.0.3 - - [08/Feb/2026 09:15:20] "[31m[1mGET /login HTTP/1.1[0m" 401 -
172.16.0.11 - - [08/Feb/2026:09:15:23 +0000] "GET /nonexistent HTTP/1.1" 404 390 "-" "Scanner/1.0"
172.20.0.3 - - [08/Feb/2026 09:15:23] "[33mGET /nonexistent HTTP/1.1[0m" 404 -
10.0.0.51 - - [08/Feb/2026:09:15:25 +0000] "GET /static/image.jpg HTTP/1.1" 404 551 "-" "BadBot/1.0"
172.20.0.3 - - [08/Feb/2026 09:15:25] "[33mGET /static/image.jpg HTTP/1.1[0m" 404 -
198.51.100.50 - - [08/Feb/2026:09:15:26 +0000] "GET / HTTP/1.1" 200 850 "-" "Mozilla/5.0 (Windows NT 10.0; Win64; x64) AppleWebKit/537.36"
172.20.0.3 - - [08/Feb/2026 09:15:26] "GET / HTTP/1.1" 200 -
10.0.0.50 - - [08/Feb/2026:09:15:26 +0000] "POST /checkout HTTP/1.1" 200 7537 "-" "Googlebot/2.1"
172.20.0.3 - - [08/Feb/2026 09:15:26] "POST /checkout HTTP/1.1" 200 -
172.16.0.11 - - [08/Feb/2026:09:15:28 +0000] "GET / HTTP/1.1" 200 1533 "-" "python-requests/2.28.0"
172.20.0.3 - - [08/Feb/2026 09:15:28] "GET / HTTP/1.1" 200 -
198.51.100.50 - - [08/Feb/2026:09:15:30 +0000] "GET / HTTP/1.1" 200 1244 "-" "Googlebot/2.1"
172.20.0.3 - - [08/Feb/2026 09:15:30] "GET / HTTP/1.1" 200 -
10.0.0.50 - - [08/Feb/2026:09:15:30 +0000] "GET /login HTTP/1.1" 401 557 "-" "python-requests/2.28.0"
172.20.0.3 - - [08/Feb/2026 09:15:30] "[31m[1mGET /login HTTP/1.1[0m" 401 -
10.0.0.51 - - [08/Feb/2026:09:15:32 +0000] "POST /checkout HTTP/1.1" 200 7390 "-" "python-requests/2.28.0"
172.20.0.3 - - [08/Feb/2026 09:15:32] "POST /checkout HTTP/1.1" 200 -
198.51.100.50 - - [08/Feb/2026:09:15:34 +0000] "GET /admin HTTP/1.1" 200 2582 "-" "BadBot/1.0"
172.20.0.3 - - [08/Feb/2026 09:15:34] "GET /admin HTTP/1.1" 200 -
198.51.100.50 - - [08/Feb/2026:09:15:35 +0000] "GET /api/users HTTP/1.1" 200 2269 "-" "Googlebot/2.1"
172.20.0.3 - - [08/Feb/2026 09:15:35] "GET /api/users HTTP/1.1" 200 -
172.16.0.11 - - [08/Feb/2026:09:15:35 +0000] "GET /api/users HTTP/1.1" 200 3258 "-" "Mozilla/5.0 (Macintosh; Intel Mac OS X 10_15_7) AppleWebKit/537.36"
172.20.0.3 - - [08/Feb/2026 09:15:35] "GET /api/users HTTP/1.1" 200 -
203.0.113.42 - - [08/Feb/2026:09:15:37 +0000] "GET /static/image.jpg HTTP/1.1" 404 577 "-" "curl/7.68.0"
172.20.0.3 - - [08/Feb/2026 09:15:37] "[33mGET /static/image.jpg HTTP/1.1[0m" 404 -
203.0.113.42 - - [08/Feb/2026:09:15:37 +0000] "GET /api/orders HTTP/1.1" 200 1831 "-" "Mozilla/5.0 (Macintosh; Intel Mac OS X 10_15_7) AppleWebKit/537.36"
172.20.0.3 - - [08/Feb/2026 09:15:37] "GET /api/orders HTTP/1.1" 200 -
198.51.100.50 - - [08/Feb/2026:09:15:37 +0000] "GET /checkout HTTP/1.1" 200 4496 "-" "curl/7.68.0"
172.20.0.3 - - [08/Feb/2026 09:15:37] "GET /checkout HTTP/1.1" 200 -
192.168.1.100 - - [08/Feb/2026:09:15:37 +0000] "GET /api/search HTTP/1.1" 200 4138 "-" "Scanner/1.0"
172.20.0.3 - - [08/Feb/2026 09:15:37] "GET /api/search?q=test HTTP/1.1" 200 -
192.168.1.102 - - [08/Feb/2026:09:15:38 +0000] "GET /api/search HTTP/1.1" 400 291 "-" "python-requests/2.28.0"
172.20.0.3 - - [08/Feb/2026 09:15:38] "[31m[1mGET /api/search HTTP/1.1[0m" 400 -
192.168.1.100 - - [08/Feb/2026:09:15:40 +0000] "GET /api/orders HTTP/1.1" 200 4738 "-" "Mozilla/5.0 (Windows NT 10.0; Win64; x64) AppleWebKit/537.36"
172.20.0.3 - - [08/Feb/2026 09:15:40] "GET /api/orders HTTP/1.1" 200 -
172.16.0.10 - - [08/Feb/2026:09:15:41 +0000] "GET /api/orders HTTP/1.1" 200 4984 "-" "Mozilla/5.0 (Windows NT 10.0; Win64; x64) AppleWebKit/537.36"
172.20.0.3 - - [08/Feb/2026 09:15:41] "GET /api/orders HTTP/1.1" 200 -
172.16.0.11 - - [08/Feb/2026:09:15:42 +0000] "GET /api/orders HTTP/1.1" 200 1759 "-" "BadBot/1.0"
172.20.0.3 - - [08/Feb/2026 09:15:42] "GET /api/orders HTTP/1.1" 200 -
192.168.1.102 - - [08/Feb/2026:09:15:43 +0000] "GET /api/users HTTP/1.1" 200 2315 "-" "python-requests/2.28.0"
172.20.0.3 - - [08/Feb/2026 09:15:43] "GET /api/users HTTP/1.1" 200 -
198.51.100.50 - - [08/Feb/2026:09:15:44 +0000] "GET / HTTP/1.1" 200 841 "-" "python-requests/2.28.0"
172.20.0.3 - - [08/Feb/2026 09:15:44] "GET / HTTP/1.1" 200 -
203.0.113.42 - - [08/Feb/2026:09:15:45 +0000] "GET /api/search HTTP/1.1" 200 4911 "-" "curl/7.68.0"
172.20.0.3 - - [08/Feb/2026 09:15:45] "GET /api/search?q=test HTTP/1.1" 200 -
192.168.1.102 - - [08/Feb/2026:09:15:45 +0000] "GET /api/users HTTP/1.1" 200 4603 "-" "Mozilla/5.0 (Windows NT 10.0; Win64; x64) AppleWebKit/537.36"
172.20.0.3 - - [08/Feb/2026 09:15:45] "GET /api/users HTTP/1.1" 200 -
203.0.113.42 - - [08/Feb/2026:09:15:46 +0000] "GET / HTTP/1.1" 200 983 "-" "curl/7.68.0"
172.20.0.3 - - [08/Feb/2026 09:15:46] "GET / HTTP/1.1" 200 -
10.0.0.51 - - [08/Feb/2026:09:15:47 +0000] "GET / HTTP/1.1" 200 1267 "-" "Scanner/1.0"
172.20.0.3 - - [08/Feb/2026 09:15:47] "GET / HTTP/1.1" 200 -
198.51.100.50 - - [08/Feb/2026:09:15:48 +0000] "GET / HTTP/1.1" 200 1649 "-" "Scanner/1.0"
172.20.0.3 - - [08/Feb/2026 09:15:48] "GET / HTTP/1.1" 200 -
192.168.1.101 - - [08/Feb/2026:09:15:48 +0000] "GET /api/search HTTP/1.1" 200 2653 "-" "BadBot/1.0"
172.20.0.3 - - [08/Feb/2026 09:15:48] "GET /api/search?q=test HTTP/1.1" 200 -
192.168.1.101 - - [08/Feb/2026:09:15:49 +0000] "GET /logout HTTP/1.1" 200 237 "-" "python-requests/2.28.0"
172.20.0.3 - - [08/Feb/2026 09:15:49] "GET /logout HTTP/1.1" 200 -
198.51.100.50 - - [08/Feb/2026:09:15:52 +0000] "GET / HTTP/1.1" 200 1976 "-" "BadBot/1.0"
172.20.0.3 - - [08/Feb/2026 09:15:52] "GET / HTTP/1.1" 200 -
192.168.1.101 - - [08/Feb/2026:09:15:52 +0000] "GET /api/products HTTP/1.1" 200 9327 "-" "Scanner/1.0"
172.20.0.3 - - [08/Feb/2026 09:15:52] "GET /api/products HTTP/1.1" 200 -
10.0.0.51 - - [08/Feb/2026:09:15:53 +0000] "GET /api/users HTTP/1.1" 200 4233 "-" "curl/7.68.0"
172.20.0.3 - - [08/Feb/2026 09:15:53] "GET /api/users HTTP/1.1" 200 -
198.51.100.50 - - [08/Feb/2026:09:15:54 +0000] "GET /api/products HTTP/1.1" 200 4582 "-" "python-requests/2.28.0"
172.20.0.3 - - [08/Feb/2026 09:15:54] "GET /api/products HTTP/1.1" 200 -
172.16.0.10 - - [08/Feb/2026:09:15:54 +0000] "GET /api/users HTTP/1.1" 200 1250 "-" "Mozilla/5.0 (Macintosh; Intel Mac OS X 10_15_7) AppleWebKit/537.36"
172.20.0.3 - - [08/Feb/2026 09:15:54] "GET /api/users HTTP/1.1" 200 -
198.51.100.50 - - [08/Feb/2026:09:15:55 +0000] "GET /static/image.jpg HTTP/1.1" 404 452 "-" "Googlebot/2.1"
172.20.0.3 - - [08/Feb/2026 09:15:55] "[33mGET /static/image.jpg HTTP/1.1[0m" 404 -
10.0.0.51 - - [08/Feb/2026:09:15:55 +0000] "GET /api/users HTTP/1.1" 200 2930 "-" "Mozilla/5.0 (Macintosh; Intel Mac OS X 10_15_7) AppleWebKit/537.36"
172.20.0.3 - - [08/Feb/2026 09:15:55] "GET /api/users HTTP/1.1" 200 -
10.0.0.50 - - [08/Feb/2026:09:15:58 +0000] "GET /checkout HTTP/1.1" 200 4866 "-" "Scanner/1.0"
172.20.0.3 - - [08/Feb/2026 09:15:58] "GET /checkout HTTP/1.1" 200 -
192.168.1.102 - - [08/Feb/2026:09:15:59 +0000] "GET /api/products HTTP/1.1" 200 5158 "-" "Mozilla/5.0 (Windows NT 10.0; Win64; x64) AppleWebKit/537.36"
172.20.0.3 - - [08/Feb/2026 09:15:59] "GET /api/products HTTP/1.1" 200 -
198.51.100.50 - - [08/Feb/2026:09:16:01 +0000] "GET /login HTTP/1.1" 200 1182 "-" "Scanner/1.0"
172.20.0.3 - - [08/Feb/2026 09:16:01] "GET /login HTTP/1.1" 200 -
172.16.0.10 - - [08/Feb/2026:09:16:01 +0000] "GET /api/products HTTP/1.1" 200 3759 "-" "curl/7.68.0"
172.20.0.3 - - [08/Feb/2026 09:16:01] "GET /api/products HTTP/1.1" 200 -
198.51.100.50 - - [08/Feb/2026:09:16:04 +0000] "GET /login HTTP/1.1" 200 1291 "-" "Scanner/1.0"
172.20.0.3 - - [08/Feb/2026 09:16:04] "GET /login HTTP/1.1" 200 -
10.0.0.51 - - [08/Feb/2026:09:16:04 +0000] "GET /api/products HTTP/1.1" 200 8770 "-" "python-requests/2.28.0"
172.20.0.3 - - [08/Feb/2026 09:16:04] "GET /api/products HTTP/1.1" 200 -
172.16.0.10 - - [08/Feb/2026:09:16:05 +0000] "GET /static/image.jpg HTTP/1.1" 404 365 "-" "Mozilla/5.0 (Windows NT 10.0; Win64; x64) AppleWebKit/537.36"
172.20.0.3 - - [08/Feb/2026 09:16:05] "[33mGET /static/image.jpg HTTP/1.1[0m" 404 -
172.16.0.10 - - [08/Feb/2026:09:16:06 +0000] "GET /api/search HTTP/1.1" 200 2474 "-" "Mozilla/5.0 (Windows NT 10.0; Win64; x64) AppleWebKit/537.36"
172.20.0.3 - - [08/Feb/2026 09:16:06] "GET /api/search?q=test HTTP/1.1" 200 -
192.168.1.101 - - [08/Feb/2026:09:16:08 +0000] "GET /api/orders HTTP/1.1" 200 4828 "-" "Mozilla/5.0 (Windows NT 10.0; Win64; x64) AppleWebKit/537.36"
172.20.0.3 - - [08/Feb/2026 09:16:08] "GET /api/orders HTTP/1.1" 200 -
198.51.100.50 - - [08/Feb/2026:09:16:10 +0000] "GET /api/orders HTTP/1.1" 200 6568 "-" "Scanner/1.0"
172.20.0.3 - - [08/Feb/2026 09:16:10] "GET /api/orders HTTP/1.1" 200 -
192.168.1.101 - - [08/Feb/2026:09:16:10 +0000] "GET /static/image.jpg HTTP/1.1" 404 410 "-" "BadBot/1.0"
172.20.0.3 - - [08/Feb/2026 09:16:10] "[33mGET /static/image.jpg HTTP/1.1[0m" 404 -
203.0.113.42 - - [08/Feb/2026:09:16:12 +0000] "GET /login HTTP/1.1" 401 353 "-" "Scanner/1.0"
172.20.0.3 - - [08/Feb/2026 09:16:12] "[31m[1mGET /login HTTP/1.1[0m" 401 -
172.16.0.10 - - [08/Feb/2026:09:16:12 +0000] "GET /api/products HTTP/1.1" 200 8084 "-" "BadBot/1.0"
172.20.0.3 - - [08/Feb/2026 09:16:12] "GET /api/products HTTP/1.1" 200 -
203.0.113.42 - - [08/Feb/2026:09:16:15 +0000] "GET /static/image.jpg HTTP/1.1" 404 423 "-" "curl/7.68.0"
172.20.0.3 - - [08/Feb/2026 09:16:15] "[33mGET /static/image.jpg HTTP/1.1[0m" 404 -
198.51.100.50 - - [08/Feb/2026:09:16:16 +0000] "GET /api/products HTTP/1.1" 200 3819 "-" "python-requests/2.28.0"
172.20.0.3 - - [08/Feb/2026 09:16:16] "GET /api/products HTTP/1.1" 200 -
198.51.100.50 - - [08/Feb/2026:09:16:16 +0000] "GET /api/users HTTP/1.1" 200 4161 "-" "Googlebot/2.1"
172.20.0.3 - - [08/Feb/2026 09:16:16] "GET /api/users HTTP/1.1" 200 -
192.168.1.101 - - [08/Feb/2026:09:16:16 +0000] "GET /static/image.jpg HTTP/1.1" 404 447 "-" "BadBot/1.0"
172.20.0.3 - - [08/Feb/2026 09:16:16] "[33mGET /static/image.jpg HTTP/1.1[0m" 404 -
198.51.100.50 - - [08/Feb/2026:09:16:18 +0000] "GET /static/image.jpg HTTP/1.1" 404 343 "-" "Googlebot/2.1"
172.20.0.3 - - [08/Feb/2026 09:16:18] "[33mGET /static/image.jpg HTTP/1.1[0m" 404 -
10.0.0.51 - - [08/Feb/2026:09:16:18 +0000] "GET /api/products HTTP/1.1" 200 9335 "-" "Scanner/1.0"
172.20.0.3 - - [08/Feb/2026 09:16:18] "GET /api/products HTTP/1.1" 200 -
192.168.1.100 - - [08/Feb/2026:09:16:19 +0000] "GET /login HTTP/1.1" 401 399 "-" "Mozilla/5.0 (Windows NT 10.0; Win64; x64) AppleWebKit/537.36"
172.20.0.3 - - [08/Feb/2026 09:16:19] "[31m[1mGET /login HTTP/1.1[0m" 401 -
198.51.100.50 - - [08/Feb/2026:09:16:21 +0000] "GET /api/users HTTP/1.1" 200 4679 "-" "Googlebot/2.1"
172.20.0.3 - - [08/Feb/2026 09:16:21] "GET /api/users HTTP/1.1" 200 -
172.16.0.10 - - [08/Feb/2026:09:16:21 +0000] "GET /login HTTP/1.1" 200 1365 "-" "curl/7.68.0"
172.20.0.3 - - [08/Feb/2026 09:16:21] "GET /login HTTP/1.1" 200 -
192.168.1.100 - - [08/Feb/2026:09:16:23 +0000] "GET / HTTP/1.1" 200 1387 "-" "Scanner/1.0"
172.20.0.3 - - [08/Feb/2026 09:16:23] "GET / HTTP/1.1" 200 -
203.0.113.42 - - [08/Feb/2026:09:16:26 +0000] "GET /api/search HTTP/1.1" 400 359 "-" "BadBot/1.0"
172.20.0.3 - - [08/Feb/2026 09:16:26] "[31m[1mGET /api/search HTTP/1.1[0m" 400 -
10.0.0.51 - - [08/Feb/2026:09:16:26 +0000] "GET /admin HTTP/1.1" 403 533 "-" "Scanner/1.0"
172.20.0.3 - - [08/Feb/2026 09:16:26] "[31m[1mGET /admin HTTP/1.1[0m" 403 -
192.168.1.100 - - [08/Feb/2026:09:16:27 +0000] "GET /admin HTTP/1.1" 200 2205 "-" "curl/7.68.0"
172.20.0.3 - - [08/Feb/2026 09:16:27] "GET /admin HTTP/1.1" 200 -
198.51.100.50 - - [08/Feb/2026:09:16:30 +0000] "GET /nonexistent HTTP/1.1" 404 550 "-" "curl/7.68.0"
172.20.0.3 - - [08/Feb/2026 09:16:30] "[33mGET /nonexistent HTTP/1.1[0m" 404 -
172.16.0.11 - - [08/Feb/2026:09:16:30 +0000] "GET /api/products HTTP/1.1" 200 3802 "-" "Googlebot/2.1"
172.20.0.3 - - [08/Feb/2026 09:16:30] "GET /api/products HTTP/1.1" 200 -
198.51.100.50 - - [08/Feb/2026:09:16:32 +0000] "GET /api/search HTTP/1.1" 200 4389 "-" "Googlebot/2.1"
172.20.0.3 - - [08/Feb/2026 09:16:32] "GET /api/search?q=test HTTP/1.1" 200 -
198.51.100.50 - - [08/Feb/2026:09:16:33 +0000] "GET / HTTP/1.1" 200 793 "-" "Mozilla/5.0 (Windows NT 10.0; Win64; x64) AppleWebKit/537.36"
172.20.0.3 - - [08/Feb/2026 09:16:33] "GET / HTTP/1.1" 200 -
198.51.100.50 - - [08/Feb/2026:09:16:33 +0000] "GET /api/orders HTTP/1.1" 200 5713 "-" "Mozilla/5.0 (Macintosh; Intel Mac OS X 10_15_7) AppleWebKit/537.36"
172.20.0.3 - - [08/Feb/2026 09:16:33] "GET /api/orders HTTP/1.1" 200 -
203.0.113.42 - - [08/Feb/2026:09:16:33 +0000] "GET /api/products HTTP/1.1" 200 4263 "-" "python-requests/2.28.0"
172.20.0.3 - - [08/Feb/2026 09:16:33] "GET /api/products HTTP/1.1" 200 -
10.0.0.51 - - [08/Feb/2026:09:16:34 +0000] "GET /api/search HTTP/1.1" 200 3019 "-" "BadBot/1.0"
172.20.0.3 - - [08/Feb/2026 09:16:34] "GET /api/search?q=test HTTP/1.1" 200 -
172.16.0.10 - - [08/Feb/2026:09:16:36 +0000] "GET /static/image.jpg HTTP/1.1" 404 572 "-" "curl/7.68.0"
172.20.0.3 - - [08/Feb/2026 09:16:36] "[33mGET /static/image.jpg HTTP/1.1[0m" 404 -
198.51.100.50 - - [08/Feb/2026:09:16:38 +0000] "GET /login HTTP/1.1" 401 676 "-" "Googlebot/2.1"
172.20.0.3 - - [08/Feb/2026 09:16:38] "[31m[1mGET /login HTTP/1.1[0m" 401 -
172.16.0.11 - - [08/Feb/2026:09:16:39 +0000] "GET / HTTP/1.1" 200 1183 "-" "Scanner/1.0"
172.20.0.3 - - [08/Feb/2026 09:16:39] "GET / HTTP/1.1" 200 -
203.0.113.42 - - [08/Feb/2026:09:16:42 +0000] "GET / HTTP/1.1" 200 1189 "-" "Mozilla/5.0 (Windows NT 10.0; Win64; x64) AppleWebKit/537.36"
172.20.0.3 - - [08/Feb/2026 09:16:42] "GET / HTTP/1.1" 200 -
203.0.113.42 - - [08/Feb/2026:09:16:42 +0000] "GET / HTTP/1.1" 200 994 "-" "python-requests/2.28.0"
172.20.0.3 - - [08/Feb/2026 09:16:42] "GET / HTTP/1.1" 200 -
192.168.1.100 - - [08/Feb/2026:09:16:42 +0000] "GET /api/orders HTTP/1.1" 200 4183 "-" "python-requests/2.28.0"
172.20.0.3 - - [08/Feb/2026 09:16:42] "GET /api/orders HTTP/1.1" 200 -
198.51.100.50 - - [08/Feb/2026:09:16:43 +0000] "GET / HTTP/1.1" 200 1167 "-" "python-requests/2.28.0"
172.20.0.3 - - [08/Feb/2026 09:16:43] "GET / HTTP/1.1" 200 -
198.51.100.50 - - [08/Feb/2026:09:16:43 +0000] "GET /api/orders HTTP/1.1" 200 3848 "-" "Mozilla/5.0 (Macintosh; Intel Mac OS X 10_15_7) AppleWebKit/537.36"
172.20.0.3 - - [08/Feb/2026 09:16:43] "GET /api/orders HTTP/1.1" 200 -
10.0.0.50 - - [08/Feb/2026:09:16:44 +0000] "GET /logout HTTP/1.1" 200 280 "-" "BadBot/1.0"
172.20.0.3 - - [08/Feb/2026 09:16:44] "GET /logout HTTP/1.1" 200 -
203.0.113.42 - - [08/Feb/2026:09:16:46 +0000] "GET /admin HTTP/1.1" 200 2178 "-" "Googlebot/2.1"
172.20.0.3 - - [08/Feb/2026 09:16:46] "GET /admin HTTP/1.1" 200 -
10.0.0.51 - - [08/Feb/2026:09:16:46 +0000] "GET /api/orders HTTP/1.1" 200 2420 "-" "Mozilla/5.0 (Windows NT 10.0; Win64; x64) AppleWebKit/537.36"
172.20.0.3 - - [08/Feb/2026 09:16:46] "GET /api/orders HTTP/1.1" 200 -
10.0.0.50 - - [08/Feb/2026:09:16:47 +0000] "GET /api/orders HTTP/1.1" 200 6842 "-" "Googlebot/2.1"
172.20.0.3 - - [08/Feb/2026 09:16:47] "GET /api/orders HTTP/1.1" 200 -
198.51.100.50 - - [08/Feb/2026:09:16:50 +0000] "GET /api/products HTTP/1.1" 200 6682 "-" "Googlebot/2.1"
172.20.0.3 - - [08/Feb/2026 09:16:50] "GET /api/products HTTP/1.1" 200 -
192.168.1.101 - - [08/Feb/2026:09:16:50 +0000] "GET /api/products HTTP/1.1" 200 8644 "-" "Mozilla/5.0 (Macintosh; Intel Mac OS X 10_15_7) AppleWebKit/537.36"
172.20.0.3 - - [08/Feb/2026 09:16:50] "GET /api/products HTTP/1.1" 200 -
172.16.0.11 - - [08/Feb/2026:09:16:52 +0000] "GET / HTTP/1.1" 200 1241 "-" "Googlebot/2.1"
172.20.0.3 - - [08/Feb/2026 09:16:52] "GET / HTTP/1.1" 200 -
198.51.100.50 - - [08/Feb/2026:09:16:54 +0000] "GET / HTTP/1.1" 200 1054 "-" "Mozilla/5.0 (Macintosh; Intel Mac OS X 10_15_7) AppleWebKit/537.36"
172.20.0.3 - - [08/Feb/2026 09:16:54] "GET / HTTP/1.1" 200 -
192.168.1.101 - - [08/Feb/2026:09:16:54 +0000] "GET /api/products HTTP/1.1" 200 9606 "-" "Scanner/1.0"
172.20.0.3 - - [08/Feb/2026 09:16:54] "GET /api/products HTTP/1.1" 200 -
10.0.0.51 - - [08/Feb/2026:09:16:55 +0000] "GET /api/orders HTTP/1.1" 200 7125 "-" "Mozilla/5.0 (Windows NT 10.0; Win64; x64) AppleWebKit/537.36"
172.20.0.3 - - [08/Feb/2026 09:16:55] "GET /api/orders HTTP/1.1" 200 -
203.0.113.42 - - [08/Feb/2026:09:16:57 +0000] "GET /api/products HTTP/1.1" 200 7547 "-" "Googlebot/2.1"
172.20.0.3 - - [08/Feb/2026 09:16:57] "GET /api/products HTTP/1.1" 200 -
10.0.0.51 - - [08/Feb/2026:09:16:57 +0000] "GET /logout HTTP/1.1" 200 304 "-" "Googlebot/2.1"
172.20.0.3 - - [08/Feb/2026 09:16:57] "GET /logout HTTP/1.1" 200 -
198.51.100.50 - - [08/Feb/2026:09:16:58 +0000] "GET /api/users HTTP/1.1" 200 2837 "-" "Scanner/1.0"
172.20.0.3 - - [08/Feb/2026 09:16:58] "GET /api/users HTTP/1.1" 200 -
172.16.0.11 - - [08/Feb/2026:09:16:58 +0000] "GET /nonexistent HTTP/1.1" 404 518 "-" "BadBot/1.0"
172.20.0.3 - - [08/Feb/2026 09:16:58] "[33mGET /nonexistent HTTP/1.1[0m" 404 -
192.168.1.101 - - [08/Feb/2026:09:17:00 +0000] "GET /api/orders HTTP/1.1" 200 7845 "-" "Googlebot/2.1"
172.20.0.3 - - [08/Feb/2026 09:17:00] "GET /api/orders HTTP/1.1" 200 -
198.51.100.50 - - [08/Feb/2026:09:17:03 +0000] "GET /api/users HTTP/1.1" 200 4483 "-" "Scanner/1.0"
172.20.0.3 - - [08/Feb/2026 09:17:03] "GET /api/users HTTP/1.1" 200 -
172.16.0.11 - - [08/Feb/2026:09:17:03 +0000] "GET / HTTP/1.1" 200 514 "-" "Mozilla/5.0 (Macintosh; Intel Mac OS X 10_15_7) AppleWebKit/537.36"
172.20.0.3 - - [08/Feb/2026 09:17:03] "GET / HTTP/1.1" 200 -
203.0.113.42 - - [08/Feb/2026:09:17:06 +0000] "GET /checkout HTTP/1.1" 200 4798 "-" "python-requests/2.28.0"
172.20.0.3 - - [08/Feb/2026 09:17:06] "GET /checkout HTTP/1.1" 200 -
10.0.0.51 - - [08/Feb/2026:09:17:06 +0000] "GET /checkout HTTP/1.1" 200 3724 "-" "Mozilla/5.0 (Windows NT 10.0; Win64; x64) AppleWebKit/537.36"
172.20.0.3 - - [08/Feb/2026 09:17:06] "GET /checkout HTTP/1.1" 200 -
192.168.1.100 - - [08/Feb/2026:09:17:09 +0000] "GET /api/users HTTP/1.1" 200 3625 "-" "Mozilla/5.0 (Macintosh; Intel Mac OS X 10_15_7) AppleWebKit/537.36"
172.20.0.3 - - [08/Feb/2026 09:17:09] "GET /api/users HTTP/1.1" 200 -
10.0.0.51 - - [08/Feb/2026:09:17:10 +0000] "GET /api/products HTTP/1.1" 200 2357 "-" "BadBot/1.0"
172.20.0.3 - - [08/Feb/2026 09:17:10] "GET /api/products HTTP/1.1" 200 -
192.168.1.101 - - [08/Feb/2026:09:17:12 +0000] "GET / HTTP/1.1" 200 1524 "-" "BadBot/1.0"
172.20.0.3 - - [08/Feb/2026 09:17:12] "GET / HTTP/1.1" 200 -
203.0.113.42 - - [08/Feb/2026:09:17:15 +0000] "GET /api/products HTTP/1.1" 200 3802 "-" "Scanner/1.0"
172.20.0.3 - - [08/Feb/2026 09:17:15] "GET /api/products HTTP/1.1" 200 -
10.0.0.51 - - [08/Feb/2026:09:17:15 +0000] "GET /api/users HTTP/1.1" 200 3676 "-" "BadBot/1.0"
172.20.0.3 - - [08/Feb/2026 09:17:15] "GET /api/users HTTP/1.1" 200 -
203.0.113.42 - - [08/Feb/2026:09:17:17 +0000] "POST /checkout HTTP/1.1" 200 3367 "-" "Mozilla/5.0 (Windows NT 10.0; Win64; x64) AppleWebKit/537.36"
172.20.0.3 - - [08/Feb/2026 09:17:17] "POST /checkout HTTP/1.1" 200 -
198.51.100.50 - - [08/Feb/2026:09:17:17 +0000] "GET /admin HTTP/1.1" 200 2559 "-" "BadBot/1.0"
172.20.0.3 - - [08/Feb/2026 09:17:17] "GET /admin HTTP/1.1" 200 -
203.0.113.42 - - [08/Feb/2026:09:17:17 +0000] "GET /api/orders HTTP/1.1" 200 4872 "-" "Mozilla/5.0 (Macintosh; Intel Mac OS X 10_15_7) AppleWebKit/537.36"
172.20.0.3 - - [08/Feb/2026 09:17:17] "GET /api/orders HTTP/1.1" 200 -
10.0.0.51 - - [08/Feb/2026:09:17:18 +0000] "GET /api/products HTTP/1.1" 200 5936 "-" "curl/7.68.0"
172.20.0.3 - - [08/Feb/2026 09:17:18] "GET /api/products HTTP/1.1" 200 -
203.0.113.42 - - [08/Feb/2026:09:17:18 +0000] "GET / HTTP/1.1" 200 751 "-" "python-requests/2.28.0"
172.20.0.3 - - [08/Feb/2026 09:17:18] "GET / HTTP/1.1" 200 -
192.168.1.101 - - [08/Feb/2026:09:17:19 +0000] "GET /api/products HTTP/1.1" 200 2049 "-" "Mozilla/5.0 (Macintosh; Intel Mac OS X 10_15_7) AppleWebKit/537.36"
172.20.0.3 - - [08/Feb/2026 09:17:19] "GET /api/products HTTP/1.1" 200 -
192.168.1.101 - - [08/Feb/2026:09:17:20 +0000] "GET /admin HTTP/1.1" 200 2665 "-" "BadBot/1.0"
172.20.0.3 - - [08/Feb/2026 09:17:20] "GET /admin HTTP/1.1" 200 -
192.168.1.102 - - [08/Feb/2026:09:17:23 +0000] "GET /api/users HTTP/1.1" 200 1503 "-" "BadBot/1.0"
172.20.0.3 - - [08/Feb/2026 09:17:23] "GET /api/users HTTP/1.1" 200 -
10.0.0.50 - - [08/Feb/2026:09:17:24 +0000] "GET /api/users HTTP/1.1" 200 2142 "-" "python-requests/2.28.0"
172.20.0.3 - - [08/Feb/2026 09:17:24] "GET /api/users HTTP/1.1" 200 -
192.168.1.102 - - [08/Feb/2026:09:17:26 +0000] "GET / HTTP/1.1" 200 1654 "-" "Scanner/1.0"
172.20.0.3 - - [08/Feb/2026 09:17:26] "GET / HTTP/1.1" 200 -
192.168.1.100 - - [08/Feb/2026:09:17:29 +0000] "GET / HTTP/1.1" 200 1219 "-" "Googlebot/2.1"
172.20.0.3 - - [08/Feb/2026 09:17:29] "GET / HTTP/1.1" 200 -
203.0.113.42 - - [08/Feb/2026:09:17:29 +0000] "GET /logout HTTP/1.1" 200 461 "-" "BadBot/1.0"
172.20.0.3 - - [08/Feb/2026 09:17:29] "GET /logout HTTP/1.1" 200 -
192.168.1.101 - - [08/Feb/2026:09:17:30 +0000] "GET /api/orders HTTP/1.1" 200 3333 "-" "python-requests/2.28.0"
172.20.0.3 - - [08/Feb/2026 09:17:30] "GET /api/orders HTTP/1.1" 200 -
192.168.1.100 - - [08/Feb/2026:09:17:31 +0000] "GET / HTTP/1.1" 200 1762 "-" "Mozilla/5.0 (Windows NT 10.0; Win64; x64) AppleWebKit/537.36"
172.20.0.3 - - [08/Feb/2026 09:17:31] "GET / HTTP/1.1" 200 -
172.16.0.11 - - [08/Feb/2026:09:17:32 +0000] "GET /logout HTTP/1.1" 200 272 "-" "curl/7.68.0"
172.20.0.3 - - [08/Feb/2026 09:17:32] "GET /logout HTTP/1.1" 200 -
172.16.0.11 - - [08/Feb/2026:09:17:33 +0000] "GET /nonexistent HTTP/1.1" 404 511 "-" "Mozilla/5.0 (Windows NT 10.0; Win64; x64) AppleWebKit/537.36"
172.20.0.3 - - [08/Feb/2026 09:17:33] "[33mGET /nonexistent HTTP/1.1[0m" 404 -
198.51.100.50 - - [08/Feb/2026:09:17:35 +0000] "GET /checkout HTTP/1.1" 500 976 "-" "Scanner/1.0"
172.20.0.3 - - [08/Feb/2026 09:17:35] "[35m[1mGET /checkout HTTP/1.1[0m" 500 -
203.0.113.42 - - [08/Feb/2026:09:17:36 +0000] "GET /static/image.jpg HTTP/1.1" 404 528 "-" "Googlebot/2.1"
172.20.0.3 - - [08/Feb/2026 09:17:36] "[33mGET /static/image.jpg HTTP/1.1[0m" 404 -
198.51.100.50 - - [08/Feb/2026:09:17:36 +0000] "GET / HTTP/1.1" 200 765 "-" "Mozilla/5.0 (Macintosh; Intel Mac OS X 10_15_7) AppleWebKit/537.36"
172.20.0.3 - - [08/Feb/2026 09:17:36] "GET / HTTP/1.1" 200 -
10.0.0.50 - - [08/Feb/2026:09:17:36 +0000] "GET / HTTP/1.1" 200 1011 "-" "Mozilla/5.0 (Windows NT 10.0; Win64; x64) AppleWebKit/537.36"
172.20.0.3 - - [08/Feb/2026 09:17:36] "GET / HTTP/1.1" 200 -
192.168.1.101 - - [08/Feb/2026:09:17:38 +0000] "GET /api/users HTTP/1.1" 200 4253 "-" "Scanner/1.0"
172.20.0.3 - - [08/Feb/2026 09:17:38] "GET /api/users HTTP/1.1" 200 -
10.0.0.51 - - [08/Feb/2026:09:17:41 +0000] "GET /logout HTTP/1.1" 200 451 "-" "curl/7.68.0"
172.20.0.3 - - [08/Feb/2026 09:17:41] "GET /logout HTTP/1.1" 200 -
203.0.113.42 - - [08/Feb/2026:09:17:43 +0000] "GET /api/products HTTP/1.1" 200 4533 "-" "Mozilla/5.0 (Windows NT 10.0; Win64; x64) AppleWebKit/537.36"
172.20.0.3 - - [08/Feb/2026 09:17:43] "GET /api/products HTTP/1.1" 200 -
192.168.1.100 - - [08/Feb/2026:09:17:43 +0000] "GET /nonexistent HTTP/1.1" 404 538 "-" "Scanner/1.0"
172.20.0.3 - - [08/Feb/2026 09:17:43] "[33mGET /nonexistent HTTP/1.1[0m" 404 -
192.168.1.101 - - [08/Feb/2026:09:17:45 +0000] "GET /api/search HTTP/1.1" 400 269 "-" "Googlebot/2.1"
172.20.0.3 - - [08/Feb/2026 09:17:45] "[31m[1mGET /api/search HTTP/1.1[0m" 400 -
172.16.0.11 - - [08/Feb/2026:09:17:46 +0000] "GET /api/orders HTTP/1.1" 200 5046 "-" "python-requests/2.28.0"
172.20.0.3 - - [08/Feb/2026 09:17:46] "GET /api/orders HTTP/1.1" 200 -
203.0.113.42 - - [08/Feb/2026:09:17:48 +0000] "GET /api/products HTTP/1.1" 200 2515 "-" "Scanner/1.0"
172.20.0.3 - - [08/Feb/2026 09:17:48] "GET /api/products HTTP/1.1" 200 -
203.0.113.42 - - [08/Feb/2026:09:17:48 +0000] "GET /nonexistent HTTP/1.1" 404 335 "-" "python-requests/2.28.0"
172.20.0.3 - - [08/Feb/2026 09:17:48] "[33mGET /nonexistent HTTP/1.1[0m" 404 -
10.0.0.51 - - [08/Feb/2026:09:17:48 +0000] "GET /login HTTP/1.1" 200 1419 "-" "Googlebot/2.1"
172.20.0.3 - - [08/Feb/2026 09:17:48] "GET /login HTTP/1.1" 200 -
198.51.100.50 - - [08/Feb/2026:09:17:49 +0000] "GET /api/products HTTP/1.1" 200 7858 "-" "Mozilla/5.0 (Macintosh; Intel Mac OS X 10_15_7) AppleWebKit/537.36"
172.20.0.3 - - [08/Feb/2026 09:17:49] "GET /api/products HTTP/1.1" 200 -
203.0.113.42 - - [08/Feb/2026:09:17:49 +0000] "GET / HTTP/1.1" 200 745 "-" "Scanner/1.0"
172.20.0.3 - - [08/Feb/2026 09:17:49] "GET / HTTP/1.1" 200 -
10.0.0.51 - - [08/Feb/2026:09:17:49 +0000] "GET /api/users HTTP/1.1" 200 4530 "-" "Googlebot/2.1"
172.20.0.3 - - [08/Feb/2026 09:17:49] "GET /api/users HTTP/1.1" 200 -
10.0.0.50 - - [08/Feb/2026:09:17:51 +0000] "GET /api/products HTTP/1.1" 200 9867 "-" "BadBot/1.0"
172.20.0.3 - - [08/Feb/2026 09:17:51] "GET /api/products HTTP/1.1" 200 -
192.168.1.101 - - [08/Feb/2026:09:17:51 +0000] "GET /login HTTP/1.1" 200 568 "-" "Scanner/1.0"
172.20.0.3 - - [08/Feb/2026 09:17:51] "GET /login HTTP/1.1" 200 -
203.0.113.42 - - [08/Feb/2026:09:17:52 +0000] "GET /api/products HTTP/1.1" 200 3689 "-" "Mozilla/5.0 (Windows NT 10.0; Win64; x64) AppleWebKit/537.36"
172.20.0.3 - - [08/Feb/2026 09:17:52] "GET /api/products HTTP/1.1" 200 -
198.51.100.50 - - [08/Feb/2026:09:17:53 +0000] "GET /api/users HTTP/1.1" 200 3780 "-" "python-requests/2.28.0"
172.20.0.3 - - [08/Feb/2026 09:17:53] "GET /api/users HTTP/1.1" 200 -
10.0.0.50 - - [08/Feb/2026:09:17:53 +0000] "GET /api/products HTTP/1.1" 200 2054 "-" "python-requests/2.28.0"
172.20.0.3 - - [08/Feb/2026 09:17:53] "GET /api/products HTTP/1.1" 200 -
203.0.113.42 - - [08/Feb/2026:09:17:55 +0000] "GET /api/orders HTTP/1.1" 200 7293 "-" "Mozilla/5.0 (Macintosh; Intel Mac OS X 10_15_7) AppleWebKit/537.36"
172.20.0.3 - - [08/Feb/2026 09:17:55] "GET /api/orders HTTP/1.1" 200 -
10.0.0.51 - - [08/Feb/2026:09:17:55 +0000] "GET /api/users HTTP/1.1" 200 1244 "-" "curl/7.68.0"
172.20.0.3 - - [08/Feb/2026 09:17:55] "GET /api/users HTTP/1.1" 200 -
10.0.0.51 - - [08/Feb/2026:09:17:56 +0000] "GET /api/products HTTP/1.1" 200 8857 "-" "python-requests/2.28.0"
172.20.0.3 - - [08/Feb/2026 09:17:56] "GET /api/products HTTP/1.1" 200 -
203.0.113.42 - - [08/Feb/2026:09:17:57 +0000] "GET / HTTP/1.1" 200 589 "-" "python-requests/2.28.0"
172.20.0.3 - - [08/Feb/2026 09:17:57] "GET / HTTP/1.1" 200 -
172.16.0.10 - - [08/Feb/2026:09:17:58 +0000] "GET /api/users HTTP/1.1" 200 3841 "-" "Scanner/1.0"
172.20.0.3 - - [08/Feb/2026 09:17:58] "GET /api/users HTTP/1.1" 200 -
203.0.113.42 - - [08/Feb/2026:09:18:00 +0000] "GET /api/products HTTP/1.1" 200 9928 "-" "Scanner/1.0"
172.20.0.3 - - [08/Feb/2026 09:18:00] "GET /api/products HTTP/1.1" 200 -
198.51.100.50 - - [08/Feb/2026:09:18:01 +0000] "GET /api/orders HTTP/1.1" 200 3259 "-" "curl/7.68.0"
172.20.0.3 - - [08/Feb/2026 09:18:01] "GET /api/orders HTTP/1.1" 200 -
192.168.1.102 - - [08/Feb/2026:09:18:01 +0000] "GET / HTTP/1.1" 200 1107 "-" "Googlebot/2.1"
172.20.0.3 - - [08/Feb/2026 09:18:01] "GET / HTTP/1.1" 200 -
192.168.1.101 - - [08/Feb/2026:09:18:02 +0000] "GET /api/search HTTP/1.1" 200 3980 "-" "Mozilla/5.0 (Macintosh; Intel Mac OS X 10_15_7) AppleWebKit/537.36"
172.20.0.3 - - [08/Feb/2026 09:18:02] "GET /api/search?q=test HTTP/1.1" 200 -
10.0.0.50 - - [08/Feb/2026:09:18:04 +0000] "GET /api/orders HTTP/1.1" 200 6600 "-" "BadBot/1.0"
172.20.0.3 - - [08/Feb/2026 09:18:04] "GET /api/orders HTTP/1.1" 200 -
203.0.113.42 - - [08/Feb/2026:09:18:05 +0000] "GET / HTTP/1.1" 200 1828 "-" "Mozilla/5.0 (Windows NT 10.0; Win64; x64) AppleWebKit/537.36"
172.20.0.3 - - [08/Feb/2026 09:18:05] "GET / HTTP/1.1" 200 -
192.168.1.102 - - [08/Feb/2026:09:18:05 +0000] "GET /api/products HTTP/1.1" 200 3270 "-" "Googlebot/2.1"
172.20.0.3 - - [08/Feb/2026 09:18:05] "GET /api/products HTTP/1.1" 200 -
192.168.1.101 - - [08/Feb/2026:09:18:07 +0000] "GET /api/orders HTTP/1.1" 200 3145 "-" "python-requests/2.28.0"
172.20.0.3 - - [08/Feb/2026 09:18:07] "GET /api/orders HTTP/1.1" 200 -
198.51.100.50 - - [08/Feb/2026:09:18:08 +0000] "GET /api/orders HTTP/1.1" 200 1545 "-" "curl/7.68.0"
172.20.0.3 - - [08/Feb/2026 09:18:08] "GET /api/orders HTTP/1.1" 200 -
198.51.100.50 - - [08/Feb/2026:09:18:09 +0000] "GET / HTTP/1.1" 200 1828 "-" "Mozilla/5.0 (Macintosh; Intel Mac OS X 10_15_7) AppleWebKit/537.36"
172.20.0.3 - - [08/Feb/2026 09:18:09] "GET / HTTP/1.1" 200 -
10.0.0.50 - - [08/Feb/2026:09:18:09 +0000] "GET /api/users HTTP/1.1" 200 4531 "-" "Googlebot/2.1"
172.20.0.3 - - [08/Feb/2026 09:18:09] "GET /api/users HTTP/1.1" 200 -
10.0.0.51 - - [08/Feb/2026:09:18:11 +0000] "GET / HTTP/1.1" 200 939 "-" "Mozilla/5.0 (Windows NT 10.0; Win64; x64) AppleWebKit/537.36"
172.20.0.3 - - [08/Feb/2026 09:18:11] "GET / HTTP/1.1" 200 -
203.0.113.42 - - [08/Feb/2026:09:18:13 +0000] "GET /api/orders HTTP/1.1" 200 3098 "-" "Scanner/1.0"
172.20.0.3 - - [08/Feb/2026 09:18:13] "GET /api/orders HTTP/1.1" 200 -
198.51.100.50 - - [08/Feb/2026:09:18:13 +0000] "GET /checkout HTTP/1.1" 200 6726 "-" "Scanner/1.0"
172.20.0.3 - - [08/Feb/2026 09:18:13] "GET /checkout HTTP/1.1" 200 -
198.51.100.50 - - [08/Feb/2026:09:18:13 +0000] "GET /api/users HTTP/1.1" 200 4893 "-" "Scanner/1.0"
172.20.0.3 - - [08/Feb/2026 09:18:13] "GET /api/users HTTP/1.1" 200 -
172.16.0.11 - - [08/Feb/2026:09:18:14 +0000] "GET /api/orders HTTP/1.1" 200 4316 "-" "BadBot/1.0"
172.20.0.3 - - [08/Feb/2026 09:18:14] "GET /api/orders HTTP/1.1" 200 -
192.168.1.101 - - [08/Feb/2026:09:18:17 +0000] "GET /login HTTP/1.1" 401 490 "-" "curl/7.68.0"
172.20.0.3 - - [08/Feb/2026 09:18:17] "[31m[1mGET /login HTTP/1.1[0m" 401 -
192.168.1.101 - - [08/Feb/2026:09:18:17 +0000] "GET / HTTP/1.1" 200 892 "-" "Scanner/1.0"
172.20.0.3 - - [08/Feb/2026 09:18:17] "GET / HTTP/1.1" 200 -
172.16.0.11 - - [08/Feb/2026:09:18:19 +0000] "GET /api/users HTTP/1.1" 200 3915 "-" "curl/7.68.0"
172.20.0.3 - - [08/Feb/2026 09:18:19] "GET /api/users HTTP/1.1" 200 -
198.51.100.50 - - [08/Feb/2026:09:18:20 +0000] "POST /login HTTP/1.1" 401 517 "-" "Scanner/1.0"
172.20.0.3 - - [08/Feb/2026 09:18:20] "[31m[1mPOST /login HTTP/1.1[0m" 401 -
192.168.1.101 - - [08/Feb/2026:09:18:21 +0000] "GET /api/users HTTP/1.1" 200 3473 "-" "Googlebot/2.1"
172.20.0.3 - - [08/Feb/2026 09:18:21] "GET /api/users HTTP/1.1" 200 -
198.51.100.50 - - [08/Feb/2026:09:18:21 +0000] "POST /login HTTP/1.1" 401 713 "-" "curl/7.68.0"
172.20.0.3 - - [08/Feb/2026 09:18:21] "[31m[1mPOST /login HTTP/1.1[0m" 401 -
198.51.100.50 - - [08/Feb/2026:09:18:22 +0000] "GET / HTTP/1.1" 200 1463 "-" "python-requests/2.28.0"
172.20.0.3 - - [08/Feb/2026 09:18:22] "GET / HTTP/1.1" 200 -
203.0.113.42 - - [08/Feb/2026:09:18:22 +0000] "GET /api/search HTTP/1.1" 200 2840 "-" "BadBot/1.0"
172.20.0.3 - - [08/Feb/2026 09:18:22] "GET /api/search?q=test HTTP/1.1" 200 -
198.51.100.50 - - [08/Feb/2026:09:18:22 +0000] "GET / HTTP/1.1" 200 1532 "-" "python-requests/2.28.0"
172.20.0.3 - - [08/Feb/2026 09:18:22] "GET / HTTP/1.1" 200 -
172.16.0.10 - - [08/Feb/2026:09:18:23 +0000] "GET / HTTP/1.1" 200 860 "-" "Scanner/1.0"
172.20.0.3 - - [08/Feb/2026 09:18:23] "GET / HTTP/1.1" 200 -
192.168.1.101 - - [08/Feb/2026:09:18:24 +0000] "GET /login HTTP/1.1" 200 508 "-" "Googlebot/2.1"
172.20.0.3 - - [08/Feb/2026 09:18:24] "GET /login HTTP/1.1" 200 -
192.168.1.100 - - [08/Feb/2026:09:18:26 +0000] "GET /api/orders HTTP/1.1" 200 4143 "-" "Mozilla/5.0 (Macintosh; Intel Mac OS X 10_15_7) AppleWebKit/537.36"
172.20.0.3 - - [08/Feb/2026 09:18:26] "GET /api/orders HTTP/1.1" 200 -
203.0.113.42 - - [08/Feb/2026:09:18:27 +0000] "GET /api/orders HTTP/1.1" 200 5123 "-" "BadBot/1.0"
172.20.0.3 - - [08/Feb/2026 09:18:27] "GET /api/orders HTTP/1.1" 200 -
203.0.113.42 - - [08/Feb/2026:09:18:28 +0000] "GET /static/image.jpg HTTP/1.1" 404 360 "-" "BadBot/1.0"
172.20.0.3 - - [08/Feb/2026 09:18:28] "[33mGET /static/image.jpg HTTP/1.1[0m" 404 -
192.168.1.102 - - [08/Feb/2026:09:18:28 +0000] "GET /api/orders HTTP/1.1" 200 4062 "-" "curl/7.68.0"
172.20.0.3 - - [08/Feb/2026 09:18:28] "GET /api/orders HTTP/1.1" 200 -
203.0.113.42 - - [08/Feb/2026:09:18:30 +0000] "GET /api/users HTTP/1.1" 200 3340 "-" "Googlebot/2.1"
172.20.0.3 - - [08/Feb/2026 09:18:30] "GET /api/users HTTP/1.1" 200 -
198.51.100.50 - - [08/Feb/2026:09:18:30 +0000] "GET /api/orders HTTP/1.1" 200 3971 "-" "Scanner/1.0"
172.20.0.3 - - [08/Feb/2026 09:18:30] "GET /api/orders HTTP/1.1" 200 -
198.51.100.50 - - [08/Feb/2026:09:18:31 +0000] "GET /api/search HTTP/1.1" 200 4637 "-" "Mozilla/5.0 (Windows NT 10.0; Win64; x64) AppleWebKit/537.36"
172.20.0.3 - - [08/Feb/2026 09:18:31] "GET /api/search?q=test HTTP/1.1" 200 -
192.168.1.101 - - [08/Feb/2026:09:18:31 +0000] "GET / HTTP/1.1" 200 1561 "-" "python-requests/2.28.0"
172.20.0.3 - - [08/Feb/2026 09:18:31] "GET / HTTP/1.1" 200 -
192.168.1.100 - - [08/Feb/2026:09:18:32 +0000] "GET /logout HTTP/1.1" 200 277 "-" "Scanner/1.0"
172.20.0.3 - - [08/Feb/2026 09:18:32] "GET /logout HTTP/1.1" 200 -
198.51.100.50 - - [08/Feb/2026:09:18:35 +0000] "GET /api/products HTTP/1.1" 200 3627 "-" "Scanner/1.0"
172.20.0.3 - - [08/Feb/2026 09:18:35] "GET /api/products HTTP/1.1" 200 -
10.0.0.51 - - [08/Feb/2026:09:18:36 +0000] "GET /api/products HTTP/1.1" 200 4986 "-" "Googlebot/2.1"
172.20.0.3 - - [08/Feb/2026 09:18:36] "GET /api/products HTTP/1.1" 200 -
203.0.113.42 - - [08/Feb/2026:09:18:37 +0000] "GET /api/products HTTP/1.1" 200 8445 "-" "Mozilla/5.0 (Macintosh; Intel Mac OS X 10_15_7) AppleWebKit/537.36"
172.20.0.3 - - [08/Feb/2026 09:18:37] "GET /api/products HTTP/1.1" 200 -
172.16.0.10 - - [08/Feb/2026:09:18:38 +0000] "GET /api/products HTTP/1.1" 200 7868 "-" "curl/7.68.0"
172.20.0.3 - - [08/Feb/2026 09:18:38] "GET /api/products HTTP/1.1" 200 -
198.51.100.50 - - [08/Feb/2026:09:18:38 +0000] "GET /api/orders HTTP/1.1" 200 3648 "-" "Mozilla/5.0 (Macintosh; Intel Mac OS X 10_15_7) AppleWebKit/537.36"
172.20.0.3 - - [08/Feb/2026 09:18:38] "GET /api/orders HTTP/1.1" 200 -
198.51.100.50 - - [08/Feb/2026:09:18:39 +0000] "GET /api/products HTTP/1.1" 200 4619 "-" "Mozilla/5.0 (Windows NT 10.0; Win64; x64) AppleWebKit/537.36"
172.20.0.3 - - [08/Feb/2026 09:18:39] "GET /api/products HTTP/1.1" 200 -
10.0.0.50 - - [08/Feb/2026:09:18:39 +0000] "GET /api/orders HTTP/1.1" 200 4586 "-" "BadBot/1.0"
172.20.0.3 - - [08/Feb/2026 09:18:39] "GET /api/orders HTTP/1.1" 200 -
198.51.100.50 - - [08/Feb/2026:09:18:40 +0000] "GET /login HTTP/1.1" 200 1392 "-" "Googlebot/2.1"
172.20.0.3 - - [08/Feb/2026 09:18:40] "GET /login HTTP/1.1" 200 -
10.0.0.50 - - [08/Feb/2026:09:18:40 +0000] "GET /logout HTTP/1.1" 200 412 "-" "Scanner/1.0"
172.20.0.3 - - [08/Feb/2026 09:18:40] "GET /logout HTTP/1.1" 200 -
192.168.1.102 - - [08/Feb/2026:09:18:41 +0000] "GET / HTTP/1.1" 200 735 "-" "Googlebot/2.1"
172.20.0.3 - - [08/Feb/2026 09:18:41] "GET / HTTP/1.1" 200 -
172.16.0.11 - - [08/Feb/2026:09:18:42 +0000] "GET /login HTTP/1.1" 401 787 "-" "BadBot/1.0"
172.20.0.3 - - [08/Feb/2026 09:18:42] "[31m[1mGET /login HTTP/1.1[0m" 401 -
192.168.1.101 - - [08/Feb/2026:09:18:44 +0000] "GET /api/products HTTP/1.1" 200 8423 "-" "Mozilla/5.0 (Windows NT 10.0; Win64; x64) AppleWebKit/537.36"
172.20.0.3 - - [08/Feb/2026 09:18:44] "GET /api/products HTTP/1.1" 200 -
10.0.0.50 - - [08/Feb/2026:09:18:47 +0000] "GET / HTTP/1.1" 200 881 "-" "python-requests/2.28.0"
172.20.0.3 - - [08/Feb/2026 09:18:47] "GET / HTTP/1.1" 200 -
198.51.100.50 - - [08/Feb/2026:09:18:49 +0000] "GET /checkout HTTP/1.1" 200 4877 "-" "curl/7.68.0"
172.20.0.3 - - [08/Feb/2026 09:18:49] "GET /checkout HTTP/1.1" 200 -
203.0.113.42 - - [08/Feb/2026:09:18:49 +0000] "GET /api/products HTTP/1.1" 200 6768 "-" "BadBot/1.0"
172.20.0.3 - - [08/Feb/2026 09:18:49] "GET /api/products HTTP/1.1" 200 -
172.16.0.11 - - [08/Feb/2026:09:18:50 +0000] "GET /api/search HTTP/1.1" 400 294 "-" "Googlebot/2.1"
172.20.0.3 - - [08/Feb/2026 09:18:50] "[31m[1mGET /api/search HTTP/1.1[0m" 400 -
192.168.1.102 - - [08/Feb/2026:09:18:52 +0000] "GET / HTTP/1.1" 200 633 "-" "Mozilla/5.0 (Macintosh; Intel Mac OS X 10_15_7) AppleWebKit/537.36"
172.20.0.3 - - [08/Feb/2026 09:18:52] "GET / HTTP/1.1" 200 -
198.51.100.50 - - [08/Feb/2026:09:18:55 +0000] "GET / HTTP/1.1" 200 1071 "-" "Scanner/1.0"
172.20.0.3 - - [08/Feb/2026 09:18:55] "GET / HTTP/1.1" 200 -
10.0.0.50 - - [08/Feb/2026:09:18:56 +0000] "GET /api/orders HTTP/1.1" 200 7049 "-" "BadBot/1.0"
172.20.0.3 - - [08/Feb/2026 09:18:56] "GET /api/orders HTTP/1.1" 200 -
10.0.0.50 - - [08/Feb/2026:09:18:59 +0000] "GET / HTTP/1.1" 200 1481 "-" "python-requests/2.28.0"
172.20.0.3 - - [08/Feb/2026 09:18:59] "GET / HTTP/1.1" 200 -
203.0.113.42 - - [08/Feb/2026:09:19:01 +0000] "GET /api/products HTTP/1.1" 200 4815 "-" "Googlebot/2.1"
172.20.0.3 - - [08/Feb/2026 09:19:01] "GET /api/products HTTP/1.1" 200 -
172.16.0.10 - - [08/Feb/2026:09:19:01 +0000] "GET /api/users HTTP/1.1" 200 1698 "-" "Googlebot/2.1"
172.20.0.3 - - [08/Feb/2026 09:19:01] "GET /api/users HTTP/1.1" 200 -
203.0.113.42 - - [08/Feb/2026:09:19:03 +0000] "GET / HTTP/1.1" 200 1558 "-" "Mozilla/5.0 (Windows NT 10.0; Win64; x64) AppleWebKit/537.36"
172.20.0.3 - - [08/Feb/2026 09:19:03] "GET / HTTP/1.1" 200 -
198.51.100.50 - - [08/Feb/2026:09:19:03 +0000] "GET /static/image.jpg HTTP/1.1" 404 445 "-" "Googlebot/2.1"
