172.16.0.10 - - [08/Feb/2026:09:46:06 +0000] "GET /login HTTP/1.1" 200 610 "-" "Scanner/1.0"
172.20.0.3 - - [08/Feb/2026 09:46:06] "GET /login HTTP/1.1" 200 -
10.0.0.51 - - [08/Feb/2026:09:46:08 +0000] "GET /api/users HTTP/1.1" 200 3565 "-" "Googlebot/2.1"
172.20.0.3 - - [08/Feb/2026 09:46:08] "GET /api/users HTTP/1.1" 200 -
192.168.1.102 - - [08/Feb/2026:09:46:10 +0000] "GET /logout HTTP/1.1" 200 233 "-" "python-requests/2.28.0"
172.20.0.3 - - [08/Feb/2026 09:46:10] "GET /logout HTTP/1.1" 200 -
192.168.1.100 - - [08/Feb/2026:09:46:13 +0000] "GET /api/orders HTTP/1.1" 200 6684 "-" "Mozilla/5.0 (Macintosh; Intel Mac OS X 10_15_7) AppleWebKit/537.36"
172.20.0.3 - - [08/Feb/2026 09:46:13] "GET /api/orders HTTP/1.1" 200 -
203.0.113.42 - - [08/Feb/2026:09:46:16 +0000] "GET /api/orders HTTP/1.1" 200 4661 "-" "Mozilla/5.0 (Macintosh; Intel Mac OS X 10_15_7) AppleWebKit/537.36"
172.20.0.3 - - [08/Feb/2026 09:46:16] "GET /api/orders HTTP/1.1" 200 -
192.168.1.101 - - [08/Feb/2026:09:46:16 +0000] "GET /api/products HTTP/1.1" 200 4455 "-" "Mozilla/5.0 (Macintosh; Intel Mac OS X 10_15_7) AppleWebKit/537.36"
172.20.0.3 - - [08/Feb/2026 09:46:16] "GET /api/products HTTP/1.1" 200 -
10.0.0.50 - - [08/Feb/2026:09:46:19 +0000] "GET /api/orders HTTP/1.1" 200 5358 "-" "Mozilla/5.0 (Macintosh; Intel Mac OS X 10_15_7) AppleWebKit/537.36"
172.20.0.3 - - [08/Feb/2026 09:46:19] "GET /api/orders HTTP/1.1" 200 -
192.168.1.100 - - [08/Feb/2026:09:46:21 +0000] "GET /login HTTP/1.1" 401 332 "-" "BadBot/1.0"
172.20.0.3 - - [08/Feb/2026 09:46:21] "[31m[1mGET /login HTTP/1.1[0m" 401 -
192.168.1.101 - - [08/Feb/2026:09:46:24 +0000] "GET /api/orders HTTP/1.1" 200 7637 "-" "python-requests/2.28.0"
172.20.0.3 - - [08/Feb/2026 09:46:24] "GET /api/orders HTTP/1.1" 200 -
198.51.100.50 - - [08/Feb/2026:09:46:26 +0000] "GET / HTTP/1.1" 200 566 "-" "Mozilla/5.0 (Macintosh; Intel Mac OS X 10_15_7) AppleWebKit/537.36"
172.20.0.3 - - [08/Feb/2026 09:46:26] "GET / HTTP/1.1" 200 -
192.168.1.102 - - [08/Feb/2026:09:46:26 +0000] "GET / HTTP/1.1" 200 1897 "-" "Mozilla/5.0 (Macintosh; Intel Mac OS X 10_15_7) AppleWebKit/537.36"
172.20.0.3 - - [08/Feb/2026 09:46:26] "GET / HTTP/1.1" 200 -
198.51.100.50 - - [08/Feb/2026:09:46:27 +0000] "GET /login HTTP/1.1" 200 625 "-" "curl/7.68.0"
172.20.0.3 - - [08/Feb/2026 09:46:27] "GET /login HTTP/1.1" 200 -
198.51.100.50 - - [08/Feb/2026:09:46:27 +0000] "GET /api/orders HTTP/1.1" 200 2444 "-" "python-requests/2.28.0"
172.20.0.3 - - [08/Feb/2026 09:46:27] "GET /api/orders HTTP/1.1" 200 -
192.168.1.101 - - [08/Feb/2026:09:46:28 +0000] "GET /api/search HTTP/1.1" 200 4415 "-" "Mozilla/5.0 (Macintosh; Intel Mac OS X 10_15_7) AppleWebKit/537.36"
172.20.0.3 - - [08/Feb/2026 09:46:28] "GET /api/search?q=test HTTP/1.1" 200 -
203.0.113.42 - - [08/Feb/2026:09:46:29 +0000] "GET /admin HTTP/1.1" 200 1569 "-" "Scanner/1.0"
172.20.0.3 - - [08/Feb/2026 09:46:29] "GET /admin HTTP/1.1" 200 -
203.0.113.42 - - [08/Feb/2026:09:46:29 +0000] "GET /api/search HTTP/1.1" 200 3396 "-" "curl/7.68.0"
172.20.0.3 - - [08/Feb/2026 09:46:29] "GET /api/search?q=test HTTP/1.1" 200 -
172.16.0.11 - - [08/Feb/2026:09:46:30 +0000] "GET / HTTP/1.1" 200 1997 "-" "Scanner/1.0"
172.20.0.3 - - [08/Feb/2026 09:46:30] "GET / HTTP/1.1" 200 -
203.0.113.42 - - [08/Feb/2026:09:46:31 +0000] "GET /checkout HTTP/1.1" 200 4971 "-" "Googlebot/2.1"
172.20.0.3 - - [08/Feb/2026 09:46:31] "GET /checkout HTTP/1.1" 200 -
203.0.113.42 - - [08/Feb/2026:09:46:32 +0000] "GET / HTTP/1.1" 200 846 "-" "Scanner/1.0"
172.20.0.3 - - [08/Feb/2026 09:46:32] "GET / HTTP/1.1" 200 -
203.0.113.42 - - [08/Feb/2026:09:46:32 +0000] "GET /api/users HTTP/1.1" 200 1483 "-" "Mozilla/5.0 (Macintosh; Intel Mac OS X 10_15_7) AppleWebKit/537.36"
172.20.0.3 - - [08/Feb/2026 09:46:32] "GET /api/users HTTP/1.1" 200 -
198.51.100.50 - - [08/Feb/2026:09:46:32 +0000] "GET / HTTP/1.1" 200 1781 "-" "curl/7.68.0"
172.20.0.3 - - [08/Feb/2026 09:46:32] "GET / HTTP/1.1" 200 -
172.16.0.10 - - [08/Feb/2026:09:46:32 +0000] "GET /api/orders HTTP/1.1" 200 7013 "-" "Mozilla/5.0 (Macintosh; Intel Mac OS X 10_15_7) AppleWebKit/537.36"
172.20.0.3 - - [08/Feb/2026 09:46:32] "GET /api/orders HTTP/1.1" 200 -
172.16.0.11 - - [08/Feb/2026:09:46:34 +0000] "GET /api/products HTTP/1.1" 200 4390 "-" "curl/7.68.0"
172.20.0.3 - - [08/Feb/2026 09:46:34] "GET /api/products HTTP/1.1" 200 -
192.168.1.102 - - [08/Feb/2026:09:46:36 +0000] "GET /api/products HTTP/1.1" 200 3315 "-" "Mozilla/5.0 (Windows NT 10.0; Win64; x64) AppleWebKit/537.36"
172.20.0.3 - - [08/Feb/2026 09:46:36] "GET /api/products HTTP/1.1" 200 -
203.0.113.42 - - [08/Feb/2026:09:46:39 +0000] "GET / HTTP/1.1" 200 768 "-" "curl/7.68.0"
172.20.0.3 - - [08/Feb/2026 09:46:39] "GET / HTTP/1.1" 200 -
172.16.0.10 - - [08/Feb/2026:09:46:39 +0000] "GET /api/products HTTP/1.1" 200 9499 "-" "Googlebot/2.1"
172.20.0.3 - - [08/Feb/2026 09:46:39] "GET /api/products HTTP/1.1" 200 -
198.51.100.50 - - [08/Feb/2026:09:46:41 +0000] "GET /api/search HTTP/1.1" 200 4716 "-" "Scanner/1.0"
172.20.0.3 - - [08/Feb/2026 09:46:41] "GET /api/search?q=test HTTP/1.1" 200 -
198.51.100.50 - - [08/Feb/2026:09:46:41 +0000] "GET / HTTP/1.1" 200 922 "-" "BadBot/1.0"
172.20.0.3 - - [08/Feb/2026 09:46:41] "GET / HTTP/1.1" 200 -
192.168.1.102 - - [08/Feb/2026:09:46:41 +0000] "GET / HTTP/1.1" 200 791 "-" "curl/7.68.0"
172.20.0.3 - - [08/Feb/2026 09:46:41] "GET / HTTP/1.1" 200 -
192.168.1.100 - - [08/Feb/2026:09:46:43 +0000] "GET /logout HTTP/1.1" 200 256 "-" "BadBot/1.0"
172.20.0.3 - - [08/Feb/2026 09:46:43] "GET /logout HTTP/1.1" 200 -
192.168.1.102 - - [08/Feb/2026:09:46:45 +0000] "GET /api/users HTTP/1.1" 200 1919 "-" "Scanner/1.0"
172.20.0.3 - - [08/Feb/2026 09:46:45] "GET /api/users HTTP/1.1" 200 -
198.51.100.50 - - [08/Feb/2026:09:46:48 +0000] "GET /static/image.jpg HTTP/1.1" 404 409 "-" "Scanner/1.0"
172.20.0.3 - - [08/Feb/2026 09:46:48] "[33mGET /static/image.jpg HTTP/1.1[0m" 404 -
172.16.0.11 - - [08/Feb/2026:09:46:48 +0000] "GET /api/users HTTP/1.1" 200 2347 "-" "python-requests/2.28.0"
172.20.0.3 - - [08/Feb/2026 09:46:48] "GET /api/users HTTP/1.1" 200 -
172.16.0.11 - - [08/Feb/2026:09:46:49 +0000] "GET /api/orders HTTP/1.1" 200 5321 "-" "Googlebot/2.1"
172.20.0.3 - - [08/Feb/2026 09:46:49] "GET /api/orders HTTP/1.1" 200 -
10.0.0.51 - - [08/Feb/2026:09:46:52 +0000] "GET /api/users HTTP/1.1" 200 4118 "-" "Googlebot/2.1"
172.20.0.3 - - [08/Feb/2026 09:46:52] "GET /api/users HTTP/1.1" 200 -
192.168.1.101 - - [08/Feb/2026:09:46:53 +0000] "GET /logout HTTP/1.1" 200 467 "-" "Mozilla/5.0 (Windows NT 10.0; Win64; x64) AppleWebKit/537.36"
172.20.0.3 - - [08/Feb/2026 09:46:53] "GET /logout HTTP/1.1" 200 -
192.168.1.101 - - [08/Feb/2026:09:46:55 +0000] "GET /api/users HTTP/1.1" 200 1668 "-" "BadBot/1.0"
172.20.0.3 - - [08/Feb/2026 09:46:55] "GET /api/users HTTP/1.1" 200 -
10.0.0.50 - - [08/Feb/2026:09:46:57 +0000] "GET /api/orders HTTP/1.1" 200 7184 "-" "Mozilla/5.0 (Windows NT 10.0; Win64; x64) AppleWebKit/537.36"
172.20.0.3 - - [08/Feb/2026 09:46:57] "GET /api/orders HTTP/1.1" 200 -
198.51.100.50 - - [08/Feb/2026:09:46:59 +0000] "GET /api/products HTTP/1.1" 200 3713 "-" "python-requests/2.28.0"
172.20.0.3 - - [08/Feb/2026 09:46:59] "GET /api/products HTTP/1.1" 200 -
203.0.113.42 - - [08/Feb/2026:09:46:59 +0000] "GET /api/search HTTP/1.1" 200 4076 "-" "curl/7.68.0"
172.20.0.3 - - [08/Feb/2026 09:46:59] "GET /api/search?q=test HTTP/1.1" 200 -
172.16.0.10 - - [08/Feb/2026:09:46:59 +0000] "GET /logout HTTP/1.1" 200 389 "-" "Mozilla/5.0 (Macintosh; Intel Mac OS X 10_15_7) AppleWebKit/537.36"
172.20.0.3 - - [08/Feb/2026 09:46:59] "GET /logout HTTP/1.1" 200 -
10.0.0.50 - - [08/Feb/2026:09:47:01 +0000] "GET /api/users HTTP/1.1" 200 2407 "-" "python-requests/2.28.0"
172.20.0.3 - - [08/Feb/2026 09:47:01] "GET /api/users HTTP/1.1" 200 -
172.16.0.11 - - [08/Feb/2026:09:47:02 +0000] "GET / HTTP/1.1" 200 1272 "-" "curl/7.68.0"
172.20.0.3 - - [08/Feb/2026 09:47:02] "GET / HTTP/1.1" 200 -
192.168.1.101 - - [08/Feb/2026:09:47:05 +0000] "GET /api/users HTTP/1.1" 200 1824 "-" "Mozilla/5.0 (Windows NT 10.0; Win64; x64) AppleWebKit/537.36"
172.20.0.3 - - [08/Feb/2026 09:47:05] "GET /api/users HTTP/1.1" 200 -
192.168.1.100 - - [08/Feb/2026:09:47:07 +0000] "GET / HTTP/1.1" 200 905 "-" "curl/7.68.0"
172.20.0.3 - - [08/Feb/2026 09:47:07] "GET / HTTP/1.1" 200 -
198.51.100.50 - - [08/Feb/2026:09:47:10 +0000] "GET /api/products HTTP/1.1" 200 9382 "-" "Googlebot/2.1"
172.20.0.3 - - [08/Feb/2026 09:47:10] "GET /api/products HTTP/1.1" 200 -
172.16.0.10 - - [08/Feb/2026:09:47:11 +0000] "GET /api/users HTTP/1.1" 200 2759 "-" "curl/7.68.0"
172.20.0.3 - - [08/Feb/2026 09:47:11] "GET /api/users HTTP/1.1" 200 -
10.0.0.51 - - [08/Feb/2026:09:47:12 +0000] "GET /logout HTTP/1.1" 200 309 "-" "Scanner/1.0"
172.20.0.3 - - [08/Feb/2026 09:47:12] "GET /logout HTTP/1.1" 200 -
10.0.0.50 - - [08/Feb/2026:09:47:14 +0000] "GET /api/orders HTTP/1.1" 200 2001 "-" "Mozilla/5.0 (Windows NT 10.0; Win64; x64) AppleWebKit/537.36"
172.20.0.3 - - [08/Feb/2026 09:47:14] "GET /api/orders HTTP/1.1" 200 -
192.168.1.102 - - [08/Feb/2026:09:47:15 +0000] "GET /api/users HTTP/1.1" 200 1384 "-" "Mozilla/5.0 (Macintosh; Intel Mac OS X 10_15_7) AppleWebKit/537.36"
172.20.0.3 - - [08/Feb/2026 09:47:15] "GET /api/users HTTP/1.1" 200 -
10.0.0.50 - - [08/Feb/2026:09:47:16 +0000] "GET /admin HTTP/1.1" 403 443 "-" "python-requests/2.28.0"
172.20.0.3 - - [08/Feb/2026 09:47:16] "[31m[1mGET /admin HTTP/1.1[0m" 403 -
198.51.100.50 - - [08/Feb/2026:09:47:18 +0000] "GET / HTTP/1.1" 200 515 "-" "python-requests/2.28.0"
172.20.0.3 - - [08/Feb/2026 09:47:18] "GET / HTTP/1.1" 200 -
10.0.0.50 - - [08/Feb/2026:09:47:18 +0000] "GET /nonexistent HTTP/1.1" 404 488 "-" "Scanner/1.0"
172.20.0.3 - - [08/Feb/2026 09:47:18] "[33mGET /nonexistent HTTP/1.1[0m" 404 -
198.51.100.50 - - [08/Feb/2026:09:47:19 +0000] "GET /api/orders HTTP/1.1" 200 3483 "-" "Googlebot/2.1"
172.20.0.3 - - [08/Feb/2026 09:47:19] "GET /api/orders HTTP/1.1" 200 -
203.0.113.42 - - [08/Feb/2026:09:47:19 +0000] "GET / HTTP/1.1" 200 1847 "-" "Googlebot/2.1"
172.20.0.3 - - [08/Feb/2026 09:47:19] "GET / HTTP/1.1" 200 -
192.168.1.101 - - [08/Feb/2026:09:47:19 +0000] "GET / HTTP/1.1" 200 1503 "-" "python-requests/2.28.0"
172.20.0.3 - - [08/Feb/2026 09:47:19] "GET / HTTP/1.1" 200 -
172.16.0.10 - - [08/Feb/2026:09:47:21 +0000] "GET /login HTTP/1.1" 200 598 "-" "BadBot/1.0"
172.20.0.3 - - [08/Feb/2026 09:47:21] "GET /login HTTP/1.1" 200 -
192.168.1.100 - - [08/Feb/2026:09:47:22 +0000] "GET /static/image.jpg HTTP/1.1" 404 381 "-" "Mozilla/5.0 (Windows NT 10.0; Win64; x64) AppleWebKit/537.36"
172.20.0.3 - - [08/Feb/2026 09:47:22] "[33mGET /static/image.jpg HTTP/1.1[0m" 404 -
192.168.1.102 - - [08/Feb/2026:09:47:24 +0000] "GET /login HTTP/1.1" 401 353 "-" "python-requests/2.28.0"
172.20.0.3 - - [08/Feb/2026 09:47:24] "[31m[1mGET /login HTTP/1.1[0m" 401 -
203.0.113.42 - - [08/Feb/2026:09:47:25 +0000] "GET /api/products HTTP/1.1" 200 3959 "-" "Mozilla/5.0 (Macintosh; Intel Mac OS X 10_15_7) AppleWebKit/537.36"
172.20.0.3 - - [08/Feb/2026 09:47:25] "GET /api/products HTTP/1.1" 200 -
10.0.0.51 - - [08/Feb/2026:09:47:26 +0000] "GET /checkout HTTP/1.1" 200 7279 "-" "Mozilla/5.0 (Windows NT 10.0; Win64; x64) AppleWebKit/537.36"
172.20.0.3 - - [08/Feb/2026 09:47:26] "GET /checkout HTTP/1.1" 200 -
198.51.100.50 - - [08/Feb/2026:09:47:28 +0000] "GET /api/search HTTP/1.1" 200 4394 "-" "python-requests/2.28.0"
172.20.0.3 - - [08/Feb/2026 09:47:28] "GET /api/search?q=test HTTP/1.1" 200 -
203.0.113.42 - - [08/Feb/2026:09:47:29 +0000] "GET /admin HTTP/1.1" 200 1491 "-" "BadBot/1.0"
172.20.0.3 - - [08/Feb/2026 09:47:29] "GET /admin HTTP/1.1" 200 -
10.0.0.50 - - [08/Feb/2026:09:47:29 +0000] "GET /api/orders HTTP/1.1" 200 7041 "-" "Googlebot/2.1"
172.20.0.3 - - [08/Feb/2026 09:47:29] "GET /api/orders HTTP/1.1" 200 -
172.16.0.11 - - [08/Feb/2026:09:47:31 +0000] "GET /api/users HTTP/1.1" 200 3077 "-" "Scanner/1.0"
172.20.0.3 - - [08/Feb/2026 09:47:31] "GET /api/users HTTP/1.1" 200 -
192.168.1.102 - - [08/Feb/2026:09:47:32 +0000] "GET /api/users HTTP/1.1" 200 2238 "-" "BadBot/1.0"
172.20.0.3 - - [08/Feb/2026 09:47:32] "GET /api/users HTTP/1.1" 200 -
192.168.1.101 - - [08/Feb/2026:09:47:33 +0000] "GET /logout HTTP/1.1" 200 307 "-" "curl/7.68.0"
172.20.0.3 - - [08/Feb/2026 09:47:33] "GET /logout HTTP/1.1" 200 -
10.0.0.51 - - [08/Feb/2026:09:47:35 +0000] "GET /api/search HTTP/1.1" 200 3257 "-" "Mozilla/5.0 (Windows NT 10.0; Win64; x64) AppleWebKit/537.36"
172.20.0.3 - - [08/Feb/2026 09:47:35] "GET /api/search?q=test HTTP/1.1" 200 -
172.16.0.10 - - [08/Feb/2026:09:47:36 +0000] "GET /api/users HTTP/1.1" 200 4097 "-" "python-requests/2.28.0"
172.20.0.3 - - [08/Feb/2026 09:47:36] "GET /api/users HTTP/1.1" 200 -
198.51.100.50 - - [08/Feb/2026:09:47:39 +0000] "GET /nonexistent HTTP/1.1" 404 494 "-" "Mozilla/5.0 (Macintosh; Intel Mac OS X 10_15_7) AppleWebKit/537.36"
172.20.0.3 - - [08/Feb/2026 09:47:39] "[33mGET /nonexistent HTTP/1.1[0m" 404 -
203.0.113.42 - - [08/Feb/2026:09:47:39 +0000] "GET /api/products HTTP/1.1" 200 3317 "-" "Mozilla/5.0 (Macintosh; Intel Mac OS X 10_15_7) AppleWebKit/537.36"
172.20.0.3 - - [08/Feb/2026 09:47:39] "GET /api/products HTTP/1.1" 200 -
192.168.1.101 - - [08/Feb/2026:09:47:39 +0000] "GET /api/users HTTP/1.1" 200 4832 "-" "Scanner/1.0"
172.20.0.3 - - [08/Feb/2026 09:47:39] "GET /api/users HTTP/1.1" 200 -
198.51.100.50 - - [08/Feb/2026:09:47:40 +0000] "GET / HTTP/1.1" 200 1595 "-" "BadBot/1.0"
172.20.0.3 - - [08/Feb/2026 09:47:40] "GET / HTTP/1.1" 200 -
198.51.100.50 - - [08/Feb/2026:09:47:40 +0000] "GET /api/products HTTP/1.1" 200 3071 "-" "Googlebot/2.1"
172.20.0.3 - - [08/Feb/2026 09:47:40] "GET /api/products HTTP/1.1" 200 -
198.51.100.50 - - [08/Feb/2026:09:47:41 +0000] "GET /admin HTTP/1.1" 200 1645 "-" "Mozilla/5.0 (Macintosh; Intel Mac OS X 10_15_7) AppleWebKit/537.36"
172.20.0.3 - - [08/Feb/2026 09:47:41] "GET /admin HTTP/1.1" 200 -
198.51.100.50 - - [08/Feb/2026:09:47:41 +0000] "GET / HTTP/1.1" 200 1719 "-" "Mozilla/5.0 (Windows NT 10.0; Win64; x64) AppleWebKit/537.36"
172.20.0.3 - - [08/Feb/2026 09:47:41] "GET / HTTP/1.1" 200 -
10.0.0.51 - - [08/Feb/2026:09:47:42 +0000] "GET /api/orders HTTP/1.1" 200 2528 "-" "Scanner/1.0"
172.20.0.3 - - [08/Feb/2026 09:47:42] "GET /api/orders HTTP/1.1" 200 -
192.168.1.102 - - [08/Feb/2026:09:47:43 +0000] "GET /api/search HTTP/1.1" 400 219 "-" "Mozilla/5.0 (Windows NT 10.0; Win64; x64) AppleWebKit/537.36"
172.20.0.3 - - [08/Feb/2026 09:47:43] "[31m[1mGET /api/search HTTP/1.1[0m" 400 -
203.0.113.42 - - [08/Feb/2026:09:47:44 +0000] "GET /api/users HTTP/1.1" 200 2221 "-" "Scanner/1.0"
172.20.0.3 - - [08/Feb/2026 09:47:44] "GET /api/users HTTP/1.1" 200 -
172.16.0.10 - - [08/Feb/2026:09:47:44 +0000] "GET /api/search HTTP/1.1" 400 374 "-" "BadBot/1.0"
172.20.0.3 - - [08/Feb/2026 09:47:44] "[31m[1mGET /api/search HTTP/1.1[0m" 400 -
198.51.100.50 - - [08/Feb/2026:09:47:47 +0000] "GET / HTTP/1.1" 200 1827 "-" "Scanner/1.0"
172.20.0.3 - - [08/Feb/2026 09:47:47] "GET / HTTP/1.1" 200 -
192.168.1.102 - - [08/Feb/2026:09:47:47 +0000] "GET / HTTP/1.1" 200 956 "-" "Mozilla/5.0 (Macintosh; Intel Mac OS X 10_15_7) AppleWebKit/537.36"
172.20.0.3 - - [08/Feb/2026 09:47:47] "GET / HTTP/1.1" 200 -
192.168.1.100 - - [08/Feb/2026:09:47:48 +0000] "GET /api/users HTTP/1.1" 200 1139 "-" "Scanner/1.0"
172.20.0.3 - - [08/Feb/2026 09:47:48] "GET /api/users HTTP/1.1" 200 -
192.168.1.100 - - [08/Feb/2026:09:47:49 +0000] "GET /api/products HTTP/1.1" 200 8120 "-" "curl/7.68.0"
172.20.0.3 - - [08/Feb/2026 09:47:49] "GET /api/products HTTP/1.1" 200 -
198.51.100.50 - - [08/Feb/2026:09:47:52 +0000] "GET /api/users HTTP/1.1" 200 4901 "-" "Mozilla/5.0 (Windows NT 10.0; Win64; x64) AppleWebKit/537.36"
172.20.0.3 - - [08/Feb/2026 09:47:52] "GET /api/users HTTP/1.1" 200 -
198.51.100.50 - - [08/Feb/2026:09:47:53 +0000] "GET /api/products HTTP/1.1" 200 9904 "-" "Mozilla/5.0 (Windows NT 10.0; Win64; x64) AppleWebKit/537.36"
172.20.0.3 - - [08/Feb/2026 09:47:53] "GET /api/products HTTP/1.1" 200 -
10.0.0.51 - - [08/Feb/2026:09:47:53 +0000] "GET /login HTTP/1.1" 200 883 "-" "Mozilla/5.0 (Macintosh; Intel Mac OS X 10_15_7) AppleWebKit/537.36"
172.20.0.3 - - [08/Feb/2026 09:47:53] "GET /login HTTP/1.1" 200 -
198.51.100.50 - - [08/Feb/2026:09:47:56 +0000] "GET /api/products HTTP/1.1" 200 8109 "-" "BadBot/1.0"
172.20.0.3 - - [08/Feb/2026 09:47:56] "GET /api/products HTTP/1.1" 200 -
203.0.113.42 - - [08/Feb/2026:09:47:56 +0000] "GET / HTTP/1.1" 200 565 "-" "Mozilla/5.0 (Windows NT 10.0; Win64; x64) AppleWebKit/537.36"
172.20.0.3 - - [08/Feb/2026 09:47:56] "GET / HTTP/1.1" 200 -
192.168.1.100 - - [08/Feb/2026:09:47:57 +0000] "GET /static/image.jpg HTTP/1.1" 404 369 "-" "curl/7.68.0"
172.20.0.3 - - [08/Feb/2026 09:47:57] "[33mGET /static/image.jpg HTTP/1.1[0m" 404 -
198.51.100.50 - - [08/Feb/2026:09:47:58 +0000] "GET /api/users HTTP/1.1" 200 4969 "-" "BadBot/1.0"
172.20.0.3 - - [08/Feb/2026 09:47:58] "GET /api/users HTTP/1.1" 200 -
10.0.0.51 - - [08/Feb/2026:09:47:59 +0000] "GET /api/users HTTP/1.1" 200 2317 "-" "Mozilla/5.0 (Windows NT 10.0; Win64; x64) AppleWebKit/537.36"
172.20.0.3 - - [08/Feb/2026 09:47:59] "GET /api/users HTTP/1.1" 200 -
172.16.0.10 - - [08/Feb/2026:09:48:00 +0000] "GET /static/image.jpg HTTP/1.1" 404 427 "-" "python-requests/2.28.0"
172.20.0.3 - - [08/Feb/2026 09:48:00] "[33mGET /static/image.jpg HTTP/1.1[0m" 404 -
192.168.1.102 - - [08/Feb/2026:09:48:01 +0000] "GET /api/orders HTTP/1.1" 200 6325 "-" "Googlebot/2.1"
172.20.0.3 - - [08/Feb/2026 09:48:01] "GET /api/orders HTTP/1.1" 200 -
172.16.0.11 - - [08/Feb/2026:09:48:03 +0000] "GET /api/users HTTP/1.1" 200 4983 "-" "Scanner/1.0"
172.20.0.3 - - [08/Feb/2026 09:48:03] "GET /api/users HTTP/1.1" 200 -
203.0.113.42 - - [08/Feb/2026:09:48:03 +0000] "GET /api/users HTTP/1.1" 200 3236 "-" "Mozilla/5.0 (Macintosh; Intel Mac OS X 10_15_7) AppleWebKit/537.36"
172.20.0.3 - - [08/Feb/2026 09:48:03] "GET /api/users HTTP/1.1" 200 -
10.0.0.51 - - [08/Feb/2026:09:48:04 +0000] "GET /api/orders HTTP/1.1" 200 6763 "-" "python-requests/2.28.0"
172.20.0.3 - - [08/Feb/2026 09:48:04] "GET /api/orders HTTP/1.1" 200 -
203.0.113.42 - - [08/Feb/2026:09:48:04 +0000] "GET / HTTP/1.1" 200 693 "-" "Scanner/1.0"
172.20.0.3 - - [08/Feb/2026 09:48:04] "GET / HTTP/1.1" 200 -
172.16.0.10 - - [08/Feb/2026:09:48:05 +0000] "GET / HTTP/1.1" 200 1326 "-" "BadBot/1.0"
172.20.0.3 - - [08/Feb/2026 09:48:05] "GET / HTTP/1.1" 200 -
172.16.0.10 - - [08/Feb/2026:09:48:08 +0000] "GET /api/orders HTTP/1.1" 200 3934 "-" "Mozilla/5.0 (Windows NT 10.0; Win64; x64) AppleWebKit/537.36"
172.20.0.3 - - [08/Feb/2026 09:48:08] "GET /api/orders HTTP/1.1" 200 -
192.168.1.101 - - [08/Feb/2026:09:48:10 +0000] "GET /logout HTTP/1.1" 200 300 "-" "Scanner/1.0"
172.20.0.3 - - [08/Feb/2026 09:48:10] "GET /logout HTTP/1.1" 200 -
192.168.1.102 - - [08/Feb/2026:09:48:12 +0000] "GET / HTTP/1.1" 200 1674 "-" "Googlebot/2.1"
172.20.0.3 - - [08/Feb/2026 09:48:12] "GET / HTTP/1.1" 200 -
192.168.1.101 - - [08/Feb/2026:09:48:12 +0000] "POST /login HTTP/1.1" 401 600 "-" "curl/7.68.0"
172.20.0.3 - - [08/Feb/2026 09:48:12] "[31m[1mPOST /login HTTP/1.1[0m" 401 -
192.168.1.102 - - [08/Feb/2026:09:48:14 +0000] "GET / HTTP/1.1" 200 1826 "-" "Googlebot/2.1"
172.20.0.3 - - [08/Feb/2026 09:48:14] "GET / HTTP/1.1" 200 -
203.0.113.42 - - [08/Feb/2026:09:48:16 +0000] "GET / HTTP/1.1" 200 815 "-" "curl/7.68.0"
172.20.0.3 - - [08/Feb/2026 09:48:16] "GET / HTTP/1.1" 200 -
10.0.0.50 - - [08/Feb/2026:09:48:16 +0000] "GET /api/products HTTP/1.1" 200 4796 "-" "Mozilla/5.0 (Macintosh; Intel Mac OS X 10_15_7) AppleWebKit/537.36"
172.20.0.3 - - [08/Feb/2026 09:48:16] "GET /api/products HTTP/1.1" 200 -
10.0.0.50 - - [08/Feb/2026:09:48:17 +0000] "GET / HTTP/1.1" 200 1912 "-" "Mozilla/5.0 (Macintosh; Intel Mac OS X 10_15_7) AppleWebKit/537.36"
172.20.0.3 - - [08/Feb/2026 09:48:17] "GET / HTTP/1.1" 200 -
198.51.100.50 - - [08/Feb/2026:09:48:20 +0000] "GET / HTTP/1.1" 200 603 "-" "python-requests/2.28.0"
172.20.0.3 - - [08/Feb/2026 09:48:20] "GET / HTTP/1.1" 200 -
172.16.0.11 - - [08/Feb/2026:09:48:21 +0000] "GET /api/search HTTP/1.1" 200 4388 "-" "BadBot/1.0"
172.20.0.3 - - [08/Feb/2026 09:48:21] "GET /api/search?q=test HTTP/1.1" 200 -
198.51.100.50 - - [08/Feb/2026:09:48:23 +0000] "GET / HTTP/1.1" 200 908 "-" "curl/7.68.0"
172.20.0.3 - - [08/Feb/2026 09:48:23] "GET / HTTP/1.1" 200 -
172.16.0.10 - - [08/Feb/2026:09:48:23 +0000] "GET / HTTP/1.1" 200 1699 "-" "BadBot/1.0"
172.20.0.3 - - [08/Feb/2026 09:48:23] "GET / HTTP/1.1" 200 -
192.168.1.102 - - [08/Feb/2026:09:48:25 +0000] "GET /logout HTTP/1.1" 200 225 "-" "BadBot/1.0"
172.20.0.3 - - [08/Feb/2026 09:48:25] "GET /logout HTTP/1.1" 200 -
192.168.1.102 - - [08/Feb/2026:09:48:27 +0000] "GET /api/products HTTP/1.1" 200 7144 "-" "BadBot/1.0"
172.20.0.3 - - [08/Feb/2026 09:48:27] "GET /api/products HTTP/1.1" 200 -
198.51.100.50 - - [08/Feb/2026:09:48:28 +0000] "GET /api/products HTTP/1.1" 200 3159 "-" "Mozilla/5.0 (Macintosh; Intel Mac OS X 10_15_7) AppleWebKit/537.36"
172.20.0.3 - - [08/Feb/2026 09:48:28] "GET /api/products HTTP/1.1" 200 -
172.16.0.10 - - [08/Feb/2026:09:48:28 +0000] "GET / HTTP/1.1" 200 1492 "-" "BadBot/1.0"
172.20.0.3 - - [08/Feb/2026 09:48:28] "GET / HTTP/1.1" 200 -
203.0.113.42 - - [08/Feb/2026:09:48:29 +0000] "GET /api/orders HTTP/1.1" 200 3754 "-" "Mozilla/5.0 (Windows NT 10.0; Win64; x64) AppleWebKit/537.36"
172.20.0.3 - - [08/Feb/2026 09:48:29] "GET /api/orders HTTP/1.1" 200 -
203.0.113.42 - - [08/Feb/2026:09:48:30 +0000] "GET /logout HTTP/1.1" 200 261 "-" "curl/7.68.0"
172.20.0.3 - - [08/Feb/2026 09:48:30] "GET /logout HTTP/1.1" 200 -
203.0.113.42 - - [08/Feb/2026:09:48:30 +0000] "GET /admin HTTP/1.1" 403 506 "-" "BadBot/1.0"
172.20.0.3 - - [08/Feb/2026 09:48:30] "[31m[1mGET /admin HTTP/1.1[0m" 403 -
198.51.100.50 - - [08/Feb/2026:09:48:30 +0000] "GET / HTTP/1.1" 200 1438 "-" "Scanner/1.0"
172.20.0.3 - - [08/Feb/2026 09:48:30] "GET / HTTP/1.1" 200 -
203.0.113.42 - - [08/Feb/2026:09:48:30 +0000] "GET / HTTP/1.1" 200 1976 "-" "Mozilla/5.0 (Windows NT 10.0; Win64; x64) AppleWebKit/537.36"
172.20.0.3 - - [08/Feb/2026 09:48:30] "GET / HTTP/1.1" 200 -
203.0.113.42 - - [08/Feb/2026:09:48:31 +0000] "GET / HTTP/1.1" 200 616 "-" "Scanner/1.0"
172.20.0.3 - - [08/Feb/2026 09:48:31] "GET / HTTP/1.1" 200 -
10.0.0.51 - - [08/Feb/2026:09:48:31 +0000] "GET /api/products HTTP/1.1" 200 9976 "-" "BadBot/1.0"
172.20.0.3 - - [08/Feb/2026 09:48:31] "GET /api/products HTTP/1.1" 200 -
198.51.100.50 - - [08/Feb/2026:09:48:32 +0000] "GET /api/users HTTP/1.1" 200 4616 "-" "Mozilla/5.0 (Macintosh; Intel Mac OS X 10_15_7) AppleWebKit/537.36"
172.20.0.3 - - [08/Feb/2026 09:48:32] "GET /api/users HTTP/1.1" 200 -
10.0.0.51 - - [08/Feb/2026:09:48:32 +0000] "GET /api/users HTTP/1.1" 200 3130 "-" "curl/7.68.0"
172.20.0.3 - - [08/Feb/2026 09:48:32] "GET /api/users HTTP/1.1" 200 -
203.0.113.42 - - [08/Feb/2026:09:48:34 +0000] "GET / HTTP/1.1" 200 1321 "-" "curl/7.68.0"
172.20.0.3 - - [08/Feb/2026 09:48:34] "GET / HTTP/1.1" 200 -
10.0.0.50 - - [08/Feb/2026:09:48:34 +0000] "GET /api/users HTTP/1.1" 200 1519 "-" "curl/7.68.0"
172.20.0.3 - - [08/Feb/2026 09:48:34] "GET /api/users HTTP/1.1" 200 -
203.0.113.42 - - [08/Feb/2026:09:48:35 +0000] "GET /api/search HTTP/1.1" 200 4818 "-" "Mozilla/5.0 (Windows NT 10.0; Win64; x64) AppleWebKit/537.36"
172.20.0.3 - - [08/Feb/2026 09:48:35] "GET /api/search?q=test HTTP/1.1" 200 -
192.168.1.101 - - [08/Feb/2026:09:48:36 +0000] "GET /api/users HTTP/1.1" 200 1502 "-" "python-requests/2.28.0"
172.20.0.3 - - [08/Feb/2026 09:48:36] "GET /api/users HTTP/1.1" 200 -
10.0.0.50 - - [08/Feb/2026:09:48:38 +0000] "GET / HTTP/1.1" 200 903 "-" "Scanner/1.0"
172.20.0.3 - - [08/Feb/2026 09:48:38] "GET / HTTP/1.1" 200 -
10.0.0.51 - - [08/Feb/2026:09:48:41 +0000] "GET /api/search HTTP/1.1" 200 2412 "-" "Googlebot/2.1"
172.20.0.3 - - [08/Feb/2026 09:48:41] "GET /api/search?q=test HTTP/1.1" 200 -
172.16.0.10 - - [08/Feb/2026:09:48:43 +0000] "GET /admin HTTP/1.1" 403 554 "-" "curl/7.68.0"
172.20.0.3 - - [08/Feb/2026 09:48:43] "[31m[1mGET /admin HTTP/1.1[0m" 403 -
203.0.113.42 - - [08/Feb/2026:09:48:45 +0000] "GET /logout HTTP/1.1" 200 332 "-" "python-requests/2.28.0"
172.20.0.3 - - [08/Feb/2026 09:48:45] "GET /logout HTTP/1.1" 200 -
192.168.1.100 - - [08/Feb/2026:09:48:46 +0000] "GET /static/image.jpg HTTP/1.1" 404 466 "-" "Mozilla/5.0 (Macintosh; Intel Mac OS X 10_15_7) AppleWebKit/537.36"
172.20.0.3 - - [08/Feb/2026 09:48:46] "[33mGET /static/image.jpg HTTP/1.1[0m" 404 -
172.16.0.10 - - [08/Feb/2026:09:48:48 +0000] "GET / HTTP/1.1" 200 608 "-" "BadBot/1.0"
172.20.0.3 - - [08/Feb/2026 09:48:48] "GET / HTTP/1.1" 200 -
172.16.0.11 - - [08/Feb/2026:09:48:49 +0000] "GET /login HTTP/1.1" 401 499 "-" "curl/7.68.0"
172.20.0.3 - - [08/Feb/2026 09:48:49] "[31m[1mGET /login HTTP/1.1[0m" 401 -
203.0.113.42 - - [08/Feb/2026:09:48:51 +0000] "GET /checkout HTTP/1.1" 200 4124 "-" "python-requests/2.28.0"
172.20.0.3 - - [08/Feb/2026 09:48:51] "GET /checkout HTTP/1.1" 200 -
10.0.0.51 - - [08/Feb/2026:09:48:52 +0000] "GET /api/orders HTTP/1.1" 200 7145 "-" "Scanner/1.0"
172.20.0.3 - - [08/Feb/2026 09:48:52] "GET /api/orders HTTP/1.1" 200 -
192.168.1.100 - - [08/Feb/2026:09:48:54 +0000] "GET / HTTP/1.1" 200 1281 "-" "Mozilla/5.0 (Windows NT 10.0; Win64; x64) AppleWebKit/537.36"
172.20.0.3 - - [08/Feb/2026 09:48:54] "GET / HTTP/1.1" 200 -
192.168.1.100 - - [08/Feb/2026:09:48:55 +0000] "GET /api/products HTTP/1.1" 200 3174 "-" "curl/7.68.0"
172.20.0.3 - - [08/Feb/2026 09:48:55] "GET /api/products HTTP/1.1" 200 -
203.0.113.42 - - [08/Feb/2026:09:48:58 +0000] "GET /api/products HTTP/1.1" 200 9815 "-" "Mozilla/5.0 (Windows NT 10.0; Win64; x64) AppleWebKit/537.36"
172.20.0.3 - - [08/Feb/2026 09:48:58] "GET /api/products HTTP/1.1" 200 -
10.0.0.51 - - [08/Feb/2026:09:48:58 +0000] "GET /logout HTTP/1.1" 200 364 "-" "Scanner/1.0"
172.20.0.3 - - [08/Feb/2026 09:48:58] "GET /logout HTTP/1.1" 200 -
10.0.0.51 - - [08/Feb/2026:09:49:00 +0000] "GET / HTTP/1.1" 200 679 "-" "Scanner/1.0"
172.20.0.3 - - [08/Feb/2026 09:49:00] "GET / HTTP/1.1" 200 -
192.168.1.100 - - [08/Feb/2026:09:49:01 +0000] "GET /api/users HTTP/1.1" 200 4734 "-" "Mozilla/5.0 (Windows NT 10.0; Win64; x64) AppleWebKit/537.36"
172.20.0.3 - - [08/Feb/2026 09:49:01] "GET /api/users HTTP/1.1" 200 -
10.0.0.50 - - [08/Feb/2026:09:49:04 +0000] "GET /api/products HTTP/1.1" 200 9090 "-" "python-requests/2.28.0"
172.20.0.3 - - [08/Feb/2026 09:49:04] "GET /api/products HTTP/1.1" 200 -
192.168.1.100 - - [08/Feb/2026:09:49:05 +0000] "GET /login HTTP/1.1" 200 1452 "-" "curl/7.68.0"
172.20.0.3 - - [08/Feb/2026 09:49:05] "GET /login HTTP/1.1" 200 -
192.168.1.102 - - [08/Feb/2026:09:49:07 +0000] "GET /api/products HTTP/1.1" 200 6767 "-" "Googlebot/2.1"
172.20.0.3 - - [08/Feb/2026 09:49:07] "GET /api/products HTTP/1.1" 200 -
198.51.100.50 - - [08/Feb/2026:09:49:10 +0000] "GET /api/products HTTP/1.1" 200 4811 "-" "python-requests/2.28.0"
172.20.0.3 - - [08/Feb/2026 09:49:10] "GET /api/products HTTP/1.1" 200 -
192.168.1.101 - - [08/Feb/2026:09:49:10 +0000] "GET /login HTTP/1.1" 200 1362 "-" "Googlebot/2.1"
172.20.0.3 - - [08/Feb/2026 09:49:10] "GET /login HTTP/1.1" 200 -
192.168.1.100 - - [08/Feb/2026:09:49:12 +0000] "GET /api/users HTTP/1.1" 200 2916 "-" "Mozilla/5.0 (Macintosh; Intel Mac OS X 10_15_7) AppleWebKit/537.36"
172.20.0.3 - - [08/Feb/2026 09:49:12] "GET /api/users HTTP/1.1" 200 -
172.16.0.10 - - [08/Feb/2026:09:49:15 +0000] "GET /api/users HTTP/1.1" 200 1748 "-" "Googlebot/2.1"
172.20.0.3 - - [08/Feb/2026 09:49:15] "GET /api/users HTTP/1.1" 200 -
10.0.0.50 - - [08/Feb/2026:09:49:16 +0000] "GET /api/products HTTP/1.1" 200 2812 "-" "curl/7.68.0"
172.20.0.3 - - [08/Feb/2026 09:49:16] "GET /api/products HTTP/1.1" 200 -
192.168.1.100 - - [08/Feb/2026:09:49:19 +0000] "GET /api/orders HTTP/1.1" 200 7383 "-" "python-requests/2.28.0"
172.20.0.3 - - [08/Feb/2026 09:49:19] "GET /api/orders HTTP/1.1" 200 -
198.51.100.50 - - [08/Feb/2026:09:49:22 +0000] "GET /api/search HTTP/1.1" 200 4936 "-" "curl/7.68.0"
172.20.0.3 - - [08/Feb/2026 09:49:22] "GET /api/search?q=test HTTP/1.1" 200 -
192.168.1.100 - - [08/Feb/2026:09:49:22 +0000] "GET /api/orders HTTP/1.1" 200 5453 "-" "Scanner/1.0"
172.20.0.3 - - [08/Feb/2026 09:49:22] "GET /api/orders HTTP/1.1" 200 -
198.51.100.50 - - [08/Feb/2026:09:49:24 +0000] "GET /logout HTTP/1.1" 200 277 "-" "Scanner/1.0"
172.20.0.3 - - [08/Feb/2026 09:49:24] "GET /logout HTTP/1.1" 200 -
198.51.100.50 - - [08/Feb/2026:09:49:25 +0000] "GET /api/products HTTP/1.1" 200 5662 "-" "python-requests/2.28.0"
172.20.0.3 - - [08/Feb/2026 09:49:25] "GET /api/products HTTP/1.1" 200 -
10.0.0.50 - - [08/Feb/2026:09:49:25 +0000] "GET /checkout HTTP/1.1" 200 3586 "-" "BadBot/1.0"
172.20.0.3 - - [08/Feb/2026 09:49:25] "GET /checkout HTTP/1.1" 200 -
192.168.1.102 - - [08/Feb/2026:09:49:28 +0000] "GET /login HTTP/1.1" 401 498 "-" "Googlebot/2.1"
172.20.0.3 - - [08/Feb/2026 09:49:28] "[31m[1mGET /login HTTP/1.1[0m" 401 -
192.168.1.102 - - [08/Feb/2026:09:49:30 +0000] "GET /checkout HTTP/1.1" 200 3604 "-" "Mozilla/5.0 (Windows NT 10.0; Win64; x64) AppleWebKit/537.36"
172.20.0.3 - - [08/Feb/2026 09:49:30] "GET /checkout HTTP/1.1" 200 -
192.168.1.102 - - [08/Feb/2026:09:49:32 +0000] "GET /logout HTTP/1.1" 200 325 "-" "BadBot/1.0"
172.20.0.3 - - [08/Feb/2026 09:49:32] "GET /logout HTTP/1.1" 200 -
192.168.1.102 - - [08/Feb/2026:09:49:33 +0000] "POST /login HTTP/1.1" 200 1389 "-" "curl/7.68.0"
172.20.0.3 - - [08/Feb/2026 09:49:33] "POST /login HTTP/1.1" 200 -
192.168.1.102 - - [08/Feb/2026:09:49:35 +0000] "GET /api/users HTTP/1.1" 200 4552 "-" "python-requests/2.28.0"
172.20.0.3 - - [08/Feb/2026 09:49:35] "GET /api/users HTTP/1.1" 200 -
192.168.1.102 - - [08/Feb/2026:09:49:37 +0000] "GET / HTTP/1.1" 200 1431 "-" "Googlebot/2.1"
172.20.0.3 - - [08/Feb/2026 09:49:37] "GET / HTTP/1.1" 200 -
198.51.100.50 - - [08/Feb/2026:09:49:40 +0000] "GET /api/products HTTP/1.1" 200 9065 "-" "Googlebot/2.1"
172.20.0.3 - - [08/Feb/2026 09:49:40] "GET /api/products HTTP/1.1" 200 -
198.51.100.50 - - [08/Feb/2026:09:49:40 +0000] "GET /static/image.jpg HTTP/1.1" 404 576 "-" "Mozilla/5.0 (Macintosh; Intel Mac OS X 10_15_7) AppleWebKit/537.36"
172.20.0.3 - - [08/Feb/2026 09:49:40] "[33mGET /static/image.jpg HTTP/1.1[0m" 404 -
10.0.0.51 - - [08/Feb/2026:09:49:40 +0000] "GET /static/image.jpg HTTP/1.1" 404 462 "-" "curl/7.68.0"
172.20.0.3 - - [08/Feb/2026 09:49:40] "[33mGET /static/image.jpg HTTP/1.1[0m" 404 -
192.168.1.100 - - [08/Feb/2026:09:49:41 +0000] "GET /api/orders HTTP/1.1" 200 2333 "-" "Scanner/1.0"
172.20.0.3 - - [08/Feb/2026 09:49:41] "GET /api/orders HTTP/1.1" 200 -
192.168.1.102 - - [08/Feb/2026:09:49:43 +0000] "GET /api/products HTTP/1.1" 200 2182 "-" "BadBot/1.0"
172.20.0.3 - - [08/Feb/2026 09:49:43] "GET /api/products HTTP/1.1" 200 -
10.0.0.50 - - [08/Feb/2026:09:49:45 +0000] "GET /admin HTTP/1.1" 403 557 "-" "Mozilla/5.0 (Macintosh; Intel Mac OS X 10_15_7) AppleWebKit/537.36"
172.20.0.3 - - [08/Feb/2026 09:49:45] "[31m[1mGET /admin HTTP/1.1[0m" 403 -
198.51.100.50 - - [08/Feb/2026:09:49:46 +0000] "GET /api/products HTTP/1.1" 200 9167 "-" "curl/7.68.0"
172.20.0.3 - - [08/Feb/2026 09:49:46] "GET /api/products HTTP/1.1" 200 -
192.168.1.101 - - [08/Feb/2026:09:49:47 +0000] "GET /api/users HTTP/1.1" 200 4312 "-" "Mozilla/5.0 (Macintosh; Intel Mac OS X 10_15_7) AppleWebKit/537.36"
172.20.0.3 - - [08/Feb/2026 09:49:47] "GET /api/users HTTP/1.1" 200 -
172.16.0.11 - - [08/Feb/2026:09:49:49 +0000] "GET / HTTP/1.1" 200 1967 "-" "Scanner/1.0"
172.20.0.3 - - [08/Feb/2026 09:49:49] "GET / HTTP/1.1" 200 -
192.168.1.100 - - [08/Feb/2026:09:49:50 +0000] "GET /api/users HTTP/1.1" 200 1084 "-" "Scanner/1.0"
172.20.0.3 - - [08/Feb/2026 09:49:50] "GET /api/users HTTP/1.1" 200 -
192.168.1.100 - - [08/Feb/2026:09:49:51 +0000] "GET /logout HTTP/1.1" 200 489 "-" "Mozilla/5.0 (Windows NT 10.0; Win64; x64) AppleWebKit/537.36"
172.20.0.3 - - [08/Feb/2026 09:49:51] "GET /logout HTTP/1.1" 200 -
198.51.100.50 - - [08/Feb/2026:09:49:54 +0000] "GET /api/users HTTP/1.1" 200 2217 "-" "Scanner/1.0"
172.20.0.3 - - [08/Feb/2026 09:49:54] "GET /api/users HTTP/1.1" 200 -
10.0.0.51 - - [08/Feb/2026:09:49:54 +0000] "GET /api/products HTTP/1.1" 200 9828 "-" "python-requests/2.28.0"
172.20.0.3 - - [08/Feb/2026 09:49:54] "GET /api/products HTTP/1.1" 200 -
198.51.100.50 - - [08/Feb/2026:09:49:55 +0000] "GET /admin HTTP/1.1" 200 1482 "-" "Mozilla/5.0 (Windows NT 10.0; Win64; x64) AppleWebKit/537.36"
172.20.0.3 - - [08/Feb/2026 09:49:55] "GET /admin HTTP/1.1" 200 -
10.0.0.50 - - [08/Feb/2026:09:49:56 +0000] "GET /login HTTP/1.1" 401 437 "-" "Mozilla/5.0 (Windows NT 10.0; Win64; x64) AppleWebKit/537.36"
172.20.0.3 - - [08/Feb/2026 09:49:56] "[31m[1mGET /login HTTP/1.1[0m" 401 -
10.0.0.51 - - [08/Feb/2026:09:49:57 +0000] "GET / HTTP/1.1" 200 1818 "-" "BadBot/1.0"
172.20.0.3 - - [08/Feb/2026 09:49:57] "GET / HTTP/1.1" 200 -
203.0.113.42 - - [08/Feb/2026:09:49:59 +0000] "GET /api/users HTTP/1.1" 200 3529 "-" "Mozilla/5.0 (Macintosh; Intel Mac OS X 10_15_7) AppleWebKit/537.36"
172.20.0.3 - - [08/Feb/2026 09:49:59] "GET /api/users HTTP/1.1" 200 -
198.51.100.50 - - [08/Feb/2026:09:50:00 +0000] "GET /api/orders HTTP/1.1" 200 6246 "-" "Scanner/1.0"
172.20.0.3 - - [08/Feb/2026 09:50:00] "GET /api/orders HTTP/1.1" 200 -
203.0.113.42 - - [08/Feb/2026:09:50:00 +0000] "GET /login HTTP/1.1" 401 605 "-" "Googlebot/2.1"
172.20.0.3 - - [08/Feb/2026 09:50:00] "[31m[1mGET /login HTTP/1.1[0m" 401 -
203.0.113.42 - - [08/Feb/2026:09:50:00 +0000] "GET / HTTP/1.1" 200 1905 "-" "python-requests/2.28.0"
172.20.0.3 - - [08/Feb/2026 09:50:00] "GET / HTTP/1.1" 200 -
192.168.1.101 - - [08/Feb/2026:09:50:00 +0000] "GET /api/products HTTP/1.1" 200 2985 "-" "Scanner/1.0"
172.20.0.3 - - [08/Feb/2026 09:50:00] "GET /api/products HTTP/1.1" 200 -
198.51.100.50 - - [08/Feb/2026:09:50:03 +0000] "GET /static/image.jpg HTTP/1.1" 404 449 "-" "Mozilla/5.0 (Windows NT 10.0; Win64; x64) AppleWebKit/537.36"
172.20.0.3 - - [08/Feb/2026 09:50:03] "[33mGET /static/image.jpg HTTP/1.1[0m" 404 -
203.0.113.42 - - [08/Feb/2026:09:50:03 +0000] "GET /api/users HTTP/1.1" 200 1524 "-" "curl/7.68.0"
172.20.0.3 - - [08/Feb/2026 09:50:03] "GET /api/users HTTP/1.1" 200 -
10.0.0.50 - - [08/Feb/2026:09:50:04 +0000] "GET /api/search HTTP/1.1" 200 2923 "-" "Googlebot/2.1"
172.20.0.3 - - [08/Feb/2026 09:50:04] "GET /api/search?q=test HTTP/1.1" 200 -
203.0.113.42 - - [08/Feb/2026:09:50:05 +0000] "GET /api/products HTTP/1.1" 200 6449 "-" "curl/7.68.0"
172.20.0.3 - - [08/Feb/2026 09:50:05] "GET /api/products HTTP/1.1" 200 -
192.168.1.101 - - [08/Feb/2026:09:50:05 +0000] "GET /api/orders HTTP/1.1" 200 3733 "-" "python-requests/2.28.0"
172.20.0.3 - - [08/Feb/2026 09:50:05] "GET /api/orders HTTP/1.1" 200 -
203.0.113.42 - - [08/Feb/2026:09:50:07 +0000] "GET / HTTP/1.1" 200 1219 "-" "Scanner/1.0"
172.20.0.3 - - [08/Feb/2026 09:50:07] "GET / HTTP/1.1" 200 -
172.16.0.11 - - [08/Feb/2026:09:50:07 +0000] "GET /api/users HTTP/1.1" 200 3069 "-" "python-requests/2.28.0"
172.20.0.3 - - [08/Feb/2026 09:50:07] "GET /api/users HTTP/1.1" 200 -
10.0.0.51 - - [08/Feb/2026:09:50:08 +0000] "GET /static/image.jpg HTTP/1.1" 404 385 "-" "Googlebot/2.1"
172.20.0.3 - - [08/Feb/2026 09:50:08] "[33mGET /static/image.jpg HTTP/1.1[0m" 404 -
10.0.0.50 - - [08/Feb/2026:09:50:09 +0000] "GET /api/products HTTP/1.1" 200 3087 "-" "Mozilla/5.0 (Windows NT 10.0; Win64; x64) AppleWebKit/537.36"
172.20.0.3 - - [08/Feb/2026 09:50:09] "GET /api/products HTTP/1.1" 200 -
203.0.113.42 - - [08/Feb/2026:09:50:11 +0000] "GET /checkout HTTP/1.1" 500 950 "-" "Googlebot/2.1"
172.20.0.3 - - [08/Feb/2026 09:50:11] "[35m[1mGET /checkout HTTP/1.1[0m" 500 -
192.168.1.100 - - [08/Feb/2026:09:50:11 +0000] "GET /admin HTTP/1.1" 200 2738 "-" "Scanner/1.0"
172.20.0.3 - - [08/Feb/2026 09:50:11] "GET /admin HTTP/1.1" 200 -
192.168.1.101 - - [08/Feb/2026:09:50:12 +0000] "GET /api/users HTTP/1.1" 200 3335 "-" "Googlebot/2.1"
172.20.0.3 - - [08/Feb/2026 09:50:12] "GET /api/users HTTP/1.1" 200 -
172.16.0.11 - - [08/Feb/2026:09:50:14 +0000] "GET /api/users HTTP/1.1" 200 3237 "-" "python-requests/2.28.0"
172.20.0.3 - - [08/Feb/2026 09:50:14] "GET /api/users HTTP/1.1" 200 -
192.168.1.102 - - [08/Feb/2026:09:50:14 +0000] "GET /api/orders HTTP/1.1" 200 4278 "-" "Scanner/1.0"
172.20.0.3 - - [08/Feb/2026 09:50:14] "GET /api/orders HTTP/1.1" 200 -
172.16.0.10 - - [08/Feb/2026:09:50:17 +0000] "GET /api/orders HTTP/1.1" 200 5201 "-" "python-requests/2.28.0"
172.20.0.3 - - [08/Feb/2026 09:50:17] "GET /api/orders HTTP/1.1" 200 -
172.16.0.11 - - [08/Feb/2026:09:50:19 +0000] "GET /api/orders HTTP/1.1" 200 7501 "-" "python-requests/2.28.0"
172.20.0.3 - - [08/Feb/2026 09:50:19] "GET /api/orders HTTP/1.1" 200 -
192.168.1.102 - - [08/Feb/2026:09:50:22 +0000] "GET /api/search HTTP/1.1" 200 3539 "-" "Mozilla/5.0 (Macintosh; Intel Mac OS X 10_15_7) AppleWebKit/537.36"
172.20.0.3 - - [08/Feb/2026 09:50:22] "GET /api/search?q=test HTTP/1.1" 200 -
192.168.1.100 - - [08/Feb/2026:09:50:23 +0000] "GET / HTTP/1.1" 200 1034 "-" "curl/7.68.0"
172.20.0.3 - - [08/Feb/2026 09:50:23] "GET / HTTP/1.1" 200 -
10.0.0.50 - - [08/Feb/2026:09:50:25 +0000] "GET /api/products HTTP/1.1" 200 2017 "-" "Mozilla/5.0 (Windows NT 10.0; Win64; x64) AppleWebKit/537.36"
172.20.0.3 - - [08/Feb/2026 09:50:25] "GET /api/products HTTP/1.1" 200 -
10.0.0.51 - - [08/Feb/2026:09:50:27 +0000] "GET /logout HTTP/1.1" 200 500 "-" "Googlebot/2.1"
172.20.0.3 - - [08/Feb/2026 09:50:27] "GET /logout HTTP/1.1" 200 -
198.51.100.50 - - [08/Feb/2026:09:50:29 +0000] "GET /logout HTTP/1.1" 200 393 "-" "Scanner/1.0"
172.20.0.3 - - [08/Feb/2026 09:50:29] "GET /logout HTTP/1.1" 200 -
10.0.0.50 - - [08/Feb/2026:09:50:29 +0000] "GET / HTTP/1.1" 200 1061 "-" "BadBot/1.0"
172.20.0.3 - - [08/Feb/2026 09:50:29] "GET / HTTP/1.1" 200 -
10.0.0.50 - - [08/Feb/2026:09:50:30 +0000] "GET /api/search HTTP/1.1" 400 316 "-" "curl/7.68.0"
172.20.0.3 - - [08/Feb/2026 09:50:30] "[31m[1mGET /api/search HTTP/1.1[0m" 400 -
198.51.100.50 - - [08/Feb/2026:09:50:31 +0000] "GET /api/products HTTP/1.1" 200 8445 "-" "python-requests/2.28.0"
172.20.0.3 - - [08/Feb/2026 09:50:31] "GET /api/products HTTP/1.1" 200 -
192.168.1.100 - - [08/Feb/2026:09:50:31 +0000] "GET / HTTP/1.1" 200 1991 "-" "curl/7.68.0"
172.20.0.3 - - [08/Feb/2026 09:50:31] "GET / HTTP/1.1" 200 -
203.0.113.42 - - [08/Feb/2026:09:50:33 +0000] "GET /api/search HTTP/1.1" 200 2321 "-" "Mozilla/5.0 (Macintosh; Intel Mac OS X 10_15_7) AppleWebKit/537.36"
172.20.0.3 - - [08/Feb/2026 09:50:33] "GET /api/search?q=test HTTP/1.1" 200 -
192.168.1.100 - - [08/Feb/2026:09:50:33 +0000] "GET /static/image.jpg HTTP/1.1" 404 384 "-" "Mozilla/5.0 (Macintosh; Intel Mac OS X 10_15_7) AppleWebKit/537.36"
172.20.0.3 - - [08/Feb/2026 09:50:33] "[33mGET /static/image.jpg HTTP/1.1[0m" 404 -
203.0.113.42 - - [08/Feb/2026:09:50:36 +0000] "GET /api/search HTTP/1.1" 400 276 "-" "python-requests/2.28.0"
172.20.0.3 - - [08/Feb/2026 09:50:36] "[31m[1mGET /api/search HTTP/1.1[0m" 400 -
192.168.1.101 - - [08/Feb/2026:09:50:36 +0000] "GET / HTTP/1.1" 200 1205 "-" "Mozilla/5.0 (Macintosh; Intel Mac OS X 10_15_7) AppleWebKit/537.36"
172.20.0.3 - - [08/Feb/2026 09:50:36] "GET / HTTP/1.1" 200 -
10.0.0.51 - - [08/Feb/2026:09:50:39 +0000] "GET / HTTP/1.1" 200 1090 "-" "Mozilla/5.0 (Macintosh; Intel Mac OS X 10_15_7) AppleWebKit/537.36"
172.20.0.3 - - [08/Feb/2026 09:50:39] "GET / HTTP/1.1" 200 -
198.51.100.50 - - [08/Feb/2026:09:50:41 +0000] "GET /api/search HTTP/1.1" 200 1805 "-" "BadBot/1.0"
172.20.0.3 - - [08/Feb/2026 09:50:41] "GET /api/search?q=test HTTP/1.1" 200 -
10.0.0.50 - - [08/Feb/2026:09:50:41 +0000] "POST /login HTTP/1.1" 200 1189 "-" "python-requests/2.28.0"
172.20.0.3 - - [08/Feb/2026 09:50:41] "POST /login HTTP/1.1" 200 -
203.0.113.42 - - [08/Feb/2026:09:50:43 +0000] "GET /admin HTTP/1.1" 200 1189 "-" "curl/7.68.0"
172.20.0.3 - - [08/Feb/2026 09:50:43] "GET /admin HTTP/1.1" 200 -
172.16.0.10 - - [08/Feb/2026:09:50:44 +0000] "GET /api/products HTTP/1.1" 200 9078 "-" "Scanner/1.0"
172.20.0.3 - - [08/Feb/2026 09:50:44] "GET /api/products HTTP/1.1" 200 -
192.168.1.101 - - [08/Feb/2026:09:50:46 +0000] "GET /api/users HTTP/1.1" 200 2988 "-" "BadBot/1.0"
172.20.0.3 - - [08/Feb/2026 09:50:46] "GET /api/users HTTP/1.1" 200 -
192.168.1.100 - - [08/Feb/2026:09:50:47 +0000] "GET /api/orders HTTP/1.1" 200 3079 "-" "Mozilla/5.0 (Windows NT 10.0; Win64; x64) AppleWebKit/537.36"
172.20.0.3 - - [08/Feb/2026 09:50:47] "GET /api/orders HTTP/1.1" 200 -
198.51.100.50 - - [08/Feb/2026:09:50:48 +0000] "GET /api/search HTTP/1.1" 200 1772 "-" "Scanner/1.0"
172.20.0.3 - - [08/Feb/2026 09:50:48] "GET /api/search?q=test HTTP/1.1" 200 -
10.0.0.51 - - [08/Feb/2026:09:50:48 +0000] "GET /logout HTTP/1.1" 200 279 "-" "Mozilla/5.0 (Macintosh; Intel Mac OS X 10_15_7) AppleWebKit/537.36"
172.20.0.3 - - [08/Feb/2026 09:50:48] "GET /logout HTTP/1.1" 200 -
192.168.1.101 - - [08/Feb/2026:09:50:50 +0000] "GET / HTTP/1.1" 200 1375 "-" "curl/7.68.0"
172.20.0.3 - - [08/Feb/2026 09:50:50] "GET / HTTP/1.1" 200 -
172.16.0.10 - - [08/Feb/2026:09:50:52 +0000] "GET / HTTP/1.1" 200 1045 "-" "Mozilla/5.0 (Windows NT 10.0; Win64; x64) AppleWebKit/537.36"
172.20.0.3 - - [08/Feb/2026 09:50:52] "GET / HTTP/1.1" 200 -
203.0.113.42 - - [08/Feb/2026:09:50:55 +0000] "GET /logout HTTP/1.1" 200 468 "-" "Mozilla/5.0 (Macintosh; Intel Mac OS X 10_15_7) AppleWebKit/537.36"
172.20.0.3 - - [08/Feb/2026 09:50:55] "GET /logout HTTP/1.1" 200 -
192.168.1.101 - - [08/Feb/2026:09:50:56 +0000] "POST /login HTTP/1.1" 200 1061 "-" "Googlebot/2.1"
172.20.0.3 - - [08/Feb/2026 09:50:56] "POST /login HTTP/1.1" 200 -
192.168.1.100 - - [08/Feb/2026:09:50:58 +0000] "GET /logout HTTP/1.1" 200 229 "-" "Mozilla/5.0 (Windows NT 10.0; Win64; x64) AppleWebKit/537.36"
172.20.0.3 - - [08/Feb/2026 09:50:58] "GET /logout HTTP/1.1" 200 -
192.168.1.100 - - [08/Feb/2026:09:50:59 +0000] "GET /api/users HTTP/1.1" 200 3557 "-" "Scanner/1.0"
172.20.0.3 - - [08/Feb/2026 09:50:59] "GET /api/users HTTP/1.1" 200 -
203.0.113.42 - - [08/Feb/2026:09:51:01 +0000] "GET /api/orders HTTP/1.1" 200 1529 "-" "curl/7.68.0"
172.20.0.3 - - [08/Feb/2026 09:51:01] "GET /api/orders HTTP/1.1" 200 -
10.0.0.50 - - [08/Feb/2026:09:51:01 +0000] "GET /api/users HTTP/1.1" 200 4911 "-" "python-requests/2.28.0"
172.20.0.3 - - [08/Feb/2026 09:51:01] "GET /api/users HTTP/1.1" 200 -
10.0.0.51 - - [08/Feb/2026:09:51:04 +0000] "GET /admin HTTP/1.1" 200 1915 "-" "BadBot/1.0"
172.20.0.3 - - [08/Feb/2026 09:51:04] "GET /admin HTTP/1.1" 200 -
10.0.0.50 - - [08/Feb/2026:09:51:05 +0000] "GET /api/users HTTP/1.1" 200 3043 "-" "Mozilla/5.0 (Macintosh; Intel Mac OS X 10_15_7) AppleWebKit/537.36"
172.20.0.3 - - [08/Feb/2026 09:51:05] "GET /api/users HTTP/1.1" 200 -
172.16.0.10 - - [08/Feb/2026:09:51:07 +0000] "POST /login HTTP/1.1" 200 776 "-" "BadBot/1.0"
172.20.0.3 - - [08/Feb/2026 09:51:07] "POST /login HTTP/1.1" 200 -
203.0.113.42 - - [08/Feb/2026:09:51:09 +0000] "GET /checkout HTTP/1.1" 200 6181 "-" "Scanner/1.0"
172.20.0.3 - - [08/Feb/2026 09:51:09] "GET /checkout HTTP/1.1" 200 -
172.16.0.11 - - [08/Feb/2026:09:51:09 +0000] "GET / HTTP/1.1" 200 510 "-" "python-requests/2.28.0"
172.20.0.3 - - [08/Feb/2026 09:51:09] "GET / HTTP/1.1" 200 -
192.168.1.101 - - [08/Feb/2026:09:51:11 +0000] "GET /api/orders HTTP/1.1" 200 7729 "-" "BadBot/1.0"
172.20.0.3 - - [08/Feb/2026 09:51:11] "GET /api/orders HTTP/1.1" 200 -
10.0.0.50 - - [08/Feb/2026:09:51:12 +0000] "GET /static/image.jpg HTTP/1.1" 404 365 "-" "python-requests/2.28.0"
172.20.0.3 - - [08/Feb/2026 09:51:12] "[33mGET /static/image.jpg HTTP/1.1[0m" 404 -
192.168.1.101 - - [08/Feb/2026:09:51:14 +0000] "GET /api/search HTTP/1.1" 200 2034 "-" "Mozilla/5.0 (Macintosh; Intel Mac OS X 10_15_7) AppleWebKit/537.36"
172.20.0.3 - - [08/Feb/2026 09:51:14] "GET /api/search?q=test HTTP/1.1" 200 -
10.0.0.51 - - [08/Feb/2026:09:51:15 +0000] "POST /login HTTP/1.1" 401 695 "-" "curl/7.68.0"
172.20.0.3 - - [08/Feb/2026 09:51:15] "[31m[1mPOST /login HTTP/1.1[0m" 401 -
192.168.1.102 - - [08/Feb/2026:09:51:16 +0000] "GET /api/users HTTP/1.1" 200 3868 "-" "Mozilla/5.0 (Windows NT 10.0; Win64; x64) AppleWebKit/537.36"
172.20.0.3 - - [08/Feb/2026 09:51:16] "GET /api/users HTTP/1.1" 200 -
10.0.0.50 - - [08/Feb/2026:09:51:18 +0000] "GET /logout HTTP/1.1" 200 301 "-" "Googlebot/2.1"
172.20.0.3 - - [08/Feb/2026 09:51:18] "GET /logout HTTP/1.1" 200 -
198.51.100.50 - - [08/Feb/2026:09:51:20 +0000] "GET /api/orders HTTP/1.1" 200 7368 "-" "BadBot/1.0"
172.20.0.3 - - [08/Feb/2026 09:51:20] "GET /api/orders HTTP/1.1" 200 -
198.51.100.50 - - [08/Feb/2026:09:51:20 +0000] "GET /logout HTTP/1.1" 200 384 "-" "Scanner/1.0"
172.20.0.3 - - [08/Feb/2026 09:51:20] "GET /logout HTTP/1.1" 200 -
172.16.0.10 - - [08/Feb/2026:09:51:21 +0000] "GET /api/search HTTP/1.1" 200 1679 "-" "Scanner/1.0"
172.20.0.3 - - [08/Feb/2026 09:51:21] "GET /api/search?q=test HTTP/1.1" 200 -
10.0.0.50 - - [08/Feb/2026:09:51:23 +0000] "GET /api/orders HTTP/1.1" 200 2821 "-" "Scanner/1.0"
172.20.0.3 - - [08/Feb/2026 09:51:23] "GET /api/orders HTTP/1.1" 200 -
198.51.100.50 - - [08/Feb/2026:09:51:26 +0000] "GET /api/orders HTTP/1.1" 200 5807 "-" "python-requests/2.28.0"
172.20.0.3 - - [08/Feb/2026 09:51:26] "GET /api/orders HTTP/1.1" 200 -
172.16.0.10 - - [08/Feb/2026:09:51:26 +0000] "GET / HTTP/1.1" 200 705 "-" "curl/7.68.0"
172.20.0.3 - - [08/Feb/2026 09:51:26] "GET / HTTP/1.1" 200 -
192.168.1.102 - - [08/Feb/2026:09:51:28 +0000] "GET /static/image.jpg HTTP/1.1" 404 307 "-" "Googlebot/2.1"
172.20.0.3 - - [08/Feb/2026 09:51:28] "[33mGET /static/image.jpg HTTP/1.1[0m" 404 -
203.0.113.42 - - [08/Feb/2026:09:51:30 +0000] "GET /nonexistent HTTP/1.1" 404 340 "-" "Mozilla/5.0 (Macintosh; Intel Mac OS X 10_15_7) AppleWebKit/537.36"
172.20.0.3 - - [08/Feb/2026 09:51:30] "[33mGET /nonexistent HTTP/1.1[0m" 404 -
203.0.113.42 - - [08/Feb/2026:09:51:30 +0000] "GET /api/search HTTP/1.1" 200 3001 "-" "Mozilla/5.0 (Windows NT 10.0; Win64; x64) AppleWebKit/537.36"
172.20.0.3 - - [08/Feb/2026 09:51:30] "GET /api/search?q=test HTTP/1.1" 200 -
198.51.100.50 - - [08/Feb/2026:09:51:30 +0000] "GET /logout HTTP/1.1" 200 389 "-" "Mozilla/5.0 (Macintosh; Intel Mac OS X 10_15_7) AppleWebKit/537.36"
172.20.0.3 - - [08/Feb/2026 09:51:30] "GET /logout HTTP/1.1" 200 -
192.168.1.101 - - [08/Feb/2026:09:51:31 +0000] "POST /login HTTP/1.1" 401 531 "-" "BadBot/1.0"
172.20.0.3 - - [08/Feb/2026 09:51:31] "[31m[1mPOST /login HTTP/1.1[0m" 401 -
198.51.100.50 - - [08/Feb/2026:09:51:33 +0000] "GET /admin HTTP/1.1" 200 2307 "-" "python-requests/2.28.0"
172.20.0.3 - - [08/Feb/2026 09:51:33] "GET /admin HTTP/1.1" 200 -
203.0.113.42 - - [08/Feb/2026:09:51:34 +0000] "GET /logout HTTP/1.1" 200 416 "-" "Mozilla/5.0 (Macintosh; Intel Mac OS X 10_15_7) AppleWebKit/537.36"
172.20.0.3 - - [08/Feb/2026 09:51:34] "GET /logout HTTP/1.1" 200 -
10.0.0.50 - - [08/Feb/2026:09:51:34 +0000] "GET / HTTP/1.1" 200 1782 "-" "BadBot/1.0"
172.20.0.3 - - [08/Feb/2026 09:51:34] "GET / HTTP/1.1" 200 -
10.0.0.50 - - [08/Feb/2026:09:51:37 +0000] "GET /api/search HTTP/1.1" 200 2641 "-" "BadBot/1.0"
172.20.0.3 - - [08/Feb/2026 09:51:37] "GET /api/search?q=test HTTP/1.1" 200 -
198.51.100.50 - - [08/Feb/2026:09:51:40 +0000] "GET /login HTTP/1.1" 401 439 "-" "BadBot/1.0"
172.20.0.3 - - [08/Feb/2026 09:51:40] "[31m[1mGET /login HTTP/1.1[0m" 401 -
172.16.0.11 - - [08/Feb/2026:09:51:40 +0000] "POST /checkout HTTP/1.1" 200 7670 "-" "python-requests/2.28.0"
172.20.0.3 - - [08/Feb/2026 09:51:40] "POST /checkout HTTP/1.1" 200 -
192.168.1.100 - - [08/Feb/2026:09:51:42 +0000] "POST /login HTTP/1.1" 200 937 "-" "python-requests/2.28.0"
172.20.0.3 - - [08/Feb/2026 09:51:42] "POST /login HTTP/1.1" 200 -
192.168.1.101 - - [08/Feb/2026:09:51:44 +0000] "GET /api/products HTTP/1.1" 200 2571 "-" "Scanner/1.0"
172.20.0.3 - - [08/Feb/2026 09:51:44] "GET /api/products HTTP/1.1" 200 -
203.0.113.42 - - [08/Feb/2026:09:51:46 +0000] "GET / HTTP/1.1" 200 731 "-" "python-requests/2.28.0"
172.20.0.3 - - [08/Feb/2026 09:51:46] "GET / HTTP/1.1" 200 -
172.16.0.11 - - [08/Feb/2026:09:51:46 +0000] "GET / HTTP/1.1" 200 1107 "-" "python-requests/2.28.0"
172.20.0.3 - - [08/Feb/2026 09:51:46] "GET / HTTP/1.1" 200 -
172.16.0.11 - - [08/Feb/2026:09:51:48 +0000] "GET / HTTP/1.1" 200 1286 "-" "Mozilla/5.0 (Windows NT 10.0; Win64; x64) AppleWebKit/537.36"
172.20.0.3 - - [08/Feb/2026 09:51:48] "GET / HTTP/1.1" 200 -
198.51.100.50 - - [08/Feb/2026:09:51:49 +0000] "GET /checkout HTTP/1.1" 200 7869 "-" "Googlebot/2.1"
172.20.0.3 - - [08/Feb/2026 09:51:49] "GET /checkout HTTP/1.1" 200 -
192.168.1.102 - - [08/Feb/2026:09:51:49 +0000] "GET /logout HTTP/1.1" 200 282 "-" "Scanner/1.0"
172.20.0.3 - - [08/Feb/2026 09:51:49] "GET /logout HTTP/1.1" 200 -
192.168.1.102 - - [08/Feb/2026:09:51:52 +0000] "GET / HTTP/1.1" 200 1432 "-" "Mozilla/5.0 (Windows NT 10.0; Win64; x64) AppleWebKit/537.36"
172.20.0.3 - - [08/Feb/2026 09:51:52] "GET / HTTP/1.1" 200 -
192.168.1.100 - - [08/Feb/2026:09:51:54 +0000] "GET /nonexistent HTTP/1.1" 404 386 "-" "curl/7.68.0"
172.20.0.3 - - [08/Feb/2026 09:51:54] "[33mGET /nonexistent HTTP/1.1[0m" 404 -
10.0.0.50 - - [08/Feb/2026:09:51:56 +0000] "GET /api/orders HTTP/1.1" 200 2946 "-" "Googlebot/2.1"
172.20.0.3 - - [08/Feb/2026 09:51:56] "GET /api/orders HTTP/1.1" 200 -
10.0.0.51 - - [08/Feb/2026:09:51:59 +0000] "GET /api/users HTTP/1.1" 200 2188 "-" "Googlebot/2.1"
172.20.0.3 - - [08/Feb/2026 09:51:59] "GET /api/users HTTP/1.1" 200 -
203.0.113.42 - - [08/Feb/2026:09:52:01 +0000] "GET /api/products HTTP/1.1" 200 5132 "-" "python-requests/2.28.0"
172.20.0.3 - - [08/Feb/2026 09:52:01] "GET /api/products HTTP/1.1" 200 -
10.0.0.50 - - [08/Feb/2026:09:52:02 +0000] "GET /login HTTP/1.1" 200 943 "-" "BadBot/1.0"
172.20.0.3 - - [08/Feb/2026 09:52:02] "GET /login HTTP/1.1" 200 -
192.168.1.100 - - [08/Feb/2026:09:52:03 +0000] "GET / HTTP/1.1" 200 523 "-" "BadBot/1.0"
172.20.0.3 - - [08/Feb/2026 09:52:03] "GET / HTTP/1.1" 200 -
192.168.1.102 - - [08/Feb/2026:09:52:06 +0000] "GET / HTTP/1.1" 200 1085 "-" "Mozilla/5.0 (Windows NT 10.0; Win64; x64) AppleWebKit/537.36"
